Component: ARM Compiler 5.05 update 2 (build 169) Tool: armlink [4d0f33]

==============================================================================

Section Cross References

    barrier.o(i.LEDfunc) refers to barrier.o(i.delay) for delay
    barrier.o(i.main) refers to rt_cmsis.o(i.osKernelInitialize) for osKernelInitialize
    barrier.o(i.main) refers to h1_alloc_mt.o(.text) for malloc
    barrier.o(i.main) refers to rt_cmsis.o(i.osSemaphoreCreate) for osSemaphoreCreate
    barrier.o(i.main) refers to rt_cmsis.o(i.osThreadCreate) for osThreadCreate
    barrier.o(i.main) refers to rt_cmsis.o(i.osSignalClear) for osSignalClear
    barrier.o(i.main) refers to rt_cmsis.o(i.osKernelStart) for osKernelStart
    barrier.o(i.main) refers to rt_cmsis.o(i.osSignalSet) for osSignalSet
    barrier.o(i.main) refers to barrier.o(.data) for thread_count
    barrier.o(i.main) refers to barrier.o(.constdata) for os_semaphore_def_mutex
    barrier.o(i.thread) refers to rt_cmsis.o(i.osSignalWait) for osSignalWait
    barrier.o(i.thread) refers to barrier.o(i.LEDfunc) for LEDfunc
    barrier.o(i.thread) refers to rt_cmsis.o(i.osSignalSet) for osSignalSet
    barrier.o(i.thread) refers to barrier.o(i.LEDfuncON) for LEDfuncON
    barrier.o(i.thread) refers to rt_cmsis.o(i.osSemaphoreWait) for osSemaphoreWait
    barrier.o(i.thread) refers to barrier.o(i.delay) for delay
    barrier.o(i.thread) refers to rt_cmsis.o(i.osSemaphoreRelease) for osSemaphoreRelease
    barrier.o(i.thread) refers to barrier.o(.data) for on_diods
    barrier.o(.constdata) refers to barrier.o(.data) for os_semaphore_cb_mutex
    barrier.o(.constdata) refers to barrier.o(i.thread) for thread
    rtx_conf_cm.o(.emb_text) refers to rt_cmsis.o(i.osKernelInitialize) for osKernelInitialize
    rtx_conf_cm.o(.emb_text) refers to rt_cmsis.o(i.osThreadCreate) for osThreadCreate
    rtx_conf_cm.o(.emb_text) refers to rt_cmsis.o(i.osKernelStart) for osKernelStart
    rtx_conf_cm.o(.emb_text) refers to exit.o(.text) for exit
    rtx_conf_cm.o(.emb_text) refers to rtx_conf_cm.o(.constdata) for os_thread_def_main
    rtx_conf_cm.o(i.__user_perthread_libspace) refers to rt_task.o(i.rt_tsk_self) for rt_tsk_self
    rtx_conf_cm.o(i.__user_perthread_libspace) refers to rt_cmsis.o(.data) for os_running
    rtx_conf_cm.o(i.__user_perthread_libspace) refers to rtx_conf_cm.o(.bss) for .bss
    rtx_conf_cm.o(i.__user_perthread_libspace) refers to libspace.o(.bss) for __libspace_start
    rtx_conf_cm.o(i._mutex_acquire) refers to rt_cmsis.o(.data) for os_running
    rtx_conf_cm.o(i._mutex_acquire) refers to rt_mutex.o(i.rt_mut_wait) for rt_mut_wait
    rtx_conf_cm.o(i._mutex_initialize) refers to rt_mutex.o(i.rt_mut_init) for rt_mut_init
    rtx_conf_cm.o(i._mutex_initialize) refers to rtx_conf_cm.o(.data) for .data
    rtx_conf_cm.o(i._mutex_initialize) refers to rtx_conf_cm.o(.bss) for .bss
    rtx_conf_cm.o(i._mutex_release) refers to rt_cmsis.o(.data) for os_running
    rtx_conf_cm.o(i._mutex_release) refers to rt_mutex.o(i.rt_mut_release) for rt_mut_release
    rtx_conf_cm.o(.constdata) refers to rt_cmsis.o(i.osTimerThread) for osTimerThread
    rtx_conf_cm.o(.constdata) refers to rtx_conf_cm.o(.bss) for os_messageQ_q_osTimerMessageQ
    rtx_conf_cm.o(.constdata) refers to barrier.o(i.main) for main
    stm32f2xx_hal.o(i.HAL_DeInit) refers to stm32f2xx_hal.o(i.HAL_MspDeInit) for HAL_MspDeInit
    stm32f2xx_hal.o(i.HAL_Delay) refers to stm32f2xx_hal.o(i.HAL_GetTick) for HAL_GetTick
    stm32f2xx_hal.o(i.HAL_GetTick) refers to stm32f2xx_hal.o(.data) for uwTick
    stm32f2xx_hal.o(i.HAL_IncTick) refers to stm32f2xx_hal.o(.data) for uwTick
    stm32f2xx_hal.o(i.HAL_Init) refers to stm32f2xx_hal_cortex.o(i.HAL_NVIC_SetPriorityGrouping) for HAL_NVIC_SetPriorityGrouping
    stm32f2xx_hal.o(i.HAL_Init) refers to stm32f2xx_hal.o(i.HAL_InitTick) for HAL_InitTick
    stm32f2xx_hal.o(i.HAL_Init) refers to stm32f2xx_hal.o(i.HAL_MspInit) for HAL_MspInit
    stm32f2xx_hal.o(i.HAL_InitTick) refers to stm32f2xx_hal_cortex.o(i.HAL_SYSTICK_Config) for HAL_SYSTICK_Config
    stm32f2xx_hal.o(i.HAL_InitTick) refers to stm32f2xx_hal_cortex.o(i.HAL_NVIC_SetPriority) for HAL_NVIC_SetPriority
    stm32f2xx_hal.o(i.HAL_InitTick) refers to system_stm32f2xx.o(.data) for SystemCoreClock
    stm32f2xx_hal_cortex.o(i.HAL_NVIC_GetPriorityGrouping) refers to stm32f2xx_hal_cortex.o(i.__NVIC_GetPriorityGrouping) for __NVIC_GetPriorityGrouping
    stm32f2xx_hal_cortex.o(i.HAL_NVIC_SetPriority) refers to stm32f2xx_hal_cortex.o(i.__NVIC_GetPriorityGrouping) for __NVIC_GetPriorityGrouping
    stm32f2xx_hal_cortex.o(i.HAL_NVIC_SetPriority) refers to stm32f2xx_hal_cortex.o(i.__NVIC_SetPriority) for __NVIC_SetPriority
    stm32f2xx_hal_cortex.o(i.HAL_SYSTICK_Config) refers to stm32f2xx_hal_cortex.o(i.__NVIC_SetPriority) for __NVIC_SetPriority
    stm32f2xx_hal_cortex.o(i.HAL_SYSTICK_IRQHandler) refers to stm32f2xx_hal_cortex.o(i.HAL_SYSTICK_Callback) for HAL_SYSTICK_Callback
[...]
    ../clib/heapalloc.c                      0x00000000   Number         0  heapstubs.o ABSOLUTE
    ../clib/heapalloc.c                      0x00000000   Number         0  free.o ABSOLUTE
    ../clib/heapalloc.c                      0x00000000   Number         0  init_alloc.o ABSOLUTE
    ../clib/heapalloc.c                      0x00000000   Number         0  hguard.o ABSOLUTE
    ../clib/heapalloc.c                      0x00000000   Number         0  malloc.o ABSOLUTE
    ../clib/heapalloc.c                      0x00000000   Number         0  term_alloc.o ABSOLUTE
    ../clib/heapalloc.c                      0x00000000   Number         0  maybetermalloc2.o ABSOLUTE
    ../clib/heapalloc.c                      0x00000000   Number         0  maybetermalloc2.o ABSOLUTE
    ../clib/heapalloc.c                      0x00000000   Number         0  maybetermalloc1.o ABSOLUTE
    ../clib/heapaux.c                        0x00000000   Number         0  heapauxa.o ABSOLUTE
    ../clib/heapaux.c                        0x00000000   Number         0  heapauxi.o ABSOLUTE
    ../clib/libinit.s                        0x00000000   Number         0  libinit.o ABSOLUTE
    ../clib/libinit.s                        0x00000000   Number         0  libshutdown.o ABSOLUTE
    ../clib/libinit.s                        0x00000000   Number         0  libshutdown2.o ABSOLUTE
    ../clib/libinit.s                        0x00000000   Number         0  libinit2.o ABSOLUTE
    ../clib/longlong.s                       0x00000000   Number         0  lludivv7m.o ABSOLUTE
    ../clib/memcpset.s                       0x00000000   Number         0  rt_memcpy_w.o ABSOLUTE
    ../clib/signal.c                         0x00000000   Number         0  defsig_exit.o ABSOLUTE
    ../clib/signal.c                         0x00000000   Number         0  defsig_fpe_formal.o ABSOLUTE
    ../clib/signal.c                         0x00000000   Number         0  defsig_rtmem_inner.o ABSOLUTE
    ../clib/signal.c                         0x00000000   Number         0  defsig_general.o ABSOLUTE
    ../clib/signal.c                         0x00000000   Number         0  defsig_fpe_outer.o ABSOLUTE
    ../clib/signal.c                         0x00000000   Number         0  defsig_rtmem_outer.o ABSOLUTE
    ../clib/signal.c                         0x00000000   Number         0  defsig_rtmem_formal.o ABSOLUTE
    ../clib/signal.c                         0x00000000   Number         0  __raise.o ABSOLUTE
    ../clib/signal.c                         0x00000000   Number         0  defsig_fpe_inner.o ABSOLUTE
    ../clib/signal.c                         0x00000000   Number         0  defsig_abrt_inner.o ABSOLUTE
    ../clib/signal.c                         0x00000000   Number         0  defsig_rtred_inner.o ABSOLUTE
    ../clib/signal.c                         0x00000000   Number         0  defsig_segv_inner.o ABSOLUTE
    ../clib/signal.c                         0x00000000   Number         0  defsig_stak_inner.o ABSOLUTE
    ../clib/signal.c                         0x00000000   Number         0  defsig_pvfn_inner.o ABSOLUTE
    ../clib/signal.c                         0x00000000   Number         0  defsig_cppl_inner.o ABSOLUTE
    ../clib/signal.c                         0x00000000   Number         0  defsig_other.o ABSOLUTE
    ../clib/signal.s                         0x00000000   Number         0  defsig.o ABSOLUTE
    ../clib/stdlib.c                         0x00000000   Number         0  exit.o ABSOLUTE
    ../fplib/fpinit.s                        0x00000000   Number         0  fpinit.o ABSOLUTE
    ..\HAL_CM.c                              0x00000000   Number         0  hal_cm.o ABSOLUTE
    ..\\rt_CMSIS.c                           0x00000000   Number         0  rt_cmsis.o ABSOLUTE
    ..\\rt_System.c                          0x00000000   Number         0  rt_system.o ABSOLUTE
    ..\rt_CMSIS.c                            0x00000000   Number         0  rt_cmsis.o ABSOLUTE
    ..\rt_Event.c                            0x00000000   Number         0  rt_event.o ABSOLUTE
    ..\rt_List.c                             0x00000000   Number         0  rt_list.o ABSOLUTE
    ..\rt_Mailbox.c                          0x00000000   Number         0  rt_mailbox.o ABSOLUTE
    ..\rt_MemBox.c                           0x00000000   Number         0  rt_membox.o ABSOLUTE
    ..\rt_Memory.c                           0x00000000   Number         0  rt_memory.o ABSOLUTE
    ..\rt_Mutex.c                            0x00000000   Number         0  rt_mutex.o ABSOLUTE
    ..\rt_Robin.c                            0x00000000   Number         0  rt_robin.o ABSOLUTE
    ..\rt_Semaphore.c                        0x00000000   Number         0  rt_semaphore.o ABSOLUTE
    ..\rt_System.c                           0x00000000   Number         0  rt_system.o ABSOLUTE
    ..\rt_Task.c                             0x00000000   Number         0  rt_task.o ABSOLUTE
    ..\rt_Time.c                             0x00000000   Number         0  rt_time.o ABSOLUTE
    Barrier.c                                0x00000000   Number         0  barrier.o ABSOLUTE
    Barrier.c                                0x00000000   Number         0  barrier.o ABSOLUTE
    D:\Program FIles\Keil\ARM\PACK\Keil\STM32F2xx_DFP\2.9.0\Drivers\STM32F2xx_HAL_Driver\Src\stm32f2xx_hal.c 0x00000000   Number         0  stm32f2xx_hal.o ABSOLUTE
    D:\Program FIles\Keil\ARM\PACK\Keil\STM32F2xx_DFP\2.9.0\Drivers\STM32F2xx_HAL_Driver\Src\stm32f2xx_hal_cortex.c 0x00000000   Number         0  stm32f2xx_hal_cortex.o ABSOLUTE
    D:\Program FIles\Keil\ARM\PACK\Keil\STM32F2xx_DFP\2.9.0\Drivers\STM32F2xx_HAL_Driver\Src\stm32f2xx_hal_gpio.c 0x00000000   Number         0  stm32f2xx_hal_gpio.o ABSOLUTE
    D:\Program FIles\Keil\ARM\PACK\Keil\STM32F2xx_DFP\2.9.0\Drivers\STM32F2xx_HAL_Driver\Src\stm32f2xx_hal_rcc.c 0x00000000   Number         0  stm32f2xx_hal_rcc.o ABSOLUTE
    D:\Program FIles\Keil\ARM\PACK\Keil\STM32F2xx_DFP\2.9.0\Drivers\STM32F2xx_HAL_Driver\Src\stm32f2xx_hal_rcc_ex.c 0x00000000   Number         0  stm32f2xx_hal_rcc_ex.o ABSOLUTE
    D:\\Program FIles\\Keil\\ARM\\PACK\\Keil\\STM32F2xx_DFP\\2.9.0\\Drivers\\STM32F2xx_HAL_Driver\\Src\\stm32f2xx_hal.c 0x00000000   Number         0  stm32f2xx_hal.o ABSOLUTE
    D:\\Program FIles\\Keil\\ARM\\PACK\\Keil\\STM32F2xx_DFP\\2.9.0\\Drivers\\STM32F2xx_HAL_Driver\\Src\\stm32f2xx_hal_cortex.c 0x00000000   Number         0  stm32f2xx_hal_cortex.o ABSOLUTE
    D:\\Program FIles\\Keil\\ARM\\PACK\\Keil\\STM32F2xx_DFP\\2.9.0\\Drivers\\STM32F2xx_HAL_Driver\\Src\\stm32f2xx_hal_gpio.c 0x00000000   Number         0  stm32f2xx_hal_gpio.o ABSOLUTE
    D:\\Program FIles\\Keil\\ARM\\PACK\\Keil\\STM32F2xx_DFP\\2.9.0\\Drivers\\STM32F2xx_HAL_Driver\\Src\\stm32f2xx_hal_rcc.c 0x00000000   Number         0  stm32f2xx_hal_rcc.o ABSOLUTE
    D:\\Program FIles\\Keil\\ARM\\PACK\\Keil\\STM32F2xx_DFP\\2.9.0\\Drivers\\STM32F2xx_HAL_Driver\\Src\\stm32f2xx_hal_rcc_ex.c 0x00000000   Number         0  stm32f2xx_hal_rcc_ex.o ABSOLUTE
    HAL_CM3.c                                0x00000000   Number         0  hal_cm3.o ABSOLUTE
    HAL_CM3.c                                0x00000000   Number         0  hal_cm3.o ABSOLUTE
    Mutex.c                                  0x00000000   Number         0  mutex.o ABSOLUTE
    RTE\CMSIS\RTX_Conf_CM.c                  0x00000000   Number         0  rtx_conf_cm.o ABSOLUTE
    RTE\Device\STM32F207IGHx\startup_stm32f207xx.s 0x00000000   Number         0  startup_stm32f207xx.o ABSOLUTE
    RTE\Device\STM32F207IGHx\system_stm32f2xx.c 0x00000000   Number         0  system_stm32f2xx.o ABSOLUTE
    RTE\\CMSIS\\RTX_Conf_CM.c                0x00000000   Number         0  rtx_conf_cm.o ABSOLUTE
    RTE\\Device\\STM32F207IGHx\\system_stm32f2xx.c 0x00000000   Number         0  system_stm32f2xx.o ABSOLUTE
    SVC_Table.s                              0x00000000   Number         0  svc_table.o ABSOLUTE
    dc.s                                     0x00000000   Number         0  dc.o ABSOLUTE
    RESET                                    0x08000000   Section      388  startup_stm32f207xx.o(RESET)
    !!!main                                  0x08000184   Section        8  __main.o(!!!main)
    !!!scatter                               0x0800018c   Section       52  __scatter.o(!!!scatter)
    !!handler_copy                           0x080001c0   Section       26  __scatter_copy.o(!!handler_copy)
    !!handler_zi                             0x080001dc   Section       28  __scatter_zi.o(!!handler_zi)
    .ARM.Collect$$libinit$$00000000          0x080001f8   Section        2  libinit.o(.ARM.Collect$$libinit$$00000000)
    .ARM.Collect$$libinit$$00000002          0x080001fa   Section        0  libinit2.o(.ARM.Collect$$libinit$$00000002)
    .ARM.Collect$$libinit$$00000004          0x080001fa   Section        0  libinit2.o(.ARM.Collect$$libinit$$00000004)
    .ARM.Collect$$libinit$$00000005          0x080001fa   Section        8  libinit2.o(.ARM.Collect$$libinit$$00000005)
    .ARM.Collect$$libinit$$0000000A          0x08000202   Section        0  libinit2.o(.ARM.Collect$$libinit$$0000000A)
    .ARM.Collect$$libinit$$0000000C          0x08000202   Section        0  libinit2.o(.ARM.Collect$$libinit$$0000000C)
    .ARM.Collect$$libinit$$0000000E          0x08000202   Section        0  libinit2.o(.ARM.Collect$$libinit$$0000000E)
    .ARM.Collect$$libinit$$00000011          0x08000202   Section        0  libinit2.o(.ARM.Collect$$libinit$$00000011)
    .ARM.Collect$$libinit$$00000013          0x08000202   Section        0  libinit2.o(.ARM.Collect$$libinit$$00000013)
    .ARM.Collect$$libinit$$00000015          0x08000202   Section        0  libinit2.o(.ARM.Collect$$libinit$$00000015)
    .ARM.Collect$$libinit$$00000017          0x08000202   Section        0  libinit2.o(.ARM.Collect$$libinit$$00000017)
    .ARM.Collect$$libinit$$00000019          0x08000202   Section        0  libinit2.o(.ARM.Collect$$libinit$$00000019)
    .ARM.Collect$$libinit$$0000001B          0x08000202   Section        0  libinit2.o(.ARM.Collect$$libinit$$0000001B)
    .ARM.Collect$$libinit$$0000001D          0x08000202   Section        0  libinit2.o(.ARM.Collect$$libinit$$0000001D)
    .ARM.Collect$$libinit$$0000001F          0x08000202   Section        0  libinit2.o(.ARM.Collect$$libinit$$0000001F)
    .ARM.Collect$$libinit$$00000021          0x08000202   Section        0  libinit2.o(.ARM.Collect$$libinit$$00000021)
    .ARM.Collect$$libinit$$00000023          0x08000202   Section        0  libinit2.o(.ARM.Collect$$libinit$$00000023)
    .ARM.Collect$$libinit$$00000025          0x08000202   Section        0  libinit2.o(.ARM.Collect$$libinit$$00000025)
    .ARM.Collect$$libinit$$0000002C          0x08000202   Section        0  libinit2.o(.ARM.Collect$$libinit$$0000002C)
    .ARM.Collect$$libinit$$0000002E          0x08000202   Section        0  libinit2.o(.ARM.Collect$$libinit$$0000002E)
    .ARM.Collect$$libinit$$00000030          0x08000202   Section        0  libinit2.o(.ARM.Collect$$libinit$$00000030)
    .ARM.Collect$$libinit$$00000032          0x08000202   Section        0  libinit2.o(.ARM.Collect$$libinit$$00000032)
    .ARM.Collect$$libinit$$00000033          0x08000202   Section        2  libinit2.o(.ARM.Collect$$libinit$$00000033)
    .ARM.Collect$$libshutdown$$00000000      0x08000204   Section        2  libshutdown.o(.ARM.Collect$$libshutdown$$00000000)
    .ARM.Collect$$libshutdown$$00000003      0x08000206   Section        0  libshutdown2.o(.ARM.Collect$$libshutdown$$00000003)
    .ARM.Collect$$libshutdown$$00000006      0x08000206   Section        0  libshutdown2.o(.ARM.Collect$$libshutdown$$00000006)
    .ARM.Collect$$libshutdown$$00000009      0x08000206   Section        0  libshutdown2.o(.ARM.Collect$$libshutdown$$00000009)
    .ARM.Collect$$libshutdown$$0000000B      0x08000206   Section        0  libshutdown2.o(.ARM.Collect$$libshutdown$$0000000B)
    .ARM.Collect$$libshutdown$$0000000E      0x08000206   Section        0  libshutdown2.o(.ARM.Collect$$libshutdown$$0000000E)
    .ARM.Collect$$libshutdown$$0000000F      0x08000206   Section        2  libshutdown2.o(.ARM.Collect$$libshutdown$$0000000F)
    .ARM.Collect$$rtentry$$00000000          0x08000208   Section        0  __rtentry.o(.ARM.Collect$$rtentry$$00000000)
    .ARM.Collect$$rtentry$$00000002          0x08000208   Section        0  __rtentry2.o(.ARM.Collect$$rtentry$$00000002)
    .ARM.Collect$$rtentry$$00000004          0x08000208   Section        6  __rtentry4.o(.ARM.Collect$$rtentry$$00000004)
    .ARM.Collect$$rtentry$$00000009          0x0800020e   Section        0  __rtentry2.o(.ARM.Collect$$rtentry$$00000009)
    .ARM.Collect$$rtentry$$0000000A          0x0800020e   Section        4  __rtentry2.o(.ARM.Collect$$rtentry$$0000000A)
    .ARM.Collect$$rtentry$$0000000B          0x08000212   Section        8  __rtentry2.o(.ARM.Collect$$rtentry$$0000000B)
    .ARM.Collect$$rtentry$$0000000D          0x0800021a   Section        8  __rtentry2.o(.ARM.Collect$$rtentry$$0000000D)
    .ARM.Collect$$rtexit$$00000000           0x08000222   Section        2  rtexit.o(.ARM.Collect$$rtexit$$00000000)
    .ARM.Collect$$rtexit$$00000002           0x08000224   Section        0  rtexit2.o(.ARM.Collect$$rtexit$$00000002)
    .ARM.Collect$$rtexit$$00000003           0x08000224   Section        4  rtexit2.o(.ARM.Collect$$rtexit$$00000003)
    .ARM.Collect$$rtexit$$00000004           0x08000228   Section        6  rtexit2.o(.ARM.Collect$$rtexit$$00000004)
    .emb_text                                0x08000230   Section       28  rtx_conf_cm.o(.emb_text)
    .emb_text                                0x0800024c   Section      304  hal_cm3.o(.emb_text)
    .emb_text                                0x0800037c   Section        0  maybetermalloc1.o(.emb_text)
    .text                                    0x0800037c   Section       64  startup_stm32f207xx.o(.text)
    .text                                    0x080003bc   Section        8  libspace.o(.text)
    .text                                    0x080003c4   Section        0  h1_alloc_mt.o(.text)
    Heap1_SizeAdjust                         0x080003c5   Thumb Code     8  h1_alloc_mt.o(.text)
    .text                                    0x08000462   Section        0  exit.o(.text)
    .text                                    0x0800046e   Section        0  heapauxi.o(.text)
    .text                                    0x08000474   Section       10  rt_heap_descriptor_twolibspace.o(.text)
    .text                                    0x0800047e   Section        0  hguard.o(.text)
    .text                                    0x08000482   Section        0  init_alloc.o(.text)
    .text                                    0x0800050c   Section        0  h1_init_mt.o(.text)
    .text                                    0x0800051e   Section        0  h1_free_mt.o(.text)
    .text                                    0x08000594   Section        0  h1_extend_mt.o(.text)
    .text                                    0x080005d2   Section        0  defsig_rtmem_outer.o(.text)
    .text                                    0x080005e0   Section        0  sys_exit.o(.text)
    .text                                    0x080005ec   Section        2  use_no_semi.o(.text)
    .text                                    0x080005ee   Section        0  indicate_semi.o(.text)
    .text                                    0x080005ee   Section       74  sys_stackheap_outer.o(.text)
    .text                                    0x08000638   Section        0  defsig_exit.o(.text)
    .text                                    0x08000644   Section        0  defsig_rtmem_inner.o(.text)
    .text                                    0x08000694   Section        0  defsig_general.o(.text)
    .text                                    0x080006c6   Section        0  sys_wrch.o(.text)
    SVC_TABLE                                0x080006d4   Section        4  svc_table.o(SVC_TABLE)
    i.LEDfunc                                0x080006d8   Section        0  barrier.o(i.LEDfunc)
    i.LEDfuncON                              0x08000774   Section        0  barrier.o(i.LEDfuncON)
    i.SystemInit                             0x080007c4   Section        0  system_stm32f2xx.o(i.SystemInit)
    i._init_box                              0x08000818   Section        0  rt_membox.o(i._init_box)
    i._mutex_acquire                         0x08000860   Section        0  rtx_conf_cm.o(i._mutex_acquire)
    __tagsym$$used                           0x08000861   Number         0  rtx_conf_cm.o(i._mutex_acquire)
    i._mutex_initialize                      0x08000880   Section        0  rtx_conf_cm.o(i._mutex_initialize)
    i._mutex_release                         0x080008ac   Section        0  rtx_conf_cm.o(i._mutex_release)
    __tagsym$$used                           0x080008ad   Number         0  rtx_conf_cm.o(i._mutex_release)
    i.dbg_init                               0x080008c8   Section        0  hal_cm.o(i.dbg_init)
    i.dbg_task_notify                        0x080008f8   Section        0  hal_cm.o(i.dbg_task_notify)
    i.dbg_task_switch                        0x08000918   Section        0  hal_cm.o(i.dbg_task_switch)
    i.delay                                  0x08000928   Section        0  barrier.o(i.delay)
    i.isrMessageGet                          0x0800093c   Section        0  rt_cmsis.o(i.isrMessageGet)
    i.isrMessagePut                          0x08000966   Section        0  rt_cmsis.o(i.isrMessagePut)
    i.isrSemaphoreRelease                    0x08000992   Section        0  rt_cmsis.o(i.isrSemaphoreRelease)
    i.isrSignalSet                           0x080009ba   Section        0  rt_cmsis.o(i.isrSignalSet)
    i.isr_evt_set                            0x080009e0   Section        0  rt_event.o(i.isr_evt_set)
    i.isr_mbx_receive                        0x08000a08   Section        0  rt_mailbox.o(i.isr_mbx_receive)
    i.isr_mbx_send                           0x08000a5e   Section        0  rt_mailbox.o(i.isr_mbx_send)
    i.isr_sem_send                           0x08000a6c   Section        0  rt_semaphore.o(i.isr_sem_send)
    i.main                                   0x08000a7c   Section        0  barrier.o(i.main)
    i.osKernelInitialize                     0x08000be8   Section        0  rt_cmsis.o(i.osKernelInitialize)
    i.osKernelStart                          0x08000c0c   Section        0  rt_cmsis.o(i.osKernelStart)
    i.osMessageGet                           0x08000c78   Section        0  rt_cmsis.o(i.osMessageGet)
    i.osSemaphoreCreate                      0x08000c90   Section        0  rt_cmsis.o(i.osSemaphoreCreate)
    i.osSemaphoreRelease                     0x08000cbc   Section        0  rt_cmsis.o(i.osSemaphoreRelease)
    i.osSemaphoreWait                        0x08000cd4   Section        0  rt_cmsis.o(i.osSemaphoreWait)
    i.osSignalClear                          0x08000cec   Section        0  rt_cmsis.o(i.osSignalClear)
    i.osSignalSet                            0x08000d04   Section        0  rt_cmsis.o(i.osSignalSet)
    i.osSignalWait                           0x08000d1c   Section        0  rt_cmsis.o(i.osSignalWait)
    i.osThreadCreate                         0x08000d34   Section        0  rt_cmsis.o(i.osThreadCreate)
    i.osThreadExit                           0x08000d60   Section        0  rt_cmsis.o(i.osThreadExit)
    i.osTimerCall                            0x08000d78   Section        0  rt_cmsis.o(i.osTimerCall)
    i.osTimerThread                          0x08000d84   Section        0  rt_cmsis.o(i.osTimerThread)
    i.os_error                               0x08000db0   Section        0  rtx_conf_cm.o(i.os_error)
    i.os_idle_demon                          0x08000dd2   Section        0  rtx_conf_cm.o(i.os_idle_demon)
    i.os_tick_init                           0x08000dd8   Section        0  rt_system.o(i.os_tick_init)
    i.os_tick_irqack                         0x08000e00   Section        0  rt_system.o(i.os_tick_irqack)
    i.rt_alloc_box                           0x08000e02   Section        0  rt_membox.o(i.rt_alloc_box)
    i.rt_alloc_mem                           0x08000e1c   Section        0  rt_memory.o(i.rt_alloc_mem)
    i.rt_block                               0x08000e5c   Section        0  rt_task.o(i.rt_block)
    i.rt_chk_robin                           0x08000e94   Section        0  rt_robin.o(i.rt_chk_robin)
    i.rt_dec_dly                             0x08000edc   Section        0  rt_list.o(i.rt_dec_dly)
    i.rt_dispatch                            0x08000f4c   Section        0  rt_task.o(i.rt_dispatch)
    i.rt_evt_clr                             0x08000f90   Section        0  rt_event.o(i.rt_evt_clr)
    i.rt_evt_psh                             0x08000fac   Section        0  rt_event.o(i.rt_evt_psh)
    i.rt_evt_set                             0x08000ffc   Section        0  rt_event.o(i.rt_evt_set)
    i.rt_evt_wait                            0x08001058   Section        0  rt_event.o(i.rt_evt_wait)
    i.rt_free_box                            0x08001094   Section        0  rt_membox.o(i.rt_free_box)
    i.rt_free_mem                            0x080010c0   Section        0  rt_memory.o(i.rt_free_mem)
    i.rt_get_first                           0x080010e8   Section        0  rt_list.o(i.rt_get_first)
    i.rt_id2obj                              0x08001110   Section        0  rt_cmsis.o(i.rt_id2obj)
    rt_id2obj                                0x08001111   Thumb Code     8  rt_cmsis.o(i.rt_id2obj)
    i.rt_init_context                        0x08001118   Section        0  rt_task.o(i.rt_init_context)
    rt_init_context                          0x08001119   Thumb Code    66  rt_task.o(i.rt_init_context)
    i.rt_init_mem                            0x08001160   Section        0  rt_memory.o(i.rt_init_mem)
    i.rt_init_robin                          0x0800117c   Section        0  rt_robin.o(i.rt_init_robin)
    i.rt_init_stack                          0x08001194   Section        0  hal_cm.o(i.rt_init_stack)
    i.rt_mbx_check                           0x08001214   Section        0  rt_mailbox.o(i.rt_mbx_check)
    i.rt_mbx_init                            0x0800121c   Section        0  rt_mailbox.o(i.rt_mbx_init)
    i.rt_mbx_psh                             0x08001238   Section        0  rt_mailbox.o(i.rt_mbx_psh)
    i.rt_mbx_wait                            0x08001328   Section        0  rt_mailbox.o(i.rt_mbx_wait)
    i.rt_ms2tick                             0x080013dc   Section        0  rt_cmsis.o(i.rt_ms2tick)
    rt_ms2tick                               0x080013dd   Thumb Code    58  rt_cmsis.o(i.rt_ms2tick)
    i.rt_mut_init                            0x08001420   Section        0  rt_mutex.o(i.rt_mut_init)
    i.rt_mut_release                         0x08001430   Section        0  rt_mutex.o(i.rt_mut_release)
    i.rt_mut_wait                            0x08001508   Section        0  rt_mutex.o(i.rt_mut_wait)
    i.rt_pop_req                             0x08001580   Section        0  rt_system.o(i.rt_pop_req)
    i.rt_psh_req                             0x080015fc   Section        0  rt_system.o(i.rt_psh_req)
    i.rt_psq_enq                             0x0800161c   Section        0  rt_list.o(i.rt_psq_enq)
    i.rt_put_dly                             0x08001678   Section        0  rt_list.o(i.rt_put_dly)
    i.rt_put_prio                            0x080016c0   Section        0  rt_list.o(i.rt_put_prio)
    i.rt_put_rdy_first                       0x080016f8   Section        0  rt_list.o(i.rt_put_rdy_first)
    i.rt_resort_prio                         0x0800170c   Section        0  rt_list.o(i.rt_resort_prio)
    i.rt_ret_val                             0x08001740   Section        0  hal_cm.o(i.rt_ret_val)
    i.rt_ret_val2                            0x08001746   Section        0  hal_cm.o(i.rt_ret_val2)
    i.rt_rmv_dly                             0x0800174e   Section        0  rt_list.o(i.rt_rmv_dly)
    i.rt_rmv_list                            0x08001778   Section        0  rt_list.o(i.rt_rmv_list)
    i.rt_sem_init                            0x080017a8   Section        0  rt_semaphore.o(i.rt_sem_init)
    i.rt_sem_psh                             0x080017b4   Section        0  rt_semaphore.o(i.rt_sem_psh)
    i.rt_sem_send                            0x080017e8   Section        0  rt_semaphore.o(i.rt_sem_send)
    i.rt_sem_wait                            0x08001814   Section        0  rt_semaphore.o(i.rt_sem_wait)
    i.rt_stk_check                           0x08001854   Section        0  rt_system.o(i.rt_stk_check)
    i.rt_switch_req                          0x08001878   Section        0  rt_task.o(i.rt_switch_req)
    i.rt_sys_init                            0x080018a0   Section        0  rt_task.o(i.rt_sys_init)
    i.rt_sys_start                           0x0800196c   Section        0  rt_task.o(i.rt_sys_start)
    i.rt_systick                             0x080019e4   Section        0  rt_system.o(i.rt_systick)
    i.rt_tid2ptcb                            0x08001a24   Section        0  rt_cmsis.o(i.rt_tid2ptcb)
    rt_tid2ptcb                              0x08001a25   Thumb Code    18  rt_cmsis.o(i.rt_tid2ptcb)
    i.rt_timer_insert                        0x08001a38   Section        0  rt_cmsis.o(i.rt_timer_insert)
    rt_timer_insert                          0x08001a39   Thumb Code    48  rt_cmsis.o(i.rt_timer_insert)
    i.rt_tsk_create                          0x08001a6c   Section        0  rt_task.o(i.rt_tsk_create)
    i.rt_tsk_delete                          0x08001af4   Section        0  rt_task.o(i.rt_tsk_delete)
    i.rt_tsk_prio                            0x08001c70   Section        0  rt_task.o(i.rt_tsk_prio)
    i.rt_tsk_self                            0x08001cec   Section        0  rt_task.o(i.rt_tsk_self)
    i.svcKernelInitialize                    0x08001cfc   Section        0  rt_cmsis.o(i.svcKernelInitialize)
    i.svcKernelStart                         0x08001d6c   Section        0  rt_cmsis.o(i.svcKernelStart)
    i.svcMessageCreate                       0x08001db4   Section        0  rt_cmsis.o(i.svcMessageCreate)
    i.svcMessageGet                          0x08001dd8   Section        0  rt_cmsis.o(i.svcMessageGet)
    i.svcSemaphoreCreate                     0x08001e12   Section        0  rt_cmsis.o(i.svcSemaphoreCreate)
    i.svcSemaphoreRelease                    0x08001e36   Section        0  rt_cmsis.o(i.svcSemaphoreRelease)
    i.svcSemaphoreWait                       0x08001e5e   Section        0  rt_cmsis.o(i.svcSemaphoreWait)
    i.svcSignalClear                         0x08001e90   Section        0  rt_cmsis.o(i.svcSignalClear)
    i.svcSignalSet                           0x08001eb4   Section        0  rt_cmsis.o(i.svcSignalSet)
    i.svcSignalWait                          0x08001ed8   Section        0  rt_cmsis.o(i.svcSignalWait)
    i.svcThreadCreate                        0x08001f2c   Section        0  rt_cmsis.o(i.svcThreadCreate)
    i.svcThreadGetId                         0x08001f98   Section        0  rt_cmsis.o(i.svcThreadGetId)
    i.svcThreadTerminate                     0x08001fb4   Section        0  rt_cmsis.o(i.svcThreadTerminate)
    i.svcTimerCall                           0x08001fec   Section        0  rt_cmsis.o(i.svcTimerCall)
    i.sysTimerTick                           0x08002004   Section        0  rt_cmsis.o(i.sysTimerTick)
    i.thread                                 0x08002060   Section        0  barrier.o(i.thread)
    .constdata                               0x08002108   Section       20  barrier.o(.constdata)
    .constdata                               0x0800211c   Section      104  rtx_conf_cm.o(.constdata)
    __tagsym$$used                           0x08002138   Number         0  rtx_conf_cm.o(.constdata)
    __tagsym$$used                           0x0800213c   Number         0  rtx_conf_cm.o(.constdata)
    __tagsym$$used                           0x08002140   Number         0  rtx_conf_cm.o(.constdata)
    __tagsym$$used                           0x08002144   Number         0  rtx_conf_cm.o(.constdata)
    .data                                    0x20000000   Section       28  barrier.o(.data)
    .data                                    0x2000001c   Section       20  rtx_conf_cm.o(.data)
    nr_mutex                                 0x2000002c   Data           4  rtx_conf_cm.o(.data)
    .data                                    0x20000030   Section        8  rt_cmsis.o(.data)
    .data                                    0x20000038   Section        8  rt_task.o(.data)
    .data                                    0x20000040   Section        8  rt_system.o(.data)
    os_lock                                  0x20000040   Data           1  rt_system.o(.data)
    os_psh_flag                              0x20000041   Data           1  rt_system.o(.data)
    pend_flags                               0x20000042   Data           1  rt_system.o(.data)
    .data                                    0x20000048   Section        4  rt_time.o(.data)
    .data                                    0x2000004c   Section        8  rt_robin.o(.data)
    .data                                    0x20000054   Section        1  hal_cm.o(.data)
    .bss                                     0x20000058   Section     4780  rtx_conf_cm.o(.bss)
    std_libspace                             0x20000e04   Data        1152  rtx_conf_cm.o(.bss)
    std_libmutex                             0x20001284   Data         128  rtx_conf_cm.o(.bss)
    .bss                                     0x20001304   Section       52  rt_task.o(.bss)
    .bss                                     0x20001338   Section       48  rt_list.o(.bss)
    .bss                                     0x20001368   Section       96  libspace.o(.bss)
    HEAP                                     0x200013c8   Section      512  startup_stm32f207xx.o(HEAP)
    Heap_Mem                                 0x200013c8   Data         512  startup_stm32f207xx.o(HEAP)
    STACK                                    0x200015c8   Section     1024  startup_stm32f207xx.o(STACK)
    Stack_Mem                                0x200015c8   Data        1024  startup_stm32f207xx.o(STACK)
    __initial_sp                             0x200019c8   Data           0  startup_stm32f207xx.o(STACK)

    Global Symbols

    Symbol Name                              Value     Ov Type        Size  Object(Section)

    BuildAttributes$$THM_ISAv4$P$D$K$B$S$PE$A:L22UL41UL21$X:L11$S22US41US21$IEEE1$IW$USESV6$~STKCKD$USESV7$~SHL$OTIME$ROPI$EBA8$UX$STANDARDLIB$REQ8$PRES8$EABIv2 0x00000000   Number         0  anon$$obj.o ABSOLUTE
    __ARM_use_no_argv                        0x00000000   Number         0  barrier.o ABSOLUTE
    __ARM_exceptions_init                     - Undefined Weak Reference
    __alloca_initialize                       - Undefined Weak Reference
    __arm_preinit_                            - Undefined Weak Reference
    __cpp_initialize__aeabi_                  - Undefined Weak Reference
    __cxa_finalize                            - Undefined Weak Reference
    __rt_locale                               - Undefined Weak Reference
    __sigvec_lookup                           - Undefined Weak Reference
    __user_heap_extent                        - Undefined Weak Reference
    _atexit_init                              - Undefined Weak Reference
    _call_atexit_fns                          - Undefined Weak Reference
    _clock_init                               - Undefined Weak Reference
    _fp_trap_init                             - Undefined Weak Reference
    _fp_trap_shutdown                         - Undefined Weak Reference
    _get_lc_collate                           - Undefined Weak Reference
    _get_lc_ctype                             - Undefined Weak Reference
    _get_lc_monetary                          - Undefined Weak Reference
    _get_lc_numeric                           - Undefined Weak Reference
    _get_lc_time                              - Undefined Weak Reference
    _getenv_init                              - Undefined Weak Reference
    _handle_redirection                       - Undefined Weak Reference
    _initio                                   - Undefined Weak Reference
    _mutex_free                               - Undefined Weak Reference
    _rand_init                                - Undefined Weak Reference
    _signal_finish                            - Undefined Weak Reference
    _signal_init                              - Undefined Weak Reference
    _terminateio                              - Undefined Weak Reference
    __Vectors_Size                           0x00000184   Number         0  startup_stm32f207xx.o ABSOLUTE
    __RL_RTX_VER                             0x00000482   Number         0  rt_system.o ABSOLUTE
    __Vectors                                0x08000000   Data           4  startup_stm32f207xx.o(RESET)
    __Vectors_End                            0x08000184   Data           0  startup_stm32f207xx.o(RESET)
    __main                                   0x08000185   Thumb Code     8  __main.o(!!!main)
    __scatterload                            0x0800018d   Thumb Code     0  __scatter.o(!!!scatter)
    __scatterload_rt2                        0x0800018d   Thumb Code    44  __scatter.o(!!!scatter)
    __scatterload_rt2_thumb_only             0x0800018d   Thumb Code     0  __scatter.o(!!!scatter)
    __scatterload_null                       0x0800019b   Thumb Code     0  __scatter.o(!!!scatter)
    __scatterload_copy                       0x080001c1   Thumb Code    26  __scatter_copy.o(!!handler_copy)
    __scatterload_zeroinit                   0x080001dd   Thumb Code    28  __scatter_zi.o(!!handler_zi)
    __rt_lib_init                            0x080001f9   Thumb Code     0  libinit.o(.ARM.Collect$$libinit$$00000000)
    __rt_lib_init_fp_1                       0x080001fb   Thumb Code     0  libinit2.o(.ARM.Collect$$libinit$$00000002)
    __rt_lib_init_heap_2                     0x080001fb   Thumb Code     0  libinit2.o(.ARM.Collect$$libinit$$00000005)
    __rt_lib_init_preinit_1                  0x080001fb   Thumb Code     0  libinit2.o(.ARM.Collect$$libinit$$00000004)
    __rt_lib_init_alloca_1                   0x08000203   Thumb Code     0  libinit2.o(.ARM.Collect$$libinit$$0000002E)
    __rt_lib_init_argv_1                     0x08000203   Thumb Code     0  libinit2.o(.ARM.Collect$$libinit$$0000002C)
    __rt_lib_init_atexit_1                   0x08000203   Thumb Code     0  libinit2.o(.ARM.Collect$$libinit$$0000001B)
    __rt_lib_init_clock_1                    0x08000203   Thumb Code     0  libinit2.o(.ARM.Collect$$libinit$$00000021)
    __rt_lib_init_cpp_1                      0x08000203   Thumb Code     0  libinit2.o(.ARM.Collect$$libinit$$00000032)
    __rt_lib_init_exceptions_1               0x08000203   Thumb Code     0  libinit2.o(.ARM.Collect$$libinit$$00000030)
    __rt_lib_init_fp_trap_1                  0x08000203   Thumb Code     0  libinit2.o(.ARM.Collect$$libinit$$0000001F)
    __rt_lib_init_getenv_1                   0x08000203   Thumb Code     0  libinit2.o(.ARM.Collect$$libinit$$00000023)
    __rt_lib_init_heap_1                     0x08000203   Thumb Code     0  libinit2.o(.ARM.Collect$$libinit$$0000000A)
    __rt_lib_init_lc_collate_1               0x08000203   Thumb Code     0  libinit2.o(.ARM.Collect$$libinit$$00000011)
    __rt_lib_init_lc_ctype_1                 0x08000203   Thumb Code     0  libinit2.o(.ARM.Collect$$libinit$$00000013)
    __rt_lib_init_lc_monetary_1              0x08000203   Thumb Code     0  libinit2.o(.ARM.Collect$$libinit$$00000015)
    __rt_lib_init_lc_numeric_1               0x08000203   Thumb Code     0  libinit2.o(.ARM.Collect$$libinit$$00000017)
    __rt_lib_init_lc_time_1                  0x08000203   Thumb Code     0  libinit2.o(.ARM.Collect$$libinit$$00000019)
    __rt_lib_init_rand_1                     0x08000203   Thumb Code     0  libinit2.o(.ARM.Collect$$libinit$$0000000E)
    __rt_lib_init_return                     0x08000203   Thumb Code     0  libinit2.o(.ARM.Collect$$libinit$$00000033)
    __rt_lib_init_signal_1                   0x08000203   Thumb Code     0  libinit2.o(.ARM.Collect$$libinit$$0000001D)
    __rt_lib_init_stdio_1                    0x08000203   Thumb Code     0  libinit2.o(.ARM.Collect$$libinit$$00000025)
    __rt_lib_init_user_alloc_1               0x08000203   Thumb Code     0  libinit2.o(.ARM.Collect$$libinit$$0000000C)
    __rt_lib_shutdown                        0x08000205   Thumb Code     0  libshutdown.o(.ARM.Collect$$libshutdown$$00000000)
    __rt_lib_shutdown_fp_trap_1              0x08000207   Thumb Code     0  libshutdown2.o(.ARM.Collect$$libshutdown$$00000006)
    __rt_lib_shutdown_heap_1                 0x08000207   Thumb Code     0  libshutdown2.o(.ARM.Collect$$libshutdown$$0000000E)
    __rt_lib_shutdown_return                 0x08000207   Thumb Code     0  libshutdown2.o(.ARM.Collect$$libshutdown$$0000000F)
    __rt_lib_shutdown_signal_1               0x08000207   Thumb Code     0  libshutdown2.o(.ARM.Collect$$libshutdown$$00000009)
    __rt_lib_shutdown_stdio_1                0x08000207   Thumb Code     0  libshutdown2.o(.ARM.Collect$$libshutdown$$00000003)
    __rt_lib_shutdown_user_alloc_1           0x08000207   Thumb Code     0  libshutdown2.o(.ARM.Collect$$libshutdown$$0000000B)
    __rt_entry                               0x08000209   Thumb Code     0  __rtentry.o(.ARM.Collect$$rtentry$$00000000)
    __rt_entry_presh_1                       0x08000209   Thumb Code     0  __rtentry2.o(.ARM.Collect$$rtentry$$00000002)
    __rt_entry_sh                            0x08000209   Thumb Code     0  __rtentry4.o(.ARM.Collect$$rtentry$$00000004)
    __rt_entry_li                            0x0800020f   Thumb Code     0  __rtentry2.o(.ARM.Collect$$rtentry$$0000000A)
    __rt_entry_postsh_1                      0x0800020f   Thumb Code     0  __rtentry2.o(.ARM.Collect$$rtentry$$00000009)
    __rt_entry_postli_1                      0x08000213   Thumb Code     0  __rtentry2.o(.ARM.Collect$$rtentry$$0000000B)
    __rt_entry_main                          0x0800021b   Thumb Code     0  __rtentry2.o(.ARM.Collect$$rtentry$$0000000D)
    __rt_exit                                0x08000223   Thumb Code     0  rtexit.o(.ARM.Collect$$rtexit$$00000000)
    __rt_exit_ls                             0x08000225   Thumb Code     0  rtexit2.o(.ARM.Collect$$rtexit$$00000003)
    __rt_exit_prels_1                        0x08000225   Thumb Code     0  rtexit2.o(.ARM.Collect$$rtexit$$00000002)
    __rt_exit_exit                           0x08000229   Thumb Code     0  rtexit2.o(.ARM.Collect$$rtexit$$00000004)
    _platform_post_lib_init                  0x08000231   Thumb Code    24  rtx_conf_cm.o(.emb_text)
    rt_set_PSP                               0x0800024d   Thumb Code     6  hal_cm3.o(.emb_text)
    rt_get_PSP                               0x08000253   Thumb Code     6  hal_cm3.o(.emb_text)
    os_set_env                               0x08000259   Thumb Code    24  hal_cm3.o(.emb_text)
    _alloc_box                               0x08000275   Thumb Code    28  hal_cm3.o(.emb_text)
    _free_box                                0x08000295   Thumb Code    28  hal_cm3.o(.emb_text)
    SVC_Handler                              0x080002b5   Thumb Code   108  hal_cm3.o(.emb_text)
    PendSV_Handler                           0x0800032d   Thumb Code    56  hal_cm3.o(.emb_text)
    SysTick_Handler                          0x08000369   Thumb Code     8  hal_cm3.o(.emb_text)
    OS_Tick_Handler                          0x08000371   Thumb Code    12  hal_cm3.o(.emb_text)
    Reset_Handler                            0x0800037d   Thumb Code     8  startup_stm32f207xx.o(.text)
    _maybe_terminate_alloc                   0x0800037d   Thumb Code     0  maybetermalloc1.o(.emb_text)
    NMI_Handler                              0x08000385   Thumb Code     2  startup_stm32f207xx.o(.text)
    HardFault_Handler                        0x08000387   Thumb Code     2  startup_stm32f207xx.o(.text)
    MemManage_Handler                        0x08000389   Thumb Code     2  startup_stm32f207xx.o(.text)
    BusFault_Handler                         0x0800038b   Thumb Code     2  startup_stm32f207xx.o(.text)
    UsageFault_Handler                       0x0800038d   Thumb Code     2  startup_stm32f207xx.o(.text)
    DebugMon_Handler                         0x08000391   Thumb Code     2  startup_stm32f207xx.o(.text)
    ADC_IRQHandler                           0x08000397   Thumb Code     0  startup_stm32f207xx.o(.text)
    CAN1_RX0_IRQHandler                      0x08000397   Thumb Code     0  startup_stm32f207xx.o(.text)
    CAN1_RX1_IRQHandler                      0x08000397   Thumb Code     0  startup_stm32f207xx.o(.text)
    CAN1_SCE_IRQHandler                      0x08000397   Thumb Code     0  startup_stm32f207xx.o(.text)
    CAN1_TX_IRQHandler                       0x08000397   Thumb Code     0  startup_stm32f207xx.o(.text)
    CAN2_RX0_IRQHandler                      0x08000397   Thumb Code     0  startup_stm32f207xx.o(.text)
    CAN2_RX1_IRQHandler                      0x08000397   Thumb Code     0  startup_stm32f207xx.o(.text)
    CAN2_SCE_IRQHandler                      0x08000397   Thumb Code     0  startup_stm32f207xx.o(.text)
    CAN2_TX_IRQHandler                       0x08000397   Thumb Code     0  startup_stm32f207xx.o(.text)
    DCMI_IRQHandler                          0x08000397   Thumb Code     0  startup_stm32f207xx.o(.text)
    DMA1_Stream0_IRQHandler                  0x08000397   Thumb Code     0  startup_stm32f207xx.o(.text)
    DMA1_Stream1_IRQHandler                  0x08000397   Thumb Code     0  startup_stm32f207xx.o(.text)
    DMA1_Stream2_IRQHandler                  0x08000397   Thumb Code     0  startup_stm32f207xx.o(.text)
    DMA1_Stream3_IRQHandler                  0x08000397   Thumb Code     0  startup_stm32f207xx.o(.text)
    DMA1_Stream4_IRQHandler                  0x08000397   Thumb Code     0  startup_stm32f207xx.o(.text)
    DMA1_Stream5_IRQHandler                  0x08000397   Thumb Code     0  startup_stm32f207xx.o(.text)
    DMA1_Stream6_IRQHandler                  0x08000397   Thumb Code     0  startup_stm32f207xx.o(.text)
    DMA1_Stream7_IRQHandler                  0x08000397   Thumb Code     0  startup_stm32f207xx.o(.text)
    DMA2_Stream0_IRQHandler                  0x08000397   Thumb Code     0  startup_stm32f207xx.o(.text)
    DMA2_Stream1_IRQHandler                  0x08000397   Thumb Code     0  startup_stm32f207xx.o(.text)
    DMA2_Stream2_IRQHandler                  0x08000397   Thumb Code     0  startup_stm32f207xx.o(.text)
    DMA2_Stream3_IRQHandler                  0x08000397   Thumb Code     0  startup_stm32f207xx.o(.text)
    DMA2_Stream4_IRQHandler                  0x08000397   Thumb Code     0  startup_stm32f207xx.o(.text)
    DMA2_Stream5_IRQHandler                  0x08000397   Thumb Code     0  startup_stm32f207xx.o(.text)
    DMA2_Stream6_IRQHandler                  0x08000397   Thumb Code     0  startup_stm32f207xx.o(.text)
    DMA2_Stream7_IRQHandler                  0x08000397   Thumb Code     0  startup_stm32f207xx.o(.text)
    ETH_IRQHandler                           0x08000397   Thumb Code     0  startup_stm32f207xx.o(.text)
    ETH_WKUP_IRQHandler                      0x08000397   Thumb Code     0  startup_stm32f207xx.o(.text)
    EXTI0_IRQHandler                         0x08000397   Thumb Code     0  startup_stm32f207xx.o(.text)
    EXTI15_10_IRQHandler                     0x08000397   Thumb Code     0  startup_stm32f207xx.o(.text)
    EXTI1_IRQHandler                         0x08000397   Thumb Code     0  startup_stm32f207xx.o(.text)
    EXTI2_IRQHandler                         0x08000397   Thumb Code     0  startup_stm32f207xx.o(.text)
    EXTI3_IRQHandler                         0x08000397   Thumb Code     0  startup_stm32f207xx.o(.text)
    EXTI4_IRQHandler                         0x08000397   Thumb Code     0  startup_stm32f207xx.o(.text)
    EXTI9_5_IRQHandler                       0x08000397   Thumb Code     0  startup_stm32f207xx.o(.text)
    FLASH_IRQHandler                         0x08000397   Thumb Code     0  startup_stm32f207xx.o(.text)
    FSMC_IRQHandler                          0x08000397   Thumb Code     0  startup_stm32f207xx.o(.text)
    HASH_RNG_IRQHandler                      0x08000397   Thumb Code     0  startup_stm32f207xx.o(.text)
    I2C1_ER_IRQHandler                       0x08000397   Thumb Code     0  startup_stm32f207xx.o(.text)
    I2C1_EV_IRQHandler                       0x08000397   Thumb Code     0  startup_stm32f207xx.o(.text)
    I2C2_ER_IRQHandler                       0x08000397   Thumb Code     0  startup_stm32f207xx.o(.text)
    I2C2_EV_IRQHandler                       0x08000397   Thumb Code     0  startup_stm32f207xx.o(.text)
    I2C3_ER_IRQHandler                       0x08000397   Thumb Code     0  startup_stm32f207xx.o(.text)
    I2C3_EV_IRQHandler                       0x08000397   Thumb Code     0  startup_stm32f207xx.o(.text)
    OTG_FS_IRQHandler                        0x08000397   Thumb Code     0  startup_stm32f207xx.o(.text)
    OTG_FS_WKUP_IRQHandler                   0x08000397   Thumb Code     0  startup_stm32f207xx.o(.text)
    OTG_HS_EP1_IN_IRQHandler                 0x08000397   Thumb Code     0  startup_stm32f207xx.o(.text)
    OTG_HS_EP1_OUT_IRQHandler                0x08000397   Thumb Code     0  startup_stm32f207xx.o(.text)
    OTG_HS_IRQHandler                        0x08000397   Thumb Code     0  startup_stm32f207xx.o(.text)
    OTG_HS_WKUP_IRQHandler                   0x08000397   Thumb Code     0  startup_stm32f207xx.o(.text)
    PVD_IRQHandler                           0x08000397   Thumb Code     0  startup_stm32f207xx.o(.text)
    RCC_IRQHandler                           0x08000397   Thumb Code     0  startup_stm32f207xx.o(.text)
    RTC_Alarm_IRQHandler                     0x08000397   Thumb Code     0  startup_stm32f207xx.o(.text)
    RTC_WKUP_IRQHandler                      0x08000397   Thumb Code     0  startup_stm32f207xx.o(.text)
    SDIO_IRQHandler                          0x08000397   Thumb Code     0  startup_stm32f207xx.o(.text)
    SPI1_IRQHandler                          0x08000397   Thumb Code     0  startup_stm32f207xx.o(.text)
    SPI2_IRQHandler                          0x08000397   Thumb Code     0  startup_stm32f207xx.o(.text)
    SPI3_IRQHandler                          0x08000397   Thumb Code     0  startup_stm32f207xx.o(.text)
    TAMP_STAMP_IRQHandler                    0x08000397   Thumb Code     0  startup_stm32f207xx.o(.text)
    TIM1_BRK_TIM9_IRQHandler                 0x08000397   Thumb Code     0  startup_stm32f207xx.o(.text)
    TIM1_CC_IRQHandler                       0x08000397   Thumb Code     0  startup_stm32f207xx.o(.text)
    TIM1_TRG_COM_TIM11_IRQHandler            0x08000397   Thumb Code     0  startup_stm32f207xx.o(.text)
    TIM1_UP_TIM10_IRQHandler                 0x08000397   Thumb Code     0  startup_stm32f207xx.o(.text)
    TIM2_IRQHandler                          0x08000397   Thumb Code     0  startup_stm32f207xx.o(.text)
    TIM3_IRQHandler                          0x08000397   Thumb Code     0  startup_stm32f207xx.o(.text)
    TIM4_IRQHandler                          0x08000397   Thumb Code     0  startup_stm32f207xx.o(.text)
    TIM5_IRQHandler                          0x08000397   Thumb Code     0  startup_stm32f207xx.o(.text)
    TIM6_DAC_IRQHandler                      0x08000397   Thumb Code     0  startup_stm32f207xx.o(.text)
    TIM7_IRQHandler                          0x08000397   Thumb Code     0  startup_stm32f207xx.o(.text)
    TIM8_BRK_TIM12_IRQHandler                0x08000397   Thumb Code     0  startup_stm32f207xx.o(.text)
    TIM8_CC_IRQHandler                       0x08000397   Thumb Code     0  startup_stm32f207xx.o(.text)
    TIM8_TRG_COM_TIM14_IRQHandler            0x08000397   Thumb Code     0  startup_stm32f207xx.o(.text)
    TIM8_UP_TIM13_IRQHandler                 0x08000397   Thumb Code     0  startup_stm32f207xx.o(.text)
    UART4_IRQHandler                         0x08000397   Thumb Code     0  startup_stm32f207xx.o(.text)
    UART5_IRQHandler                         0x08000397   Thumb Code     0  startup_stm32f207xx.o(.text)
    USART1_IRQHandler                        0x08000397   Thumb Code     0  startup_stm32f207xx.o(.text)
    USART2_IRQHandler                        0x08000397   Thumb Code     0  startup_stm32f207xx.o(.text)
    USART3_IRQHandler                        0x08000397   Thumb Code     0  startup_stm32f207xx.o(.text)
    USART6_IRQHandler                        0x08000397   Thumb Code     0  startup_stm32f207xx.o(.text)
    WWDG_IRQHandler                          0x08000397   Thumb Code     0  startup_stm32f207xx.o(.text)
    __user_initial_stackheap                 0x08000399   Thumb Code     0  startup_stm32f207xx.o(.text)
    __user_libspace                          0x080003bd   Thumb Code     8  libspace.o(.text)
    __user_perproc_libspace                  0x080003bd   Thumb Code     0  libspace.o(.text)
    _malloc_internal                         0x080003cd   Thumb Code   130  h1_alloc_mt.o(.text)
    malloc                                   0x0800044f   Thumb Code    20  h1_alloc_mt.o(.text)
    exit                                     0x08000463   Thumb Code    12  exit.o(.text)
    __use_two_region_memory                  0x0800046f   Thumb Code     2  heapauxi.o(.text)
    __rt_heap_escrow                         0x08000471   Thumb Code     2  heapauxi.o(.text)
    __rt_heap_expand                         0x08000473   Thumb Code     2  heapauxi.o(.text)
    __rt_heap_descriptor                     0x08000475   Thumb Code    10  rt_heap_descriptor_twolibspace.o(.text)
    __use_no_heap                            0x0800047f   Thumb Code     2  hguard.o(.text)
    __heap$guard                             0x08000481   Thumb Code     2  hguard.o(.text)
    _terminate_user_alloc                    0x08000483   Thumb Code     2  init_alloc.o(.text)
    _init_user_alloc                         0x08000485   Thumb Code     2  init_alloc.o(.text)
    __Heap_Full                              0x08000487   Thumb Code    34  init_alloc.o(.text)
    __Heap_Broken                            0x080004a9   Thumb Code     6  init_alloc.o(.text)
    _init_alloc                              0x080004af   Thumb Code    94  init_alloc.o(.text)
    __Heap_Initialize                        0x0800050d   Thumb Code    14  h1_init_mt.o(.text)
    __Heap_DescSize                          0x0800051b   Thumb Code     4  h1_init_mt.o(.text)
    _free_internal                           0x0800051f   Thumb Code    98  h1_free_mt.o(.text)
    free                                     0x08000581   Thumb Code    20  h1_free_mt.o(.text)
    __Heap_ProvideMemory                     0x08000595   Thumb Code    62  h1_extend_mt.o(.text)
    __rt_SIGRTMEM                            0x080005d3   Thumb Code    14  defsig_rtmem_outer.o(.text)
    _sys_exit                                0x080005e1   Thumb Code     8  sys_exit.o(.text)
    __I$use$semihosting                      0x080005ed   Thumb Code     0  use_no_semi.o(.text)
    __use_no_semihosting_swi                 0x080005ed   Thumb Code     2  use_no_semi.o(.text)
    __semihosting_library_function           0x080005ef   Thumb Code     0  indicate_semi.o(.text)
    __user_setup_stackheap                   0x080005ef   Thumb Code    74  sys_stackheap_outer.o(.text)
    __sig_exit                               0x08000639   Thumb Code    10  defsig_exit.o(.text)
    __rt_SIGRTMEM_inner                      0x08000645   Thumb Code    22  defsig_rtmem_inner.o(.text)
    __default_signal_display                 0x08000695   Thumb Code    50  defsig_general.o(.text)
    _ttywrch                                 0x080006c7   Thumb Code    14  sys_wrch.o(.text)
    SVC_Count                                0x080006d4   Data           4  svc_table.o(SVC_TABLE)
    LEDfunc                                  0x080006d9   Thumb Code   142  barrier.o(i.LEDfunc)
    SVC_Table                                0x080006d8   Data           0  svc_table.o(SVC_TABLE)
    LEDfuncON                                0x08000775   Thumb Code    66  barrier.o(i.LEDfuncON)
    SystemInit                               0x080007c5   Thumb Code    68  system_stm32f2xx.o(i.SystemInit)
    _init_box                                0x08000819   Thumb Code    70  rt_membox.o(i._init_box)
    _mutex_acquire                           0x08000861   Thumb Code    22  rtx_conf_cm.o(i._mutex_acquire)
    _mutex_initialize                        0x08000881   Thumb Code    34  rtx_conf_cm.o(i._mutex_initialize)
    _mutex_release                           0x080008ad   Thumb Code    18  rtx_conf_cm.o(i._mutex_release)
    dbg_init                                 0x080008c9   Thumb Code    34  hal_cm.o(i.dbg_init)
    dbg_task_notify                          0x080008f9   Thumb Code    32  hal_cm.o(i.dbg_task_notify)
    dbg_task_switch                          0x08000919   Thumb Code    16  hal_cm.o(i.dbg_task_switch)
    delay                                    0x08000929   Thumb Code    20  barrier.o(i.delay)
    isrMessageGet                            0x0800093d   Thumb Code    42  rt_cmsis.o(i.isrMessageGet)
    isrMessagePut                            0x08000967   Thumb Code    44  rt_cmsis.o(i.isrMessagePut)
    isrSemaphoreRelease                      0x08000993   Thumb Code    40  rt_cmsis.o(i.isrSemaphoreRelease)
    isrSignalSet                             0x080009bb   Thumb Code    36  rt_cmsis.o(i.isrSignalSet)
    isr_evt_set                              0x080009e1   Thumb Code    34  rt_event.o(i.isr_evt_set)
    isr_mbx_receive                          0x08000a09   Thumb Code    86  rt_mailbox.o(i.isr_mbx_receive)
    isr_mbx_send                             0x08000a5f   Thumb Code    14  rt_mailbox.o(i.isr_mbx_send)
    isr_sem_send                             0x08000a6d   Thumb Code    16  rt_semaphore.o(i.isr_sem_send)
    main                                     0x08000a7d   Thumb Code   322  barrier.o(i.main)
    osKernelInitialize                       0x08000be9   Thumb Code    30  rt_cmsis.o(i.osKernelInitialize)
    osKernelStart                            0x08000c0d   Thumb Code    98  rt_cmsis.o(i.osKernelStart)
    osMessageGet                             0x08000c79   Thumb Code    18  rt_cmsis.o(i.osMessageGet)
    osSemaphoreCreate                        0x08000c91   Thumb Code    36  rt_cmsis.o(i.osSemaphoreCreate)
    osSemaphoreRelease                       0x08000cbd   Thumb Code    18  rt_cmsis.o(i.osSemaphoreRelease)
    osSemaphoreWait                          0x08000cd5   Thumb Code    20  rt_cmsis.o(i.osSemaphoreWait)
    osSignalClear                            0x08000ced   Thumb Code    20  rt_cmsis.o(i.osSignalClear)
    osSignalSet                              0x08000d05   Thumb Code    18  rt_cmsis.o(i.osSignalSet)
    osSignalWait                             0x08000d1d   Thumb Code    18  rt_cmsis.o(i.osSignalWait)
    osThreadCreate                           0x08000d35   Thumb Code    36  rt_cmsis.o(i.osThreadCreate)
    osThreadExit                             0x08000d61   Thumb Code    14  rt_cmsis.o(i.osThreadExit)
    osTimerCall                              0x08000d79   Thumb Code     8  rt_cmsis.o(i.osTimerCall)
    osTimerThread                            0x08000d85   Thumb Code    38  rt_cmsis.o(i.osTimerThread)
    os_error                                 0x08000db1   Thumb Code    34  rtx_conf_cm.o(i.os_error)
    os_idle_demon                            0x08000dd3   Thumb Code     4  rtx_conf_cm.o(i.os_idle_demon)
    os_tick_init                             0x08000dd9   Thumb Code    32  rt_system.o(i.os_tick_init)
    os_tick_irqack                           0x08000e01   Thumb Code     2  rt_system.o(i.os_tick_irqack)
    rt_alloc_box                             0x08000e03   Thumb Code    26  rt_membox.o(i.rt_alloc_box)
    rt_alloc_mem                             0x08000e1d   Thumb Code    62  rt_memory.o(i.rt_alloc_mem)
    rt_block                                 0x08000e5d   Thumb Code    48  rt_task.o(i.rt_block)
    rt_chk_robin                             0x08000e95   Thumb Code    60  rt_robin.o(i.rt_chk_robin)
    rt_dec_dly                               0x08000edd   Thumb Code   102  rt_list.o(i.rt_dec_dly)
    rt_dispatch                              0x08000f4d   Thumb Code    60  rt_task.o(i.rt_dispatch)
    rt_evt_clr                               0x08000f91   Thumb Code    22  rt_event.o(i.rt_evt_clr)
    rt_evt_psh                               0x08000fad   Thumb Code    76  rt_event.o(i.rt_evt_psh)
    rt_evt_set                               0x08000ffd   Thumb Code    88  rt_event.o(i.rt_evt_set)
    rt_evt_wait                              0x08001059   Thumb Code    56  rt_event.o(i.rt_evt_wait)
    rt_free_box                              0x08001095   Thumb Code    44  rt_membox.o(i.rt_free_box)
    rt_free_mem                              0x080010c1   Thumb Code    40  rt_memory.o(i.rt_free_mem)
    rt_get_first                             0x080010e9   Thumb Code    40  rt_list.o(i.rt_get_first)
    rt_init_mem                              0x08001161   Thumb Code    26  rt_memory.o(i.rt_init_mem)
    rt_init_robin                            0x0800117d   Thumb Code    14  rt_robin.o(i.rt_init_robin)
    rt_init_stack                            0x08001195   Thumb Code   118  hal_cm.o(i.rt_init_stack)
    rt_mbx_check                             0x08001215   Thumb Code     8  rt_mailbox.o(i.rt_mbx_check)
    rt_mbx_init                              0x0800121d   Thumb Code    26  rt_mailbox.o(i.rt_mbx_init)
    rt_mbx_psh                               0x08001239   Thumb Code   236  rt_mailbox.o(i.rt_mbx_psh)
    rt_mbx_wait                              0x08001329   Thumb Code   174  rt_mailbox.o(i.rt_mbx_wait)
    rt_mut_init                              0x08001421   Thumb Code    16  rt_mutex.o(i.rt_mut_init)
    rt_mut_release                           0x08001431   Thumb Code   208  rt_mutex.o(i.rt_mut_release)
    rt_mut_wait                              0x08001509   Thumb Code   114  rt_mutex.o(i.rt_mut_wait)
    rt_pop_req                               0x08001581   Thumb Code   112  rt_system.o(i.rt_pop_req)
    rt_psh_req                               0x080015fd   Thumb Code    22  rt_system.o(i.rt_psh_req)
    rt_psq_enq                               0x0800161d   Thumb Code    88  rt_list.o(i.rt_psq_enq)
    rt_put_dly                               0x08001679   Thumb Code    68  rt_list.o(i.rt_put_dly)
    rt_put_prio                              0x080016c1   Thumb Code    54  rt_list.o(i.rt_put_prio)
    rt_put_rdy_first                         0x080016f9   Thumb Code    14  rt_list.o(i.rt_put_rdy_first)
    rt_resort_prio                           0x0800170d   Thumb Code    46  rt_list.o(i.rt_resort_prio)
    rt_ret_val                               0x08001741   Thumb Code     6  hal_cm.o(i.rt_ret_val)
    rt_ret_val2                              0x08001747   Thumb Code     8  hal_cm.o(i.rt_ret_val2)
    rt_rmv_dly                               0x0800174f   Thumb Code    40  rt_list.o(i.rt_rmv_dly)
    rt_rmv_list                              0x08001779   Thumb Code    44  rt_list.o(i.rt_rmv_list)
    rt_sem_init                              0x080017a9   Thumb Code    12  rt_semaphore.o(i.rt_sem_init)
    rt_sem_psh                               0x080017b5   Thumb Code    48  rt_semaphore.o(i.rt_sem_psh)
    rt_sem_send                              0x080017e9   Thumb Code    42  rt_semaphore.o(i.rt_sem_send)
    rt_sem_wait                              0x08001815   Thumb Code    58  rt_semaphore.o(i.rt_sem_wait)
    rt_stk_check                             0x08001855   Thumb Code    28  rt_system.o(i.rt_stk_check)
    rt_switch_req                            0x08001879   Thumb Code    30  rt_task.o(i.rt_switch_req)
    rt_sys_init                              0x080018a1   Thumb Code   138  rt_task.o(i.rt_sys_init)
    rt_sys_start                             0x0800196d   Thumb Code   110  rt_task.o(i.rt_sys_start)
    rt_systick                               0x080019e5   Thumb Code    50  rt_system.o(i.rt_systick)
    rt_tsk_create                            0x08001a6d   Thumb Code   118  rt_task.o(i.rt_tsk_create)
    rt_tsk_delete                            0x08001af5   Thumb Code   352  rt_task.o(i.rt_tsk_delete)
    rt_tsk_prio                              0x08001c71   Thumb Code   108  rt_task.o(i.rt_tsk_prio)
    rt_tsk_self                              0x08001ced   Thumb Code    12  rt_task.o(i.rt_tsk_self)
    svcKernelInitialize                      0x08001cfd   Thumb Code    80  rt_cmsis.o(i.svcKernelInitialize)
    svcKernelStart                           0x08001d6d   Thumb Code    62  rt_cmsis.o(i.svcKernelStart)
    svcMessageCreate                         0x08001db5   Thumb Code    36  rt_cmsis.o(i.svcMessageCreate)
    svcMessageGet                            0x08001dd9   Thumb Code    58  rt_cmsis.o(i.svcMessageGet)
    svcSemaphoreCreate                       0x08001e13   Thumb Code    36  rt_cmsis.o(i.svcSemaphoreCreate)
    svcSemaphoreRelease                      0x08001e37   Thumb Code    40  rt_cmsis.o(i.svcSemaphoreRelease)
    svcSemaphoreWait                         0x08001e5f   Thumb Code    50  rt_cmsis.o(i.svcSemaphoreWait)
    svcSignalClear                           0x08001e91   Thumb Code    36  rt_cmsis.o(i.svcSignalClear)
    svcSignalSet                             0x08001eb5   Thumb Code    36  rt_cmsis.o(i.svcSignalSet)
    svcSignalWait                            0x08001ed9   Thumb Code    80  rt_cmsis.o(i.svcSignalWait)
    svcThreadCreate                          0x08001f2d   Thumb Code    96  rt_cmsis.o(i.svcThreadCreate)
    svcThreadGetId                           0x08001f99   Thumb Code    22  rt_cmsis.o(i.svcThreadGetId)
    svcThreadTerminate                       0x08001fb5   Thumb Code    50  rt_cmsis.o(i.svcThreadTerminate)
    svcTimerCall                             0x08001fed   Thumb Code    24  rt_cmsis.o(i.svcTimerCall)
    sysTimerTick                             0x08002005   Thumb Code    84  rt_cmsis.o(i.sysTimerTick)
    thread                                   0x08002061   Thumb Code   140  barrier.o(i.thread)
    os_semaphore_def_mutex                   0x08002108   Data           4  barrier.o(.constdata)
    os_thread_def_thread                     0x0800210c   Data          16  barrier.o(.constdata)
    os_maxtaskrun                            0x0800211c   Data           2  rtx_conf_cm.o(.constdata)
    os_stackinfo                             0x08002120   Data           4  rtx_conf_cm.o(.constdata)
    os_rrobin                                0x08002124   Data           4  rtx_conf_cm.o(.constdata)
    os_tickfreq                              0x08002128   Data           4  rtx_conf_cm.o(.constdata)
    os_tickus_i                              0x0800212c   Data           2  rtx_conf_cm.o(.constdata)
    os_tickus_f                              0x0800212e   Data           2  rtx_conf_cm.o(.constdata)
    os_trv                                   0x08002130   Data           4  rtx_conf_cm.o(.constdata)
    os_flags                                 0x08002134   Data           1  rtx_conf_cm.o(.constdata)
    CMSIS_RTOS_API_Version                   0x08002138   Data           4  rtx_conf_cm.o(.constdata)
    CMSIS_RTOS_RTX_Version                   0x0800213c   Data           4  rtx_conf_cm.o(.constdata)
    os_clockrate                             0x08002140   Data           4  rtx_conf_cm.o(.constdata)
    os_timernum                              0x08002144   Data           4  rtx_conf_cm.o(.constdata)
    mp_tcb_size                              0x08002148   Data           2  rtx_conf_cm.o(.constdata)
    mp_stk_size                              0x0800214c   Data           4  rtx_conf_cm.o(.constdata)
    os_stack_sz                              0x08002150   Data           4  rtx_conf_cm.o(.constdata)
    os_fifo_size                             0x08002154   Data           1  rtx_conf_cm.o(.constdata)
    os_thread_def_osTimerThread              0x08002158   Data          16  rtx_conf_cm.o(.constdata)
    os_messageQ_def_osTimerMessageQ          0x08002168   Data           8  rtx_conf_cm.o(.constdata)
    mp_tmr_size                              0x08002170   Data           2  rtx_conf_cm.o(.constdata)
    os_thread_def_main                       0x08002174   Data          16  rtx_conf_cm.o(.constdata)
    Region$$Table$$Base                      0x08002184   Number         0  anon$$obj.o(Region$$Table)
    Region$$Table$$Limit                     0x080021a4   Number         0  anon$$obj.o(Region$$Table)
    thread_count                             0x20000000   Data           4  barrier.o(.data)
    tid_arr                                  0x20000004   Data           4  barrier.o(.data)
    on_diods                                 0x20000008   Data           4  barrier.o(.data)
    mutex                                    0x2000000c   Data           4  barrier.o(.data)
    os_semaphore_cb_mutex                    0x20000010   Data           8  barrier.o(.data)
    count                                    0x20000018   Data           4  barrier.o(.data)
    osThreadId_osTimerThread                 0x2000001c   Data           4  rtx_conf_cm.o(.data)
    osMessageQId_osTimerMessageQ             0x20000020   Data           4  rtx_conf_cm.o(.data)
    os_tmr                                   0x20000024   Data           4  rtx_conf_cm.o(.data)
    m_tmr                                    0x20000028   Data           4  rtx_conf_cm.o(.data)
    os_initialized                           0x20000030   Data           1  rt_cmsis.o(.data)
    os_running                               0x20000031   Data           1  rt_cmsis.o(.data)
    os_timer_head                            0x20000034   Data           4  rt_cmsis.o(.data)
    os_tsk                                   0x20000038   Data           8  rt_task.o(.data)
    os_tick_irqn                             0x20000044   Data           4  rt_system.o(.data)
    os_time                                  0x20000048   Data           4  rt_time.o(.data)
    os_robin                                 0x2000004c   Data           8  rt_robin.o(.data)
    dbg_msg                                  0x20000054   Data           1  hal_cm.o(.data)
    mp_tcb                                   0x20000058   Data         636  rtx_conf_cm.o(.bss)
    mp_stk                                   0x200002d8   Data        2216  rtx_conf_cm.o(.bss)
    os_stack_mem                             0x20000b80   Data         432  rtx_conf_cm.o(.bss)
    os_fifo                                  0x20000d30   Data         132  rtx_conf_cm.o(.bss)
    os_active_TCB                            0x20000db4   Data          48  rtx_conf_cm.o(.bss)
    os_messageQ_q_osTimerMessageQ            0x20000de4   Data          32  rtx_conf_cm.o(.bss)
    os_idle_TCB                              0x20001304   Data          52  rt_task.o(.bss)
    os_rdy                                   0x20001338   Data          24  rt_list.o(.bss)
    os_dly                                   0x20001350   Data          24  rt_list.o(.bss)
    __libspace_start                         0x20001368   Data          96  libspace.o(.bss)
    __temporary_stack_top$libspace           0x200013c8   Data           0  libspace.o(.bss)



==============================================================================

Memory Map of the image

  Image Entry point : 0x0800037d

  Load Region LR_1 (Base: 0x08000000, Size: 0x000021fc, Max: 0xffffffff, ABSOLUTE)

    Execution Region ER_RO (Base: 0x08000000, Size: 0x000021a4, Max: 0xffffffff, ABSOLUTE)

    Base Addr    Size         Type   Attr      Idx    E Section Name        Object

    0x08000000   0x00000184   Data   RO          695    RESET               startup_stm32f207xx.o
    0x08000184   0x00000008   Code   RO         2012  * !!!main             c_w.l(__main.o)
    0x0800018c   0x00000034   Code   RO         2224    !!!scatter          c_w.l(__scatter.o)
    0x080001c0   0x0000001a   Code   RO         2226    !!handler_copy      c_w.l(__scatter_copy.o)
    0x080001da   0x00000002   PAD
    0x080001dc   0x0000001c   Code   RO         2228    !!handler_zi        c_w.l(__scatter_zi.o)
    0x080001f8   0x00000002   Code   RO         2177    .ARM.Collect$$libinit$$00000000  c_w.l(libinit.o)
    0x080001fa   0x00000000   Code   RO         2059    .ARM.Collect$$libinit$$00000002  c_w.l(libinit2.o)
    0x080001fa   0x00000000   Code   RO         2061    .ARM.Collect$$libinit$$00000004  c_w.l(libinit2.o)
    0x080001fa   0x00000008   Code   RO         2062    .ARM.Collect$$libinit$$00000005  c_w.l(libinit2.o)
    0x08000202   0x00000000   Code   RO         2064    .ARM.Collect$$libinit$$0000000A  c_w.l(libinit2.o)
    0x08000202   0x00000000   Code   RO         2066    .ARM.Collect$$libinit$$0000000C  c_w.l(libinit2.o)
    0x08000202   0x00000000   Code   RO         2068    .ARM.Collect$$libinit$$0000000E  c_w.l(libinit2.o)
    0x08000202   0x00000000   Code   RO         2071    .ARM.Collect$$libinit$$00000011  c_w.l(libinit2.o)
    0x08000202   0x00000000   Code   RO         2073    .ARM.Collect$$libinit$$00000013  c_w.l(libinit2.o)
    0x08000202   0x00000000   Code   RO         2075    .ARM.Collect$$libinit$$00000015  c_w.l(libinit2.o)
    0x08000202   0x00000000   Code   RO         2077    .ARM.Collect$$libinit$$00000017  c_w.l(libinit2.o)
    0x08000202   0x00000000   Code   RO         2079    .ARM.Collect$$libinit$$00000019  c_w.l(libinit2.o)
    0x08000202   0x00000000   Code   RO         2081    .ARM.Collect$$libinit$$0000001B  c_w.l(libinit2.o)
    0x08000202   0x00000000   Code   RO         2083    .ARM.Collect$$libinit$$0000001D  c_w.l(libinit2.o)
    0x08000202   0x00000000   Code   RO         2085    .ARM.Collect$$libinit$$0000001F  c_w.l(libinit2.o)
    0x08000202   0x00000000   Code   RO         2087    .ARM.Collect$$libinit$$00000021  c_w.l(libinit2.o)
    0x08000202   0x00000000   Code   RO         2089    .ARM.Collect$$libinit$$00000023  c_w.l(libinit2.o)
    0x08000202   0x00000000   Code   RO         2091    .ARM.Collect$$libinit$$00000025  c_w.l(libinit2.o)
    0x08000202   0x00000000   Code   RO         2095    .ARM.Collect$$libinit$$0000002C  c_w.l(libinit2.o)
    0x08000202   0x00000000   Code   RO         2097    .ARM.Collect$$libinit$$0000002E  c_w.l(libinit2.o)
    0x08000202   0x00000000   Code   RO         2099    .ARM.Collect$$libinit$$00000030  c_w.l(libinit2.o)
    0x08000202   0x00000000   Code   RO         2101    .ARM.Collect$$libinit$$00000032  c_w.l(libinit2.o)
    0x08000202   0x00000002   Code   RO         2102    .ARM.Collect$$libinit$$00000033  c_w.l(libinit2.o)
    0x08000204   0x00000002   Code   RO         2178    .ARM.Collect$$libshutdown$$00000000  c_w.l(libshutdown.o)
    0x08000206   0x00000000   Code   RO         2191    .ARM.Collect$$libshutdown$$00000003  c_w.l(libshutdown2.o)
    0x08000206   0x00000000   Code   RO         2194    .ARM.Collect$$libshutdown$$00000006  c_w.l(libshutdown2.o)
    0x08000206   0x00000000   Code   RO         2197    .ARM.Collect$$libshutdown$$00000009  c_w.l(libshutdown2.o)
    0x08000206   0x00000000   Code   RO         2199    .ARM.Collect$$libshutdown$$0000000B  c_w.l(libshutdown2.o)
    0x08000206   0x00000000   Code   RO         2202    .ARM.Collect$$libshutdown$$0000000E  c_w.l(libshutdown2.o)
    0x08000206   0x00000002   Code   RO         2203    .ARM.Collect$$libshutdown$$0000000F  c_w.l(libshutdown2.o)
    0x08000208   0x00000000   Code   RO         2014    .ARM.Collect$$rtentry$$00000000  c_w.l(__rtentry.o)
    0x08000208   0x00000000   Code   RO         2106    .ARM.Collect$$rtentry$$00000002  c_w.l(__rtentry2.o)
    0x08000208   0x00000006   Code   RO         2118    .ARM.Collect$$rtentry$$00000004  c_w.l(__rtentry4.o)
    0x0800020e   0x00000000   Code   RO         2108    .ARM.Collect$$rtentry$$00000009  c_w.l(__rtentry2.o)
    0x0800020e   0x00000004   Code   RO         2109    .ARM.Collect$$rtentry$$0000000A  c_w.l(__rtentry2.o)
    0x08000212   0x00000008   Code   RO         2110    .ARM.Collect$$rtentry$$0000000B  c_w.l(__rtentry2.o)
    0x0800021a   0x00000008   Code   RO         2112    .ARM.Collect$$rtentry$$0000000D  c_w.l(__rtentry2.o)
    0x08000222   0x00000002   Code   RO         2015    .ARM.Collect$$rtexit$$00000000  c_w.l(rtexit.o)
    0x08000224   0x00000000   Code   RO         2121    .ARM.Collect$$rtexit$$00000002  c_w.l(rtexit2.o)
    0x08000224   0x00000004   Code   RO         2122    .ARM.Collect$$rtexit$$00000003  c_w.l(rtexit2.o)
    0x08000228   0x00000006   Code   RO         2123    .ARM.Collect$$rtexit$$00000004  c_w.l(rtexit2.o)
    0x0800022e   0x00000002   PAD
    0x08000230   0x0000001c   Code   RO          104    .emb_text           rtx_conf_cm.o
    0x0800024c   0x00000130   Code   RO         1932    .emb_text           RTX_CM3.lib(hal_cm3.o)
    0x0800037c   0x00000000   Code   RO         2131    .emb_text           c_w.l(maybetermalloc1.o)
    0x0800037c   0x00000040   Code   RO          696  * .text               startup_stm32f207xx.o
    0x080003bc   0x00000008   Code   RO         1947    .text               c_w.l(libspace.o)
    0x080003c4   0x0000009e   Code   RO         1954    .text               c_w.l(h1_alloc_mt.o)
    0x08000462   0x0000000c   Code   RO         2008    .text               c_w.l(exit.o)
    0x0800046e   0x00000006   Code   RO         2010    .text               c_w.l(heapauxi.o)
    0x08000474   0x0000000a   Code   RO         2026    .text               c_w.l(rt_heap_descriptor_twolibspace.o)
    0x0800047e   0x00000004   Code   RO         2028    .text               c_w.l(hguard.o)
    0x08000482   0x0000008a   Code   RO         2030    .text               c_w.l(init_alloc.o)
    0x0800050c   0x00000012   Code   RO         2040    .text               c_w.l(h1_init_mt.o)
    0x0800051e   0x00000076   Code   RO         2042    .text               c_w.l(h1_free_mt.o)
    0x08000594   0x0000003e   Code   RO         2135    .text               c_w.l(h1_extend_mt.o)
    0x080005d2   0x0000000e   Code   RO         2137    .text               c_w.l(defsig_rtmem_outer.o)
    0x080005e0   0x0000000c   Code   RO         2148    .text               c_w.l(sys_exit.o)
    0x080005ec   0x00000002   Code   RO         2150    .text               c_w.l(use_no_semi.o)
    0x080005ee   0x00000000   Code   RO         2152    .text               c_w.l(indicate_semi.o)
    0x080005ee   0x0000004a   Code   RO         2153    .text               c_w.l(sys_stackheap_outer.o)
    0x08000638   0x0000000a   Code   RO         2159    .text               c_w.l(defsig_exit.o)
    0x08000642   0x00000002   PAD
    0x08000644   0x00000050   Code   RO         2165    .text               c_w.l(defsig_rtmem_inner.o)
    0x08000694   0x00000032   Code   RO         2185    .text               c_w.l(defsig_general.o)
    0x080006c6   0x0000000e   Code   RO         2204    .text               c_w.l(sys_wrch.o)
    0x080006d4   0x00000004   Code   RO         1942    SVC_TABLE           RTX_CM3.lib(svc_table.o)
    0x080006d8   0x0000009c   Code   RO            9    i.LEDfunc           barrier.o
    0x08000774   0x00000050   Code   RO           11    i.LEDfuncON         barrier.o
    0x080007c4   0x00000054   Code   RO          704    i.SystemInit        system_stm32f2xx.o
    0x08000818   0x00000046   Code   RO         1831    i._init_box         RTX_CM3.lib(rt_membox.o)
    0x0800085e   0x00000002   PAD
    0x08000860   0x00000020   Code   RO          106    i._mutex_acquire    rtx_conf_cm.o
    0x08000880   0x0000002c   Code   RO          107    i._mutex_initialize  rtx_conf_cm.o
    0x080008ac   0x0000001c   Code   RO          108    i._mutex_release    rtx_conf_cm.o
    0x080008c8   0x00000030   Code   RO         1884    i.dbg_init          RTX_CM3.lib(hal_cm.o)
    0x080008f8   0x00000020   Code   RO         1885    i.dbg_task_notify   RTX_CM3.lib(hal_cm.o)
    0x08000918   0x00000010   Code   RO         1886    i.dbg_task_switch   RTX_CM3.lib(hal_cm.o)
    0x08000928   0x00000014   Code   RO           12    i.delay             barrier.o
    0x0800093c   0x0000002a   Code   RO          740    i.isrMessageGet     RTX_CM3.lib(rt_cmsis.o)
    0x08000966   0x0000002c   Code   RO          741    i.isrMessagePut     RTX_CM3.lib(rt_cmsis.o)
    0x08000992   0x00000028   Code   RO          742    i.isrSemaphoreRelease  RTX_CM3.lib(rt_cmsis.o)
    0x080009ba   0x00000024   Code   RO          743    i.isrSignalSet      RTX_CM3.lib(rt_cmsis.o)
    0x080009de   0x00000002   PAD
    0x080009e0   0x00000028   Code   RO         1568    i.isr_evt_set       RTX_CM3.lib(rt_event.o)
    0x08000a08   0x00000056   Code   RO         1686    i.isr_mbx_receive   RTX_CM3.lib(rt_mailbox.o)
    0x08000a5e   0x0000000e   Code   RO         1687    i.isr_mbx_send      RTX_CM3.lib(rt_mailbox.o)
    0x08000a6c   0x00000010   Code   RO         1734    i.isr_sem_send      RTX_CM3.lib(rt_semaphore.o)
    0x08000a7c   0x0000016c   Code   RO           13    i.main              barrier.o
    0x08000be8   0x00000024   Code   RO          745    i.osKernelInitialize  RTX_CM3.lib(rt_cmsis.o)
    0x08000c0c   0x0000006c   Code   RO          747    i.osKernelStart     RTX_CM3.lib(rt_cmsis.o)
    0x08000c78   0x00000018   Code   RO          756    i.osMessageGet      RTX_CM3.lib(rt_cmsis.o)
    0x08000c90   0x0000002c   Code   RO          766    i.osSemaphoreCreate  RTX_CM3.lib(rt_cmsis.o)
    0x08000cbc   0x00000018   Code   RO          768    i.osSemaphoreRelease  RTX_CM3.lib(rt_cmsis.o)
    0x08000cd4   0x00000018   Code   RO          769    i.osSemaphoreWait   RTX_CM3.lib(rt_cmsis.o)
    0x08000cec   0x00000018   Code   RO          770    i.osSignalClear     RTX_CM3.lib(rt_cmsis.o)
    0x08000d04   0x00000018   Code   RO          771    i.osSignalSet       RTX_CM3.lib(rt_cmsis.o)
    0x08000d1c   0x00000018   Code   RO          772    i.osSignalWait      RTX_CM3.lib(rt_cmsis.o)
    0x08000d34   0x0000002c   Code   RO          773    i.osThreadCreate    RTX_CM3.lib(rt_cmsis.o)
    0x08000d60   0x00000018   Code   RO          774    i.osThreadExit      RTX_CM3.lib(rt_cmsis.o)
    0x08000d78   0x0000000c   Code   RO          780    i.osTimerCall       RTX_CM3.lib(rt_cmsis.o)
    0x08000d84   0x0000002c   Code   RO          785    i.osTimerThread     RTX_CM3.lib(rt_cmsis.o)
    0x08000db0   0x00000022   Code   RO          109    i.os_error          rtx_conf_cm.o
    0x08000dd2   0x00000004   Code   RO          110    i.os_idle_demon     rtx_conf_cm.o
    0x08000dd6   0x00000002   PAD
    0x08000dd8   0x00000028   Code   RO         1478    i.os_tick_init      RTX_CM3.lib(rt_system.o)
    0x08000e00   0x00000002   Code   RO         1479    i.os_tick_irqack    RTX_CM3.lib(rt_system.o)
    0x08000e02   0x0000001a   Code   RO         1832    i.rt_alloc_box      RTX_CM3.lib(rt_membox.o)
    0x08000e1c   0x0000003e   Code   RO         1860    i.rt_alloc_mem      RTX_CM3.lib(rt_memory.o)
    0x08000e5a   0x00000002   PAD
    0x08000e5c   0x00000038   Code   RO         1359    i.rt_block          RTX_CM3.lib(rt_task.o)
    0x08000e94   0x00000048   Code   RO         1809    i.rt_chk_robin      RTX_CM3.lib(rt_robin.o)
    0x08000edc   0x00000070   Code   RO         1610    i.rt_dec_dly        RTX_CM3.lib(rt_list.o)
    0x08000f4c   0x00000044   Code   RO         1360    i.rt_dispatch       RTX_CM3.lib(rt_task.o)
    0x08000f90   0x0000001c   Code   RO         1569    i.rt_evt_clr        RTX_CM3.lib(rt_event.o)
    0x08000fac   0x00000050   Code   RO         1571    i.rt_evt_psh        RTX_CM3.lib(rt_event.o)
    0x08000ffc   0x0000005c   Code   RO         1572    i.rt_evt_set        RTX_CM3.lib(rt_event.o)
    0x08001058   0x0000003c   Code   RO         1573    i.rt_evt_wait       RTX_CM3.lib(rt_event.o)
    0x08001094   0x0000002c   Code   RO         1833    i.rt_free_box       RTX_CM3.lib(rt_membox.o)
    0x080010c0   0x00000028   Code   RO         1861    i.rt_free_mem       RTX_CM3.lib(rt_memory.o)
    0x080010e8   0x00000028   Code   RO         1611    i.rt_get_first      RTX_CM3.lib(rt_list.o)
    0x08001110   0x00000008   Code   RO          790    i.rt_id2obj         RTX_CM3.lib(rt_cmsis.o)
    0x08001118   0x00000048   Code   RO         1361    i.rt_init_context   RTX_CM3.lib(rt_task.o)
    0x08001160   0x0000001a   Code   RO         1862    i.rt_init_mem       RTX_CM3.lib(rt_memory.o)
    0x0800117a   0x00000002   PAD
    0x0800117c   0x00000018   Code   RO         1810    i.rt_init_robin     RTX_CM3.lib(rt_robin.o)
    0x08001194   0x00000080   Code   RO         1887    i.rt_init_stack     RTX_CM3.lib(hal_cm.o)
    0x08001214   0x00000008   Code   RO         1688    i.rt_mbx_check      RTX_CM3.lib(rt_mailbox.o)
    0x0800121c   0x0000001a   Code   RO         1689    i.rt_mbx_init       RTX_CM3.lib(rt_mailbox.o)
    0x08001236   0x00000002   PAD
    0x08001238   0x000000f0   Code   RO         1690    i.rt_mbx_psh        RTX_CM3.lib(rt_mailbox.o)
    0x08001328   0x000000b4   Code   RO         1692    i.rt_mbx_wait       RTX_CM3.lib(rt_mailbox.o)
    0x080013dc   0x00000044   Code   RO          791    i.rt_ms2tick        RTX_CM3.lib(rt_cmsis.o)
    0x08001420   0x00000010   Code   RO         1444    i.rt_mut_init       RTX_CM3.lib(rt_mutex.o)
    0x08001430   0x000000d8   Code   RO         1445    i.rt_mut_release    RTX_CM3.lib(rt_mutex.o)
    0x08001508   0x00000078   Code   RO         1446    i.rt_mut_wait       RTX_CM3.lib(rt_mutex.o)
    0x08001580   0x0000007c   Code   RO         1482    i.rt_pop_req        RTX_CM3.lib(rt_system.o)
    0x080015fc   0x00000020   Code   RO         1483    i.rt_psh_req        RTX_CM3.lib(rt_system.o)
    0x0800161c   0x0000005c   Code   RO         1613    i.rt_psq_enq        RTX_CM3.lib(rt_list.o)
    0x08001678   0x00000048   Code   RO         1614    i.rt_put_dly        RTX_CM3.lib(rt_list.o)
    0x080016c0   0x00000036   Code   RO         1615    i.rt_put_prio       RTX_CM3.lib(rt_list.o)
    0x080016f6   0x00000002   PAD
    0x080016f8   0x00000014   Code   RO         1616    i.rt_put_rdy_first  RTX_CM3.lib(rt_list.o)
    0x0800170c   0x00000034   Code   RO         1617    i.rt_resort_prio    RTX_CM3.lib(rt_list.o)
    0x08001740   0x00000006   Code   RO         1888    i.rt_ret_val        RTX_CM3.lib(hal_cm.o)
    0x08001746   0x00000008   Code   RO         1889    i.rt_ret_val2       RTX_CM3.lib(hal_cm.o)
    0x0800174e   0x00000028   Code   RO         1618    i.rt_rmv_dly        RTX_CM3.lib(rt_list.o)
    0x08001776   0x00000002   PAD
    0x08001778   0x00000030   Code   RO         1619    i.rt_rmv_list       RTX_CM3.lib(rt_list.o)
    0x080017a8   0x0000000c   Code   RO         1736    i.rt_sem_init       RTX_CM3.lib(rt_semaphore.o)
    0x080017b4   0x00000034   Code   RO         1737    i.rt_sem_psh        RTX_CM3.lib(rt_semaphore.o)
    0x080017e8   0x0000002a   Code   RO         1738    i.rt_sem_send       RTX_CM3.lib(rt_semaphore.o)
    0x08001812   0x00000002   PAD
    0x08001814   0x00000040   Code   RO         1739    i.rt_sem_wait       RTX_CM3.lib(rt_semaphore.o)
    0x08001854   0x00000024   Code   RO         1485    i.rt_stk_check      RTX_CM3.lib(rt_system.o)
    0x08001878   0x00000028   Code   RO         1362    i.rt_switch_req     RTX_CM3.lib(rt_task.o)
    0x080018a0   0x000000cc   Code   RO         1363    i.rt_sys_init       RTX_CM3.lib(rt_task.o)
    0x0800196c   0x00000078   Code   RO         1364    i.rt_sys_start      RTX_CM3.lib(rt_task.o)
    0x080019e4   0x00000040   Code   RO         1487    i.rt_systick        RTX_CM3.lib(rt_system.o)
    0x08001a24   0x00000012   Code   RO          792    i.rt_tid2ptcb       RTX_CM3.lib(rt_cmsis.o)
    0x08001a36   0x00000002   PAD
    0x08001a38   0x00000034   Code   RO          793    i.rt_timer_insert   RTX_CM3.lib(rt_cmsis.o)
    0x08001a6c   0x00000088   Code   RO         1365    i.rt_tsk_create     RTX_CM3.lib(rt_task.o)
    0x08001af4   0x0000017c   Code   RO         1366    i.rt_tsk_delete     RTX_CM3.lib(rt_task.o)
    0x08001c70   0x0000007c   Code   RO         1368    i.rt_tsk_prio       RTX_CM3.lib(rt_task.o)
    0x08001cec   0x00000010   Code   RO         1369    i.rt_tsk_self       RTX_CM3.lib(rt_task.o)
    0x08001cfc   0x00000070   Code   RO          796    i.svcKernelInitialize  RTX_CM3.lib(rt_cmsis.o)
    0x08001d6c   0x00000048   Code   RO          798    i.svcKernelStart    RTX_CM3.lib(rt_cmsis.o)
    0x08001db4   0x00000024   Code   RO          801    i.svcMessageCreate  RTX_CM3.lib(rt_cmsis.o)
    0x08001dd8   0x0000003a   Code   RO          802    i.svcMessageGet     RTX_CM3.lib(rt_cmsis.o)
    0x08001e12   0x00000024   Code   RO          809    i.svcSemaphoreCreate  RTX_CM3.lib(rt_cmsis.o)
    0x08001e36   0x00000028   Code   RO          811    i.svcSemaphoreRelease  RTX_CM3.lib(rt_cmsis.o)
    0x08001e5e   0x00000032   Code   RO          812    i.svcSemaphoreWait  RTX_CM3.lib(rt_cmsis.o)
    0x08001e90   0x00000024   Code   RO          813    i.svcSignalClear    RTX_CM3.lib(rt_cmsis.o)
    0x08001eb4   0x00000024   Code   RO          814    i.svcSignalSet      RTX_CM3.lib(rt_cmsis.o)
    0x08001ed8   0x00000054   Code   RO          815    i.svcSignalWait     RTX_CM3.lib(rt_cmsis.o)
    0x08001f2c   0x0000006c   Code   RO          816    i.svcThreadCreate   RTX_CM3.lib(rt_cmsis.o)
    0x08001f98   0x0000001c   Code   RO          817    i.svcThreadGetId    RTX_CM3.lib(rt_cmsis.o)
    0x08001fb4   0x00000038   Code   RO          820    i.svcThreadTerminate  RTX_CM3.lib(rt_cmsis.o)
    0x08001fec   0x00000018   Code   RO          822    i.svcTimerCall      RTX_CM3.lib(rt_cmsis.o)
    0x08002004   0x0000005c   Code   RO          831    i.sysTimerTick      RTX_CM3.lib(rt_cmsis.o)
    0x08002060   0x000000a8   Code   RO           14    i.thread            barrier.o
    0x08002108   0x00000014   Data   RO           15    .constdata          barrier.o
    0x0800211c   0x00000068   Data   RO          112    .constdata          rtx_conf_cm.o
    0x08002184   0x00000020   Data   RO         2222    Region$$Table       anon$$obj.o


    Execution Region ER_RW (Base: 0x20000000, Size: 0x00000058, Max: 0xffffffff, ABSOLUTE)

    Base Addr    Size         Type   Attr      Idx    E Section Name        Object

    0x20000000   0x0000001c   Data   RW           16    .data               barrier.o
    0x2000001c   0x00000014   Data   RW          113    .data               rtx_conf_cm.o
    0x20000030   0x00000008   Data   RW          834    .data               RTX_CM3.lib(rt_cmsis.o)
    0x20000038   0x00000008   Data   RW         1371    .data               RTX_CM3.lib(rt_task.o)
    0x20000040   0x00000008   Data   RW         1490    .data               RTX_CM3.lib(rt_system.o)
    0x20000048   0x00000004   Data   RW         1780    .data               RTX_CM3.lib(rt_time.o)
    0x2000004c   0x00000008   Data   RW         1811    .data               RTX_CM3.lib(rt_robin.o)
    0x20000054   0x00000001   Data   RW         1890    .data               RTX_CM3.lib(hal_cm.o)


    Execution Region ER_ZI (Base: 0x20000058, Size: 0x00001970, Max: 0xffffffff, ABSOLUTE)

    Base Addr    Size         Type   Attr      Idx    E Section Name        Object

    0x20000058   0x000012ac   Zero   RW          111    .bss                rtx_conf_cm.o
    0x20001304   0x00000034   Zero   RW         1370    .bss                RTX_CM3.lib(rt_task.o)
    0x20001338   0x00000030   Zero   RW         1620    .bss                RTX_CM3.lib(rt_list.o)
    0x20001368   0x00000060   Zero   RW         1948    .bss                c_w.l(libspace.o)
    0x200013c8   0x00000200   Zero   RW          694    HEAP                startup_stm32f207xx.o
    0x200015c8   0x00000400   Zero   RW          693    STACK               startup_stm32f207xx.o


==============================================================================

Image component sizes


      Code (inc. data)   RO Data    RW Data    ZI Data      Debug   Object Name

       788         98         20         28          0      10686   barrier.o
         0          0          0          0          0       1444   mutex.o
       170         36        104         20       4780       9595   rtx_conf_cm.o
        64         26        388          0       1536        792   startup_stm32f207xx.o
        84         16          0          0          0        449   system_stm32f2xx.o

    ----------------------------------------------------------------------
      1108        176        544         48       6316      22966   Object Totals
         0          0         32          0          0          0   (incl. Generated)
         2          0          0          0          0          0   (incl. Padding)

    ----------------------------------------------------------------------

      Code (inc. data)   RO Data    RW Data    ZI Data      Debug   Library Member Name

       238         24          0          1          0       3312   hal_cm.o
       304         36          0          0          0        768   hal_cm3.o
      1632        176          0          8          0      41005   rt_cmsis.o
       300         24          0          0          0       3183   rt_event.o
       530         34          0          0         48       8253   rt_list.o
       554         10          0          0          0       3949   rt_mailbox.o
       140          0          0          0          0       1925   rt_membox.o
       128          0          0          0          0       2307   rt_memory.o
       352         14          0          0          0       2105   rt_mutex.o
        96         22          0          8          0       1158   rt_robin.o
       186         10          0          0          0       2902   rt_semaphore.o
       298         52          0          8          0       6223   rt_system.o
      1216        174          0          8         52       9649   rt_task.o
         0          0          0          4          0        214   rt_time.o
         4          4          0          0          0        208   svc_table.o
         8          0          0          0          0         68   __main.o
         0          0          0          0          0          0   __rtentry.o
        20          0          0          0          0          0   __rtentry2.o
         6          0          0          0          0          0   __rtentry4.o
        52          8          0          0          0          0   __scatter.o
        26          0          0          0          0          0   __scatter_copy.o
        28          0          0          0          0          0   __scatter_zi.o
        10          0          0          0          0         68   defsig_exit.o
        50          0          0          0          0         88   defsig_general.o
        80         58          0          0          0         76   defsig_rtmem_inner.o
        14          0          0          0          0         80   defsig_rtmem_outer.o
        12          0          0          0          0         72   exit.o
       158          0          0          0          0        128   h1_alloc_mt.o
        62          0          0          0          0         80   h1_extend_mt.o
       118          0          0          0          0        108   h1_free_mt.o
        18          0          0          0          0         84   h1_init_mt.o
         6          0          0          0          0        152   heapauxi.o
         4          0          0          0          0        136   hguard.o
         0          0          0          0          0          0   indicate_semi.o
       138          0          0          0          0        168   init_alloc.o
         2          0          0          0          0          0   libinit.o
        10          0          0          0          0          0   libinit2.o
         2          0          0          0          0          0   libshutdown.o
         2          0          0          0          0          0   libshutdown2.o
         8          4          0          0         96         68   libspace.o
         0          0          0          0          0          0   maybetermalloc1.o
        10          0          0          0          0         76   rt_heap_descriptor_twolibspace.o
         2          0          0          0          0          0   rtexit.o
        10          0          0          0          0          0   rtexit2.o
        12          4          0          0          0         68   sys_exit.o
        74          0          0          0          0         80   sys_stackheap_outer.o
        14          0          0          0          0         76   sys_wrch.o
         2          0          0          0          0         68   use_no_semi.o

    ----------------------------------------------------------------------
      6960        654          0         40        196      88905   Library Totals
        24          0          0          3          0          0   (incl. Padding)

    ----------------------------------------------------------------------

      Code (inc. data)   RO Data    RW Data    ZI Data      Debug   Library Name

      5978        580          0         37        100      87161   RTX_CM3.lib
       958         74          0          0         96       1744   c_w.l

    ----------------------------------------------------------------------
      6960        654          0         40        196      88905   Library Totals

    ----------------------------------------------------------------------

==============================================================================


      Code (inc. data)   RO Data    RW Data    ZI Data      Debug   

      8068        830        544         88       6512     105939   Grand Totals
      8068        830        544         88       6512     105939   ELF Image Totals
      8068        830        544         88          0          0   ROM Totals

==============================================================================

    Total RO  Size (Code + RO Data)                 8612 (   8.41kB)
    Total RW  Size (RW Data + ZI Data)              6600 (   6.45kB)
    Total ROM Size (Code + RO Data + RW Data)       8700 (   8.50kB)

==============================================================================

