Component: ARM Compiler 5.05 update 2 (build 169) Tool: armlink [4d0f33]

==============================================================================

Section Cross References

    main.o(i.HAL_GetTick) refers to rt_time.o(.data) for os_time
    main.o(i.Print_LCD) refers to glcd_mcbstm32f200.o(i.GLCD_ClearScreen) for GLCD_ClearScreen
    main.o(i.Print_LCD) refers to glcd_mcbstm32f200.o(i.GLCD_DrawString) for GLCD_DrawString
    main.o(i.Print_LCD) refers to main.o(.data) for count_strings
    main.o(i.SystemClock_Config) refers to stm32f2xx_hal_rcc.o(i.HAL_RCC_OscConfig) for HAL_RCC_OscConfig
    main.o(i.SystemClock_Config) refers to stm32f2xx_hal_rcc.o(i.HAL_RCC_ClockConfig) for HAL_RCC_ClockConfig
    main.o(i.main) refers to rt_cmsis.o(i.osKernelInitialize) for osKernelInitialize
    main.o(i.main) refers to stm32f2xx_hal.o(i.HAL_Init) for HAL_Init
    main.o(i.main) refers to main.o(i.SystemClock_Config) for SystemClock_Config
    main.o(i.main) refers to system_stm32f2xx.o(i.SystemCoreClockUpdate) for SystemCoreClockUpdate
    main.o(i.main) refers to glcd_mcbstm32f200.o(i.GLCD_Initialize) for GLCD_Initialize
    main.o(i.main) refers to glcd_mcbstm32f200.o(i.GLCD_SetBackgroundColor) for GLCD_SetBackgroundColor
    main.o(i.main) refers to glcd_mcbstm32f200.o(i.GLCD_SetForegroundColor) for GLCD_SetForegroundColor
    main.o(i.main) refers to glcd_mcbstm32f200.o(i.GLCD_ClearScreen) for GLCD_ClearScreen
    main.o(i.main) refers to glcd_mcbstm32f200.o(i.GLCD_SetFont) for GLCD_SetFont
    main.o(i.main) refers to semaphore.o(i.Init_Semaphore) for Init_Semaphore
    main.o(i.main) refers to rt_cmsis.o(i.osKernelStart) for osKernelStart
    main.o(i.main) refers to glcd_fonts.o(.constdata) for GLCD_Font_16x24
    thread.o(i.Init_Thread) refers to h1_alloc_mt.o(.text) for malloc
    thread.o(i.Init_Thread) refers to rt_cmsis.o(i.osThreadCreate) for osThreadCreate
    thread.o(i.Init_Thread) refers to rt_cmsis.o(i.osSignalSet) for osSignalSet
    thread.o(i.Init_Thread) refers to main.o(.data) for thread_count
    thread.o(i.Init_Thread) refers to thread.o(.constdata) for os_thread_def_master_thread
    thread.o(i.master_thread) refers to rt_cmsis.o(i.osSignalWait) for osSignalWait
    thread.o(i.master_thread) refers to rt_cmsis.o(i.osSignalClear) for osSignalClear
    thread.o(i.master_thread) refers to rt_cmsis.o(i.osDelay) for osDelay
    thread.o(i.master_thread) refers to main.o(i.Print_LCD) for Print_LCD
    thread.o(i.master_thread) refers to rt_cmsis.o(i.osSignalSet) for osSignalSet
    thread.o(i.master_thread) refers to rt_cmsis.o(i.osThreadYield) for osThreadYield
    thread.o(i.master_thread) refers to main.o(.data) for tid_arr
    thread.o(i.work_thread) refers to h1_alloc_mt.o(.text) for malloc
    thread.o(i.work_thread) refers to rt_cmsis.o(i.osSignalWait) for osSignalWait
    thread.o(i.work_thread) refers to rt_cmsis.o(i.osSignalClear) for osSignalClear
    thread.o(i.work_thread) refers to rt_cmsis.o(i.osDelay) for osDelay
    thread.o(i.work_thread) refers to main.o(i.Print_LCD) for Print_LCD
    thread.o(i.work_thread) refers to rt_cmsis.o(i.osSignalSet) for osSignalSet
    thread.o(i.work_thread) refers to rt_cmsis.o(i.osThreadYield) for osThreadYield
    thread.o(i.work_thread) refers to main.o(.data) for tid_arr
    thread.o(.constdata) refers to thread.o(i.master_thread) for master_thread
    thread.o(.constdata) refers to thread.o(i.work_thread) for work_thread
    mutex.o(i.Init_Mutex) refers to h1_alloc_mt.o(.text) for malloc
    mutex.o(i.Init_Mutex) refers to rt_cmsis.o(i.osMutexCreate) for osMutexCreate
    mutex.o(i.Init_Mutex) refers to rt_cmsis.o(i.osDelay) for osDelay
    mutex.o(i.Init_Mutex) refers to rt_cmsis.o(i.osThreadCreate) for osThreadCreate
    mutex.o(i.Init_Mutex) refers to main.o(.data) for thread_count
    mutex.o(i.Init_Mutex) refers to mutex.o(.data) for mid_Thread_Mutex
    mutex.o(i.Init_Mutex) refers to mutex.o(.constdata) for os_mutex_def_SampleMutex
    mutex.o(i.Thread_Mutex) refers to h1_alloc_mt.o(.text) for malloc
    mutex.o(i.Thread_Mutex) refers to rt_cmsis.o(i.osMutexWait) for osMutexWait
    mutex.o(i.Thread_Mutex) refers to rt_cmsis.o(i.osDelay) for osDelay
    mutex.o(i.Thread_Mutex) refers to main.o(i.Print_LCD) for Print_LCD
    mutex.o(i.Thread_Mutex) refers to rt_cmsis.o(i.osMutexRelease) for osMutexRelease
    mutex.o(i.Thread_Mutex) refers to rt_cmsis.o(i.osThreadYield) for osThreadYield
    mutex.o(i.Thread_Mutex) refers to mutex.o(.data) for flag
    mutex.o(i.mutex_master_thr) refers to h1_alloc_mt.o(.text) for malloc
    mutex.o(i.mutex_master_thr) refers to rt_cmsis.o(i.osMutexWait) for osMutexWait
    mutex.o(i.mutex_master_thr) refers to rt_cmsis.o(i.osThreadCreate) for osThreadCreate
    mutex.o(i.mutex_master_thr) refers to rt_cmsis.o(i.osDelay) for osDelay
    mutex.o(i.mutex_master_thr) refers to main.o(i.Print_LCD) for Print_LCD
    mutex.o(i.mutex_master_thr) refers to rt_cmsis.o(i.osMutexRelease) for osMutexRelease
[...]
    .ARM.Collect$$rtentry$$00000002          0x08000208   Section        0  __rtentry2.o(.ARM.Collect$$rtentry$$00000002)
    .ARM.Collect$$rtentry$$00000004          0x08000208   Section        6  __rtentry4.o(.ARM.Collect$$rtentry$$00000004)
    .ARM.Collect$$rtentry$$00000009          0x0800020e   Section        0  __rtentry2.o(.ARM.Collect$$rtentry$$00000009)
    .ARM.Collect$$rtentry$$0000000A          0x0800020e   Section        4  __rtentry2.o(.ARM.Collect$$rtentry$$0000000A)
    .ARM.Collect$$rtentry$$0000000B          0x08000212   Section        8  __rtentry2.o(.ARM.Collect$$rtentry$$0000000B)
    .ARM.Collect$$rtentry$$0000000D          0x0800021a   Section        8  __rtentry2.o(.ARM.Collect$$rtentry$$0000000D)
    .ARM.Collect$$rtexit$$00000000           0x08000222   Section        2  rtexit.o(.ARM.Collect$$rtexit$$00000000)
    .ARM.Collect$$rtexit$$00000002           0x08000224   Section        0  rtexit2.o(.ARM.Collect$$rtexit$$00000002)
    .ARM.Collect$$rtexit$$00000003           0x08000224   Section        4  rtexit2.o(.ARM.Collect$$rtexit$$00000003)
    .ARM.Collect$$rtexit$$00000004           0x08000228   Section        6  rtexit2.o(.ARM.Collect$$rtexit$$00000004)
    .emb_text                                0x08000230   Section       28  rtx_conf_cm.o(.emb_text)
    .emb_text                                0x0800024c   Section      304  hal_cm3.o(.emb_text)
    .emb_text                                0x0800037c   Section        0  maybetermalloc1.o(.emb_text)
    .text                                    0x0800037c   Section       64  startup_stm32f207xx.o(.text)
    .text                                    0x080003bc   Section        8  libspace.o(.text)
    .text                                    0x080003c4   Section        0  h1_alloc_mt.o(.text)
    Heap1_SizeAdjust                         0x080003c5   Thumb Code     8  h1_alloc_mt.o(.text)
    .text                                    0x08000462   Section      238  lludivv7m.o(.text)
    .text                                    0x08000550   Section        0  exit.o(.text)
    .text                                    0x0800055c   Section        0  heapauxi.o(.text)
    .text                                    0x08000562   Section       10  rt_heap_descriptor_twolibspace.o(.text)
    .text                                    0x0800056c   Section        0  hguard.o(.text)
    .text                                    0x08000570   Section        0  init_alloc.o(.text)
    .text                                    0x080005fa   Section        0  h1_init_mt.o(.text)
    .text                                    0x0800060c   Section        0  h1_free_mt.o(.text)
    .text                                    0x08000682   Section        0  h1_extend_mt.o(.text)
    .text                                    0x080006c0   Section        0  defsig_rtmem_outer.o(.text)
    .text                                    0x080006d0   Section        0  sys_exit.o(.text)
    .text                                    0x080006dc   Section        2  use_no_semi.o(.text)
    .text                                    0x080006de   Section        0  indicate_semi.o(.text)
    .text                                    0x080006de   Section       74  sys_stackheap_outer.o(.text)
    .text                                    0x08000728   Section        0  defsig_exit.o(.text)
    .text                                    0x08000734   Section        0  defsig_rtmem_inner.o(.text)
    .text                                    0x08000784   Section        0  defsig_general.o(.text)
    .text                                    0x080007b6   Section        0  sys_wrch.o(.text)
    SVC_TABLE                                0x080007c4   Section        4  svc_table.o(SVC_TABLE)
    i.FSMC_NORSRAM_Extended_Timing_Init      0x080007c8   Section        0  stm32f2xx_ll_fsmc.o(i.FSMC_NORSRAM_Extended_Timing_Init)
    i.FSMC_NORSRAM_Init                      0x08000810   Section        0  stm32f2xx_ll_fsmc.o(i.FSMC_NORSRAM_Init)
    i.FSMC_NORSRAM_Timing_Init               0x08000868   Section        0  stm32f2xx_ll_fsmc.o(i.FSMC_NORSRAM_Timing_Init)
    i.GLCD_ClearScreen                       0x080008ac   Section        0  glcd_mcbstm32f200.o(i.GLCD_ClearScreen)
    i.GLCD_DrawChar                          0x080008e8   Section        0  glcd_mcbstm32f200.o(i.GLCD_DrawChar)
    i.GLCD_DrawString                        0x080009b8   Section        0  glcd_mcbstm32f200.o(i.GLCD_DrawString)
    i.GLCD_Initialize                        0x080009e4   Section        0  glcd_mcbstm32f200.o(i.GLCD_Initialize)
    i.GLCD_SetBackgroundColor                0x08001118   Section        0  glcd_mcbstm32f200.o(i.GLCD_SetBackgroundColor)
    i.GLCD_SetFont                           0x08001128   Section        0  glcd_mcbstm32f200.o(i.GLCD_SetFont)
    i.GLCD_SetForegroundColor                0x08001138   Section        0  glcd_mcbstm32f200.o(i.GLCD_SetForegroundColor)
    i.GLCD_SetWindow                         0x08001148   Section        0  glcd_mcbstm32f200.o(i.GLCD_SetWindow)
    GLCD_SetWindow                           0x08001149   Thumb Code   168  glcd_mcbstm32f200.o(i.GLCD_SetWindow)
    i.HAL_Delay                              0x080011f4   Section        0  stm32f2xx_hal.o(i.HAL_Delay)
    i.HAL_GPIO_Init                          0x08001214   Section        0  stm32f2xx_hal_gpio.o(i.HAL_GPIO_Init)
    i.HAL_GPIO_WritePin                      0x08001420   Section        0  stm32f2xx_hal_gpio.o(i.HAL_GPIO_WritePin)
    i.HAL_GetTick                            0x0800142c   Section        0  main.o(i.HAL_GetTick)
    i.HAL_Init                               0x08001438   Section        0  stm32f2xx_hal.o(i.HAL_Init)
    i.HAL_InitTick                           0x08001474   Section        0  stm32f2xx_hal.o(i.HAL_InitTick)
    i.HAL_MspInit                            0x0800149c   Section        0  stm32f2xx_hal.o(i.HAL_MspInit)
    i.HAL_NVIC_SetPriority                   0x0800149e   Section        0  stm32f2xx_hal_cortex.o(i.HAL_NVIC_SetPriority)
    i.HAL_NVIC_SetPriorityGrouping           0x0800151c   Section        0  stm32f2xx_hal_cortex.o(i.HAL_NVIC_SetPriorityGrouping)
    i.HAL_RCC_ClockConfig                    0x08001544   Section        0  stm32f2xx_hal_rcc.o(i.HAL_RCC_ClockConfig)
    i.HAL_RCC_GetSysClockFreq                0x080016c8   Section        0  stm32f2xx_hal_rcc.o(i.HAL_RCC_GetSysClockFreq)
    i.HAL_RCC_OscConfig                      0x08001778   Section        0  stm32f2xx_hal_rcc.o(i.HAL_RCC_OscConfig)
    i.HAL_SRAM_Init                          0x08001b18   Section        0  stm32f2xx_hal_sram.o(i.HAL_SRAM_Init)
    i.HAL_SRAM_MspInit                       0x08001b70   Section        0  stm32f2xx_hal_sram.o(i.HAL_SRAM_MspInit)
    i.HAL_SYSTICK_Config                     0x08001b72   Section        0  stm32f2xx_hal_cortex.o(i.HAL_SYSTICK_Config)
    i.Init_Semaphore                         0x08001ba8   Section        0  semaphore.o(i.Init_Semaphore)
    i.Print_LCD                              0x08001c1c   Section        0  main.o(i.Print_LCD)
    i.SystemClock_Config                     0x08001c74   Section        0  main.o(i.SystemClock_Config)
    SystemClock_Config                       0x08001c75   Thumb Code    76  main.o(i.SystemClock_Config)
    i.SystemCoreClockUpdate                  0x08001cc0   Section        0  system_stm32f2xx.o(i.SystemCoreClockUpdate)
    i.SystemInit                             0x08001d80   Section        0  system_stm32f2xx.o(i.SystemInit)
    i.Thread_Semaphore                       0x08001dd4   Section        0  semaphore.o(i.Thread_Semaphore)
    i.__NVIC_GetPriorityGrouping             0x08001e20   Section        0  stm32f2xx_hal_cortex.o(i.__NVIC_GetPriorityGrouping)
    __NVIC_GetPriorityGrouping               0x08001e21   Thumb Code    10  stm32f2xx_hal_cortex.o(i.__NVIC_GetPriorityGrouping)
    i.__NVIC_SetPriority                     0x08001e30   Section        0  stm32f2xx_hal_cortex.o(i.__NVIC_SetPriority)
    __NVIC_SetPriority                       0x08001e31   Thumb Code    32  stm32f2xx_hal_cortex.o(i.__NVIC_SetPriority)
    i._init_box                              0x08001e58   Section        0  rt_membox.o(i._init_box)
    i._mutex_acquire                         0x08001ea0   Section        0  rtx_conf_cm.o(i._mutex_acquire)
    __tagsym$$used                           0x08001ea1   Number         0  rtx_conf_cm.o(i._mutex_acquire)
    i._mutex_initialize                      0x08001ec0   Section        0  rtx_conf_cm.o(i._mutex_initialize)
    i._mutex_release                         0x08001eec   Section        0  rtx_conf_cm.o(i._mutex_release)
    __tagsym$$used                           0x08001eed   Number         0  rtx_conf_cm.o(i._mutex_release)
    i.dbg_init                               0x08001f08   Section        0  hal_cm.o(i.dbg_init)
    i.dbg_task_notify                        0x08001f38   Section        0  hal_cm.o(i.dbg_task_notify)
    i.dbg_task_switch                        0x08001f58   Section        0  hal_cm.o(i.dbg_task_switch)
    i.isrMessageGet                          0x08001f68   Section        0  rt_cmsis.o(i.isrMessageGet)
    i.isrMessagePut                          0x08001f92   Section        0  rt_cmsis.o(i.isrMessagePut)
    i.isrSemaphoreRelease                    0x08001fbe   Section        0  rt_cmsis.o(i.isrSemaphoreRelease)
    i.isr_mbx_receive                        0x08001fe8   Section        0  rt_mailbox.o(i.isr_mbx_receive)
    i.isr_mbx_send                           0x0800203e   Section        0  rt_mailbox.o(i.isr_mbx_send)
    i.isr_sem_send                           0x0800204c   Section        0  rt_semaphore.o(i.isr_sem_send)
    i.main                                   0x0800205c   Section        0  main.o(i.main)
    i.osDelay                                0x0800209c   Section        0  rt_cmsis.o(i.osDelay)
    i.osKernelInitialize                     0x080020b4   Section        0  rt_cmsis.o(i.osKernelInitialize)
    i.osKernelStart                          0x080020d8   Section        0  rt_cmsis.o(i.osKernelStart)
    i.osMessageGet                           0x08002144   Section        0  rt_cmsis.o(i.osMessageGet)
    i.osSemaphoreCreate                      0x0800215c   Section        0  rt_cmsis.o(i.osSemaphoreCreate)
    i.osSemaphoreRelease                     0x08002188   Section        0  rt_cmsis.o(i.osSemaphoreRelease)
    i.osSemaphoreWait                        0x080021a0   Section        0  rt_cmsis.o(i.osSemaphoreWait)
    i.osThreadCreate                         0x080021b8   Section        0  rt_cmsis.o(i.osThreadCreate)
    i.osThreadExit                           0x080021e4   Section        0  rt_cmsis.o(i.osThreadExit)
    i.osTimerCall                            0x080021fc   Section        0  rt_cmsis.o(i.osTimerCall)
    i.osTimerThread                          0x08002208   Section        0  rt_cmsis.o(i.osTimerThread)
    i.os_error                               0x08002234   Section        0  rtx_conf_cm.o(i.os_error)
    i.os_idle_demon                          0x08002256   Section        0  rtx_conf_cm.o(i.os_idle_demon)
    i.os_tick_init                           0x0800225c   Section        0  rt_system.o(i.os_tick_init)
    i.os_tick_irqack                         0x08002284   Section        0  rt_system.o(i.os_tick_irqack)
    i.rt_alloc_box                           0x08002286   Section        0  rt_membox.o(i.rt_alloc_box)
    i.rt_alloc_mem                           0x080022a0   Section        0  rt_memory.o(i.rt_alloc_mem)
    i.rt_block                               0x080022e0   Section        0  rt_task.o(i.rt_block)
    i.rt_chk_robin                           0x08002318   Section        0  rt_robin.o(i.rt_chk_robin)
    i.rt_dec_dly                             0x08002360   Section        0  rt_list.o(i.rt_dec_dly)
    i.rt_dispatch                            0x080023d0   Section        0  rt_task.o(i.rt_dispatch)
    i.rt_dly_wait                            0x08002414   Section        0  rt_time.o(i.rt_dly_wait)
    i.rt_evt_psh                             0x0800241c   Section        0  rt_event.o(i.rt_evt_psh)
    i.rt_free_box                            0x0800246c   Section        0  rt_membox.o(i.rt_free_box)
    i.rt_free_mem                            0x08002498   Section        0  rt_memory.o(i.rt_free_mem)
    i.rt_get_first                           0x080024c0   Section        0  rt_list.o(i.rt_get_first)
    i.rt_id2obj                              0x080024e8   Section        0  rt_cmsis.o(i.rt_id2obj)
    rt_id2obj                                0x080024e9   Thumb Code     8  rt_cmsis.o(i.rt_id2obj)
    i.rt_init_context                        0x080024f0   Section        0  rt_task.o(i.rt_init_context)
    rt_init_context                          0x080024f1   Thumb Code    66  rt_task.o(i.rt_init_context)
    i.rt_init_mem                            0x08002538   Section        0  rt_memory.o(i.rt_init_mem)
    i.rt_init_robin                          0x08002554   Section        0  rt_robin.o(i.rt_init_robin)
    i.rt_init_stack                          0x0800256c   Section        0  hal_cm.o(i.rt_init_stack)
    i.rt_mbx_check                           0x080025ec   Section        0  rt_mailbox.o(i.rt_mbx_check)
    i.rt_mbx_init                            0x080025f4   Section        0  rt_mailbox.o(i.rt_mbx_init)
    i.rt_mbx_psh                             0x08002610   Section        0  rt_mailbox.o(i.rt_mbx_psh)
    i.rt_mbx_wait                            0x08002700   Section        0  rt_mailbox.o(i.rt_mbx_wait)
    i.rt_ms2tick                             0x080027b4   Section        0  rt_cmsis.o(i.rt_ms2tick)
    rt_ms2tick                               0x080027b5   Thumb Code    58  rt_cmsis.o(i.rt_ms2tick)
    i.rt_mut_init                            0x080027f8   Section        0  rt_mutex.o(i.rt_mut_init)
    i.rt_mut_release                         0x08002808   Section        0  rt_mutex.o(i.rt_mut_release)
    i.rt_mut_wait                            0x080028e0   Section        0  rt_mutex.o(i.rt_mut_wait)
    i.rt_pop_req                             0x08002958   Section        0  rt_system.o(i.rt_pop_req)
    i.rt_psh_req                             0x080029d4   Section        0  rt_system.o(i.rt_psh_req)
    i.rt_psq_enq                             0x080029f4   Section        0  rt_list.o(i.rt_psq_enq)
    i.rt_put_dly                             0x08002a50   Section        0  rt_list.o(i.rt_put_dly)
    i.rt_put_prio                            0x08002a98   Section        0  rt_list.o(i.rt_put_prio)
    i.rt_put_rdy_first                       0x08002ad0   Section        0  rt_list.o(i.rt_put_rdy_first)
    i.rt_resort_prio                         0x08002ae4   Section        0  rt_list.o(i.rt_resort_prio)
    i.rt_ret_val                             0x08002b18   Section        0  hal_cm.o(i.rt_ret_val)
    i.rt_ret_val2                            0x08002b1e   Section        0  hal_cm.o(i.rt_ret_val2)
    i.rt_rmv_dly                             0x08002b26   Section        0  rt_list.o(i.rt_rmv_dly)
    i.rt_rmv_list                            0x08002b50   Section        0  rt_list.o(i.rt_rmv_list)
    i.rt_sem_init                            0x08002b80   Section        0  rt_semaphore.o(i.rt_sem_init)
    i.rt_sem_psh                             0x08002b8c   Section        0  rt_semaphore.o(i.rt_sem_psh)
    i.rt_sem_send                            0x08002bc0   Section        0  rt_semaphore.o(i.rt_sem_send)
    i.rt_sem_wait                            0x08002bec   Section        0  rt_semaphore.o(i.rt_sem_wait)
    i.rt_stk_check                           0x08002c2c   Section        0  rt_system.o(i.rt_stk_check)
    i.rt_switch_req                          0x08002c50   Section        0  rt_task.o(i.rt_switch_req)
    i.rt_sys_init                            0x08002c78   Section        0  rt_task.o(i.rt_sys_init)
    i.rt_sys_start                           0x08002d44   Section        0  rt_task.o(i.rt_sys_start)
    i.rt_systick                             0x08002dbc   Section        0  rt_system.o(i.rt_systick)
    i.rt_tid2ptcb                            0x08002dfc   Section        0  rt_cmsis.o(i.rt_tid2ptcb)
    rt_tid2ptcb                              0x08002dfd   Thumb Code    18  rt_cmsis.o(i.rt_tid2ptcb)
    i.rt_timer_insert                        0x08002e10   Section        0  rt_cmsis.o(i.rt_timer_insert)
    rt_timer_insert                          0x08002e11   Thumb Code    48  rt_cmsis.o(i.rt_timer_insert)
    i.rt_tsk_create                          0x08002e44   Section        0  rt_task.o(i.rt_tsk_create)
    i.rt_tsk_delete                          0x08002ecc   Section        0  rt_task.o(i.rt_tsk_delete)
    i.rt_tsk_prio                            0x08003048   Section        0  rt_task.o(i.rt_tsk_prio)
    i.rt_tsk_self                            0x080030c4   Section        0  rt_task.o(i.rt_tsk_self)
    i.svcDelay                               0x080030d4   Section        0  rt_cmsis.o(i.svcDelay)
    i.svcKernelInitialize                    0x080030e8   Section        0  rt_cmsis.o(i.svcKernelInitialize)
    i.svcKernelStart                         0x08003158   Section        0  rt_cmsis.o(i.svcKernelStart)
    i.svcMessageCreate                       0x080031a0   Section        0  rt_cmsis.o(i.svcMessageCreate)
    i.svcMessageGet                          0x080031c4   Section        0  rt_cmsis.o(i.svcMessageGet)
    i.svcSemaphoreCreate                     0x080031fe   Section        0  rt_cmsis.o(i.svcSemaphoreCreate)
    i.svcSemaphoreRelease                    0x08003222   Section        0  rt_cmsis.o(i.svcSemaphoreRelease)
    i.svcSemaphoreWait                       0x0800324a   Section        0  rt_cmsis.o(i.svcSemaphoreWait)
    i.svcThreadCreate                        0x0800327c   Section        0  rt_cmsis.o(i.svcThreadCreate)
    i.svcThreadGetId                         0x080032e8   Section        0  rt_cmsis.o(i.svcThreadGetId)
    i.svcThreadTerminate                     0x08003304   Section        0  rt_cmsis.o(i.svcThreadTerminate)
    i.svcTimerCall                           0x0800333c   Section        0  rt_cmsis.o(i.svcTimerCall)
    i.sysTimerTick                           0x08003354   Section        0  rt_cmsis.o(i.sysTimerTick)
    i.wr_cmd                                 0x080033b0   Section        0  glcd_mcbstm32f200.o(i.wr_cmd)
    wr_cmd                                   0x080033b1   Thumb Code     8  glcd_mcbstm32f200.o(i.wr_cmd)
    i.wr_dat                                 0x080033b8   Section        0  glcd_mcbstm32f200.o(i.wr_dat)
    wr_dat                                   0x080033b9   Thumb Code     8  glcd_mcbstm32f200.o(i.wr_dat)
    i.wr_dat_only                            0x080033c0   Section        0  glcd_mcbstm32f200.o(i.wr_dat_only)
    wr_dat_only                              0x080033c1   Thumb Code     8  glcd_mcbstm32f200.o(i.wr_dat_only)
    i.wr_reg                                 0x080033c8   Section        0  glcd_mcbstm32f200.o(i.wr_reg)
    wr_reg                                   0x080033c9   Thumb Code    20  glcd_mcbstm32f200.o(i.wr_reg)
    .constdata                               0x080033dc   Section       20  semaphore.o(.constdata)
    .constdata                               0x080033f0   Section     6304  glcd_fonts.o(.constdata)
    Font_6x8_h                               0x080033f0   Data         896  glcd_fonts.o(.constdata)
    Font_16x24_h                             0x08003770   Data        5376  glcd_fonts.o(.constdata)
    .constdata                               0x08004c90   Section      104  rtx_conf_cm.o(.constdata)
    __tagsym$$used                           0x08004cac   Number         0  rtx_conf_cm.o(.constdata)
    __tagsym$$used                           0x08004cb0   Number         0  rtx_conf_cm.o(.constdata)
    __tagsym$$used                           0x08004cb4   Number         0  rtx_conf_cm.o(.constdata)
    __tagsym$$used                           0x08004cb8   Number         0  rtx_conf_cm.o(.constdata)
    .constdata                               0x08004cf8   Section       24  system_stm32f2xx.o(.constdata)
    .data                                    0x20000000   Section       16  main.o(.data)
    .data                                    0x20000010   Section       12  semaphore.o(.data)
    .data                                    0x2000001c   Section        9  glcd_mcbstm32f200.o(.data)
    foreground_color                         0x2000001c   Data           2  glcd_mcbstm32f200.o(.data)
    background_color                         0x2000001e   Data           2  glcd_mcbstm32f200.o(.data)
    active_font                              0x20000020   Data           4  glcd_mcbstm32f200.o(.data)
    Himax                                    0x20000024   Data           1  glcd_mcbstm32f200.o(.data)
    .data                                    0x20000028   Section       20  rtx_conf_cm.o(.data)
    nr_mutex                                 0x20000038   Data           4  rtx_conf_cm.o(.data)
    .data                                    0x2000003c   Section        4  system_stm32f2xx.o(.data)
    .data                                    0x20000040   Section        8  rt_cmsis.o(.data)
    .data                                    0x20000048   Section        8  rt_task.o(.data)
    .data                                    0x20000050   Section        4  rt_time.o(.data)
    .data                                    0x20000054   Section        8  rt_system.o(.data)
    os_lock                                  0x20000054   Data           1  rt_system.o(.data)
    os_psh_flag                              0x20000055   Data           1  rt_system.o(.data)
    pend_flags                               0x20000056   Data           1  rt_system.o(.data)
    .data                                    0x2000005c   Section        8  rt_robin.o(.data)
    .data                                    0x20000064   Section        1  hal_cm.o(.data)
    .bss                                     0x20000068   Section       68  glcd_mcbstm32f200.o(.bss)
    hsram4                                   0x20000068   Data          68  glcd_mcbstm32f200.o(.bss)
    .bss                                     0x200000b0   Section     5256  rtx_conf_cm.o(.bss)
    std_libspace                             0x20000f58   Data        1248  rtx_conf_cm.o(.bss)
    std_libmutex                             0x20001438   Data         256  rtx_conf_cm.o(.bss)
    .bss                                     0x20001538   Section       52  rt_task.o(.bss)
    .bss                                     0x2000156c   Section       48  rt_list.o(.bss)
    .bss                                     0x2000159c   Section       96  libspace.o(.bss)
    HEAP                                     0x20001600   Section      512  startup_stm32f207xx.o(HEAP)
    Heap_Mem                                 0x20001600   Data         512  startup_stm32f207xx.o(HEAP)
    STACK                                    0x20001800   Section     1024  startup_stm32f207xx.o(STACK)
    Stack_Mem                                0x20001800   Data        1024  startup_stm32f207xx.o(STACK)
    __initial_sp                             0x20001c00   Data           0  startup_stm32f207xx.o(STACK)

    Global Symbols

    Symbol Name                              Value     Ov Type        Size  Object(Section)

    BuildAttributes$$THM_ISAv4$P$D$K$B$S$PE$A:L22UL41UL21$X:L11$S22US41US21$IEEE1$IW$USESV6$~STKCKD$USESV7$~SHL$OTIME$ROPI$EBA8$UX$STANDARDLIB$REQ8$PRES8$EABIv2 0x00000000   Number         0  anon$$obj.o ABSOLUTE
    __ARM_use_no_argv                        0x00000000   Number         0  main.o ABSOLUTE
    __ARM_exceptions_init                     - Undefined Weak Reference
    __alloca_initialize                       - Undefined Weak Reference
    __arm_preinit_                            - Undefined Weak Reference
    __cpp_initialize__aeabi_                  - Undefined Weak Reference
    __cxa_finalize                            - Undefined Weak Reference
    __rt_locale                               - Undefined Weak Reference
    __sigvec_lookup                           - Undefined Weak Reference
    __user_heap_extent                        - Undefined Weak Reference
    _atexit_init                              - Undefined Weak Reference
    _call_atexit_fns                          - Undefined Weak Reference
    _clock_init                               - Undefined Weak Reference
    _fp_trap_init                             - Undefined Weak Reference
    _fp_trap_shutdown                         - Undefined Weak Reference
    _get_lc_collate                           - Undefined Weak Reference
    _get_lc_ctype                             - Undefined Weak Reference
    _get_lc_monetary                          - Undefined Weak Reference
    _get_lc_numeric                           - Undefined Weak Reference
    _get_lc_time                              - Undefined Weak Reference
    _getenv_init                              - Undefined Weak Reference
    _handle_redirection                       - Undefined Weak Reference
    _initio                                   - Undefined Weak Reference
    _mutex_free                               - Undefined Weak Reference
    _rand_init                                - Undefined Weak Reference
    _signal_finish                            - Undefined Weak Reference
    _signal_init                              - Undefined Weak Reference
    _terminateio                              - Undefined Weak Reference
    __Vectors_Size                           0x00000184   Number         0  startup_stm32f207xx.o ABSOLUTE
    __RL_RTX_VER                             0x00000482   Number         0  rt_system.o ABSOLUTE
    __Vectors                                0x08000000   Data           4  startup_stm32f207xx.o(RESET)
    __Vectors_End                            0x08000184   Data           0  startup_stm32f207xx.o(RESET)
    __main                                   0x08000185   Thumb Code     8  __main.o(!!!main)
    __scatterload                            0x0800018d   Thumb Code     0  __scatter.o(!!!scatter)
    __scatterload_rt2                        0x0800018d   Thumb Code    44  __scatter.o(!!!scatter)
    __scatterload_rt2_thumb_only             0x0800018d   Thumb Code     0  __scatter.o(!!!scatter)
    __scatterload_null                       0x0800019b   Thumb Code     0  __scatter.o(!!!scatter)
    __scatterload_copy                       0x080001c1   Thumb Code    26  __scatter_copy.o(!!handler_copy)
    __scatterload_zeroinit                   0x080001dd   Thumb Code    28  __scatter_zi.o(!!handler_zi)
    __rt_lib_init                            0x080001f9   Thumb Code     0  libinit.o(.ARM.Collect$$libinit$$00000000)
    __rt_lib_init_fp_1                       0x080001fb   Thumb Code     0  libinit2.o(.ARM.Collect$$libinit$$00000002)
    __rt_lib_init_heap_2                     0x080001fb   Thumb Code     0  libinit2.o(.ARM.Collect$$libinit$$00000005)
    __rt_lib_init_preinit_1                  0x080001fb   Thumb Code     0  libinit2.o(.ARM.Collect$$libinit$$00000004)
    __rt_lib_init_alloca_1                   0x08000203   Thumb Code     0  libinit2.o(.ARM.Collect$$libinit$$0000002E)
    __rt_lib_init_argv_1                     0x08000203   Thumb Code     0  libinit2.o(.ARM.Collect$$libinit$$0000002C)
    __rt_lib_init_atexit_1                   0x08000203   Thumb Code     0  libinit2.o(.ARM.Collect$$libinit$$0000001B)
    __rt_lib_init_clock_1                    0x08000203   Thumb Code     0  libinit2.o(.ARM.Collect$$libinit$$00000021)
    __rt_lib_init_cpp_1                      0x08000203   Thumb Code     0  libinit2.o(.ARM.Collect$$libinit$$00000032)
    __rt_lib_init_exceptions_1               0x08000203   Thumb Code     0  libinit2.o(.ARM.Collect$$libinit$$00000030)
    __rt_lib_init_fp_trap_1                  0x08000203   Thumb Code     0  libinit2.o(.ARM.Collect$$libinit$$0000001F)
    __rt_lib_init_getenv_1                   0x08000203   Thumb Code     0  libinit2.o(.ARM.Collect$$libinit$$00000023)
    __rt_lib_init_heap_1                     0x08000203   Thumb Code     0  libinit2.o(.ARM.Collect$$libinit$$0000000A)
    __rt_lib_init_lc_collate_1               0x08000203   Thumb Code     0  libinit2.o(.ARM.Collect$$libinit$$00000011)
    __rt_lib_init_lc_ctype_1                 0x08000203   Thumb Code     0  libinit2.o(.ARM.Collect$$libinit$$00000013)
    __rt_lib_init_lc_monetary_1              0x08000203   Thumb Code     0  libinit2.o(.ARM.Collect$$libinit$$00000015)
    __rt_lib_init_lc_numeric_1               0x08000203   Thumb Code     0  libinit2.o(.ARM.Collect$$libinit$$00000017)
    __rt_lib_init_lc_time_1                  0x08000203   Thumb Code     0  libinit2.o(.ARM.Collect$$libinit$$00000019)
    __rt_lib_init_rand_1                     0x08000203   Thumb Code     0  libinit2.o(.ARM.Collect$$libinit$$0000000E)
    __rt_lib_init_return                     0x08000203   Thumb Code     0  libinit2.o(.ARM.Collect$$libinit$$00000033)
    __rt_lib_init_signal_1                   0x08000203   Thumb Code     0  libinit2.o(.ARM.Collect$$libinit$$0000001D)
    __rt_lib_init_stdio_1                    0x08000203   Thumb Code     0  libinit2.o(.ARM.Collect$$libinit$$00000025)
    __rt_lib_init_user_alloc_1               0x08000203   Thumb Code     0  libinit2.o(.ARM.Collect$$libinit$$0000000C)
    __rt_lib_shutdown                        0x08000205   Thumb Code     0  libshutdown.o(.ARM.Collect$$libshutdown$$00000000)
    __rt_lib_shutdown_fp_trap_1              0x08000207   Thumb Code     0  libshutdown2.o(.ARM.Collect$$libshutdown$$00000006)
    __rt_lib_shutdown_heap_1                 0x08000207   Thumb Code     0  libshutdown2.o(.ARM.Collect$$libshutdown$$0000000E)
    __rt_lib_shutdown_return                 0x08000207   Thumb Code     0  libshutdown2.o(.ARM.Collect$$libshutdown$$0000000F)
    __rt_lib_shutdown_signal_1               0x08000207   Thumb Code     0  libshutdown2.o(.ARM.Collect$$libshutdown$$00000009)
    __rt_lib_shutdown_stdio_1                0x08000207   Thumb Code     0  libshutdown2.o(.ARM.Collect$$libshutdown$$00000003)
    __rt_lib_shutdown_user_alloc_1           0x08000207   Thumb Code     0  libshutdown2.o(.ARM.Collect$$libshutdown$$0000000B)
    __rt_entry                               0x08000209   Thumb Code     0  __rtentry.o(.ARM.Collect$$rtentry$$00000000)
    __rt_entry_presh_1                       0x08000209   Thumb Code     0  __rtentry2.o(.ARM.Collect$$rtentry$$00000002)
    __rt_entry_sh                            0x08000209   Thumb Code     0  __rtentry4.o(.ARM.Collect$$rtentry$$00000004)
    __rt_entry_li                            0x0800020f   Thumb Code     0  __rtentry2.o(.ARM.Collect$$rtentry$$0000000A)
    __rt_entry_postsh_1                      0x0800020f   Thumb Code     0  __rtentry2.o(.ARM.Collect$$rtentry$$00000009)
    __rt_entry_postli_1                      0x08000213   Thumb Code     0  __rtentry2.o(.ARM.Collect$$rtentry$$0000000B)
    __rt_entry_main                          0x0800021b   Thumb Code     0  __rtentry2.o(.ARM.Collect$$rtentry$$0000000D)
    __rt_exit                                0x08000223   Thumb Code     0  rtexit.o(.ARM.Collect$$rtexit$$00000000)
    __rt_exit_ls                             0x08000225   Thumb Code     0  rtexit2.o(.ARM.Collect$$rtexit$$00000003)
    __rt_exit_prels_1                        0x08000225   Thumb Code     0  rtexit2.o(.ARM.Collect$$rtexit$$00000002)
    __rt_exit_exit                           0x08000229   Thumb Code     0  rtexit2.o(.ARM.Collect$$rtexit$$00000004)
    _platform_post_lib_init                  0x08000231   Thumb Code    24  rtx_conf_cm.o(.emb_text)
    rt_set_PSP                               0x0800024d   Thumb Code     6  hal_cm3.o(.emb_text)
    rt_get_PSP                               0x08000253   Thumb Code     6  hal_cm3.o(.emb_text)
    os_set_env                               0x08000259   Thumb Code    24  hal_cm3.o(.emb_text)
    _alloc_box                               0x08000275   Thumb Code    28  hal_cm3.o(.emb_text)
    _free_box                                0x08000295   Thumb Code    28  hal_cm3.o(.emb_text)
    SVC_Handler                              0x080002b5   Thumb Code   108  hal_cm3.o(.emb_text)
    PendSV_Handler                           0x0800032d   Thumb Code    56  hal_cm3.o(.emb_text)
    SysTick_Handler                          0x08000369   Thumb Code     8  hal_cm3.o(.emb_text)
    OS_Tick_Handler                          0x08000371   Thumb Code    12  hal_cm3.o(.emb_text)
    Reset_Handler                            0x0800037d   Thumb Code     8  startup_stm32f207xx.o(.text)
    _maybe_terminate_alloc                   0x0800037d   Thumb Code     0  maybetermalloc1.o(.emb_text)
    NMI_Handler                              0x08000385   Thumb Code     2  startup_stm32f207xx.o(.text)
    HardFault_Handler                        0x08000387   Thumb Code     2  startup_stm32f207xx.o(.text)
    MemManage_Handler                        0x08000389   Thumb Code     2  startup_stm32f207xx.o(.text)
    BusFault_Handler                         0x0800038b   Thumb Code     2  startup_stm32f207xx.o(.text)
    UsageFault_Handler                       0x0800038d   Thumb Code     2  startup_stm32f207xx.o(.text)
    DebugMon_Handler                         0x08000391   Thumb Code     2  startup_stm32f207xx.o(.text)
    ADC_IRQHandler                           0x08000397   Thumb Code     0  startup_stm32f207xx.o(.text)
    CAN1_RX0_IRQHandler                      0x08000397   Thumb Code     0  startup_stm32f207xx.o(.text)
    CAN1_RX1_IRQHandler                      0x08000397   Thumb Code     0  startup_stm32f207xx.o(.text)
    CAN1_SCE_IRQHandler                      0x08000397   Thumb Code     0  startup_stm32f207xx.o(.text)
    CAN1_TX_IRQHandler                       0x08000397   Thumb Code     0  startup_stm32f207xx.o(.text)
    CAN2_RX0_IRQHandler                      0x08000397   Thumb Code     0  startup_stm32f207xx.o(.text)
    CAN2_RX1_IRQHandler                      0x08000397   Thumb Code     0  startup_stm32f207xx.o(.text)
    CAN2_SCE_IRQHandler                      0x08000397   Thumb Code     0  startup_stm32f207xx.o(.text)
    CAN2_TX_IRQHandler                       0x08000397   Thumb Code     0  startup_stm32f207xx.o(.text)
    DCMI_IRQHandler                          0x08000397   Thumb Code     0  startup_stm32f207xx.o(.text)
    DMA1_Stream0_IRQHandler                  0x08000397   Thumb Code     0  startup_stm32f207xx.o(.text)
    DMA1_Stream1_IRQHandler                  0x08000397   Thumb Code     0  startup_stm32f207xx.o(.text)
    DMA1_Stream2_IRQHandler                  0x08000397   Thumb Code     0  startup_stm32f207xx.o(.text)
    DMA1_Stream3_IRQHandler                  0x08000397   Thumb Code     0  startup_stm32f207xx.o(.text)
    DMA1_Stream4_IRQHandler                  0x08000397   Thumb Code     0  startup_stm32f207xx.o(.text)
    DMA1_Stream5_IRQHandler                  0x08000397   Thumb Code     0  startup_stm32f207xx.o(.text)
    DMA1_Stream6_IRQHandler                  0x08000397   Thumb Code     0  startup_stm32f207xx.o(.text)
    DMA1_Stream7_IRQHandler                  0x08000397   Thumb Code     0  startup_stm32f207xx.o(.text)
    DMA2_Stream0_IRQHandler                  0x08000397   Thumb Code     0  startup_stm32f207xx.o(.text)
    DMA2_Stream1_IRQHandler                  0x08000397   Thumb Code     0  startup_stm32f207xx.o(.text)
    DMA2_Stream2_IRQHandler                  0x08000397   Thumb Code     0  startup_stm32f207xx.o(.text)
    DMA2_Stream3_IRQHandler                  0x08000397   Thumb Code     0  startup_stm32f207xx.o(.text)
    DMA2_Stream4_IRQHandler                  0x08000397   Thumb Code     0  startup_stm32f207xx.o(.text)
    DMA2_Stream5_IRQHandler                  0x08000397   Thumb Code     0  startup_stm32f207xx.o(.text)
    DMA2_Stream6_IRQHandler                  0x08000397   Thumb Code     0  startup_stm32f207xx.o(.text)
    DMA2_Stream7_IRQHandler                  0x08000397   Thumb Code     0  startup_stm32f207xx.o(.text)
    ETH_IRQHandler                           0x08000397   Thumb Code     0  startup_stm32f207xx.o(.text)
    ETH_WKUP_IRQHandler                      0x08000397   Thumb Code     0  startup_stm32f207xx.o(.text)
    EXTI0_IRQHandler                         0x08000397   Thumb Code     0  startup_stm32f207xx.o(.text)
    EXTI15_10_IRQHandler                     0x08000397   Thumb Code     0  startup_stm32f207xx.o(.text)
    EXTI1_IRQHandler                         0x08000397   Thumb Code     0  startup_stm32f207xx.o(.text)
    EXTI2_IRQHandler                         0x08000397   Thumb Code     0  startup_stm32f207xx.o(.text)
    EXTI3_IRQHandler                         0x08000397   Thumb Code     0  startup_stm32f207xx.o(.text)
    EXTI4_IRQHandler                         0x08000397   Thumb Code     0  startup_stm32f207xx.o(.text)
    EXTI9_5_IRQHandler                       0x08000397   Thumb Code     0  startup_stm32f207xx.o(.text)
    FLASH_IRQHandler                         0x08000397   Thumb Code     0  startup_stm32f207xx.o(.text)
    FSMC_IRQHandler                          0x08000397   Thumb Code     0  startup_stm32f207xx.o(.text)
    HASH_RNG_IRQHandler                      0x08000397   Thumb Code     0  startup_stm32f207xx.o(.text)
    I2C1_ER_IRQHandler                       0x08000397   Thumb Code     0  startup_stm32f207xx.o(.text)
    I2C1_EV_IRQHandler                       0x08000397   Thumb Code     0  startup_stm32f207xx.o(.text)
    I2C2_ER_IRQHandler                       0x08000397   Thumb Code     0  startup_stm32f207xx.o(.text)
    I2C2_EV_IRQHandler                       0x08000397   Thumb Code     0  startup_stm32f207xx.o(.text)
    I2C3_ER_IRQHandler                       0x08000397   Thumb Code     0  startup_stm32f207xx.o(.text)
    I2C3_EV_IRQHandler                       0x08000397   Thumb Code     0  startup_stm32f207xx.o(.text)
    OTG_FS_IRQHandler                        0x08000397   Thumb Code     0  startup_stm32f207xx.o(.text)
    OTG_FS_WKUP_IRQHandler                   0x08000397   Thumb Code     0  startup_stm32f207xx.o(.text)
    OTG_HS_EP1_IN_IRQHandler                 0x08000397   Thumb Code     0  startup_stm32f207xx.o(.text)
    OTG_HS_EP1_OUT_IRQHandler                0x08000397   Thumb Code     0  startup_stm32f207xx.o(.text)
    OTG_HS_IRQHandler                        0x08000397   Thumb Code     0  startup_stm32f207xx.o(.text)
    OTG_HS_WKUP_IRQHandler                   0x08000397   Thumb Code     0  startup_stm32f207xx.o(.text)
    PVD_IRQHandler                           0x08000397   Thumb Code     0  startup_stm32f207xx.o(.text)
    RCC_IRQHandler                           0x08000397   Thumb Code     0  startup_stm32f207xx.o(.text)
    RTC_Alarm_IRQHandler                     0x08000397   Thumb Code     0  startup_stm32f207xx.o(.text)
    RTC_WKUP_IRQHandler                      0x08000397   Thumb Code     0  startup_stm32f207xx.o(.text)
    SDIO_IRQHandler                          0x08000397   Thumb Code     0  startup_stm32f207xx.o(.text)
    SPI1_IRQHandler                          0x08000397   Thumb Code     0  startup_stm32f207xx.o(.text)
    SPI2_IRQHandler                          0x08000397   Thumb Code     0  startup_stm32f207xx.o(.text)
    SPI3_IRQHandler                          0x08000397   Thumb Code     0  startup_stm32f207xx.o(.text)
    TAMP_STAMP_IRQHandler                    0x08000397   Thumb Code     0  startup_stm32f207xx.o(.text)
    TIM1_BRK_TIM9_IRQHandler                 0x08000397   Thumb Code     0  startup_stm32f207xx.o(.text)
    TIM1_CC_IRQHandler                       0x08000397   Thumb Code     0  startup_stm32f207xx.o(.text)
    TIM1_TRG_COM_TIM11_IRQHandler            0x08000397   Thumb Code     0  startup_stm32f207xx.o(.text)
    TIM1_UP_TIM10_IRQHandler                 0x08000397   Thumb Code     0  startup_stm32f207xx.o(.text)
    TIM2_IRQHandler                          0x08000397   Thumb Code     0  startup_stm32f207xx.o(.text)
    TIM3_IRQHandler                          0x08000397   Thumb Code     0  startup_stm32f207xx.o(.text)
    TIM4_IRQHandler                          0x08000397   Thumb Code     0  startup_stm32f207xx.o(.text)
    TIM5_IRQHandler                          0x08000397   Thumb Code     0  startup_stm32f207xx.o(.text)
    TIM6_DAC_IRQHandler                      0x08000397   Thumb Code     0  startup_stm32f207xx.o(.text)
    TIM7_IRQHandler                          0x08000397   Thumb Code     0  startup_stm32f207xx.o(.text)
    TIM8_BRK_TIM12_IRQHandler                0x08000397   Thumb Code     0  startup_stm32f207xx.o(.text)
    TIM8_CC_IRQHandler                       0x08000397   Thumb Code     0  startup_stm32f207xx.o(.text)
    TIM8_TRG_COM_TIM14_IRQHandler            0x08000397   Thumb Code     0  startup_stm32f207xx.o(.text)
    TIM8_UP_TIM13_IRQHandler                 0x08000397   Thumb Code     0  startup_stm32f207xx.o(.text)
    UART4_IRQHandler                         0x08000397   Thumb Code     0  startup_stm32f207xx.o(.text)
    UART5_IRQHandler                         0x08000397   Thumb Code     0  startup_stm32f207xx.o(.text)
    USART1_IRQHandler                        0x08000397   Thumb Code     0  startup_stm32f207xx.o(.text)
    USART2_IRQHandler                        0x08000397   Thumb Code     0  startup_stm32f207xx.o(.text)
    USART3_IRQHandler                        0x08000397   Thumb Code     0  startup_stm32f207xx.o(.text)
    USART6_IRQHandler                        0x08000397   Thumb Code     0  startup_stm32f207xx.o(.text)
    WWDG_IRQHandler                          0x08000397   Thumb Code     0  startup_stm32f207xx.o(.text)
    __user_initial_stackheap                 0x08000399   Thumb Code     0  startup_stm32f207xx.o(.text)
    __user_libspace                          0x080003bd   Thumb Code     8  libspace.o(.text)
    __user_perproc_libspace                  0x080003bd   Thumb Code     0  libspace.o(.text)
    _malloc_internal                         0x080003cd   Thumb Code   130  h1_alloc_mt.o(.text)
    malloc                                   0x0800044f   Thumb Code    20  h1_alloc_mt.o(.text)
    __aeabi_uldivmod                         0x08000463   Thumb Code     0  lludivv7m.o(.text)
    _ll_udiv                                 0x08000463   Thumb Code   238  lludivv7m.o(.text)
    exit                                     0x08000551   Thumb Code    12  exit.o(.text)
    __use_two_region_memory                  0x0800055d   Thumb Code     2  heapauxi.o(.text)
    __rt_heap_escrow                         0x0800055f   Thumb Code     2  heapauxi.o(.text)
    __rt_heap_expand                         0x08000561   Thumb Code     2  heapauxi.o(.text)
    __rt_heap_descriptor                     0x08000563   Thumb Code    10  rt_heap_descriptor_twolibspace.o(.text)
    __use_no_heap                            0x0800056d   Thumb Code     2  hguard.o(.text)
    __heap$guard                             0x0800056f   Thumb Code     2  hguard.o(.text)
    _terminate_user_alloc                    0x08000571   Thumb Code     2  init_alloc.o(.text)
    _init_user_alloc                         0x08000573   Thumb Code     2  init_alloc.o(.text)
    __Heap_Full                              0x08000575   Thumb Code    34  init_alloc.o(.text)
    __Heap_Broken                            0x08000597   Thumb Code     6  init_alloc.o(.text)
    _init_alloc                              0x0800059d   Thumb Code    94  init_alloc.o(.text)
    __Heap_Initialize                        0x080005fb   Thumb Code    14  h1_init_mt.o(.text)
    __Heap_DescSize                          0x08000609   Thumb Code     4  h1_init_mt.o(.text)
    _free_internal                           0x0800060d   Thumb Code    98  h1_free_mt.o(.text)
    free                                     0x0800066f   Thumb Code    20  h1_free_mt.o(.text)
    __Heap_ProvideMemory                     0x08000683   Thumb Code    62  h1_extend_mt.o(.text)
    __rt_SIGRTMEM                            0x080006c1   Thumb Code    14  defsig_rtmem_outer.o(.text)
    _sys_exit                                0x080006d1   Thumb Code     8  sys_exit.o(.text)
    __I$use$semihosting                      0x080006dd   Thumb Code     0  use_no_semi.o(.text)
    __use_no_semihosting_swi                 0x080006dd   Thumb Code     2  use_no_semi.o(.text)
    __semihosting_library_function           0x080006df   Thumb Code     0  indicate_semi.o(.text)
    __user_setup_stackheap                   0x080006df   Thumb Code    74  sys_stackheap_outer.o(.text)
    __sig_exit                               0x08000729   Thumb Code    10  defsig_exit.o(.text)
    __rt_SIGRTMEM_inner                      0x08000735   Thumb Code    22  defsig_rtmem_inner.o(.text)
    __default_signal_display                 0x08000785   Thumb Code    50  defsig_general.o(.text)
    _ttywrch                                 0x080007b7   Thumb Code    14  sys_wrch.o(.text)
    SVC_Count                                0x080007c4   Data           4  svc_table.o(SVC_TABLE)
    FSMC_NORSRAM_Extended_Timing_Init        0x080007c9   Thumb Code    66  stm32f2xx_ll_fsmc.o(i.FSMC_NORSRAM_Extended_Timing_Init)
    SVC_Table                                0x080007c8   Data           0  svc_table.o(SVC_TABLE)
    FSMC_NORSRAM_Init                        0x08000811   Thumb Code    84  stm32f2xx_ll_fsmc.o(i.FSMC_NORSRAM_Init)
    FSMC_NORSRAM_Timing_Init                 0x08000869   Thumb Code    68  stm32f2xx_ll_fsmc.o(i.FSMC_NORSRAM_Timing_Init)
    GLCD_ClearScreen                         0x080008ad   Thumb Code    54  glcd_mcbstm32f200.o(i.GLCD_ClearScreen)
    GLCD_DrawChar                            0x080008e9   Thumb Code   194  glcd_mcbstm32f200.o(i.GLCD_DrawChar)
    GLCD_DrawString                          0x080009b9   Thumb Code    38  glcd_mcbstm32f200.o(i.GLCD_DrawString)
    GLCD_Initialize                          0x080009e5   Thumb Code  1838  glcd_mcbstm32f200.o(i.GLCD_Initialize)
    GLCD_SetBackgroundColor                  0x08001119   Thumb Code    10  glcd_mcbstm32f200.o(i.GLCD_SetBackgroundColor)
    GLCD_SetFont                             0x08001129   Thumb Code    10  glcd_mcbstm32f200.o(i.GLCD_SetFont)
    GLCD_SetForegroundColor                  0x08001139   Thumb Code    10  glcd_mcbstm32f200.o(i.GLCD_SetForegroundColor)
    HAL_Delay                                0x080011f5   Thumb Code    30  stm32f2xx_hal.o(i.HAL_Delay)
    HAL_GPIO_Init                            0x08001215   Thumb Code   476  stm32f2xx_hal_gpio.o(i.HAL_GPIO_Init)
    HAL_GPIO_WritePin                        0x08001421   Thumb Code    12  stm32f2xx_hal_gpio.o(i.HAL_GPIO_WritePin)
    HAL_GetTick                              0x0800142d   Thumb Code     6  main.o(i.HAL_GetTick)
    HAL_Init                                 0x08001439   Thumb Code    54  stm32f2xx_hal.o(i.HAL_Init)
    HAL_InitTick                             0x08001475   Thumb Code    36  stm32f2xx_hal.o(i.HAL_InitTick)
    HAL_MspInit                              0x0800149d   Thumb Code     2  stm32f2xx_hal.o(i.HAL_MspInit)
    HAL_NVIC_SetPriority                     0x0800149f   Thumb Code   124  stm32f2xx_hal_cortex.o(i.HAL_NVIC_SetPriority)
    HAL_NVIC_SetPriorityGrouping             0x0800151d   Thumb Code    32  stm32f2xx_hal_cortex.o(i.HAL_NVIC_SetPriorityGrouping)
    HAL_RCC_ClockConfig                      0x08001545   Thumb Code   372  stm32f2xx_hal_rcc.o(i.HAL_RCC_ClockConfig)
    HAL_RCC_GetSysClockFreq                  0x080016c9   Thumb Code   162  stm32f2xx_hal_rcc.o(i.HAL_RCC_GetSysClockFreq)
    HAL_RCC_OscConfig                        0x08001779   Thumb Code   910  stm32f2xx_hal_rcc.o(i.HAL_RCC_OscConfig)
    HAL_SRAM_Init                            0x08001b19   Thumb Code    88  stm32f2xx_hal_sram.o(i.HAL_SRAM_Init)
    HAL_SRAM_MspInit                         0x08001b71   Thumb Code     2  stm32f2xx_hal_sram.o(i.HAL_SRAM_MspInit)
    HAL_SYSTICK_Config                       0x08001b73   Thumb Code    52  stm32f2xx_hal_cortex.o(i.HAL_SYSTICK_Config)
    Init_Semaphore                           0x08001ba9   Thumb Code    96  semaphore.o(i.Init_Semaphore)
    Print_LCD                                0x08001c1d   Thumb Code    78  main.o(i.Print_LCD)
    SystemCoreClockUpdate                    0x08001cc1   Thumb Code   170  system_stm32f2xx.o(i.SystemCoreClockUpdate)
    SystemInit                               0x08001d81   Thumb Code    68  system_stm32f2xx.o(i.SystemInit)
    Thread_Semaphore                         0x08001dd5   Thumb Code    72  semaphore.o(i.Thread_Semaphore)
    _init_box                                0x08001e59   Thumb Code    70  rt_membox.o(i._init_box)
    _mutex_acquire                           0x08001ea1   Thumb Code    22  rtx_conf_cm.o(i._mutex_acquire)
    _mutex_initialize                        0x08001ec1   Thumb Code    34  rtx_conf_cm.o(i._mutex_initialize)
    _mutex_release                           0x08001eed   Thumb Code    18  rtx_conf_cm.o(i._mutex_release)
    dbg_init                                 0x08001f09   Thumb Code    34  hal_cm.o(i.dbg_init)
    dbg_task_notify                          0x08001f39   Thumb Code    32  hal_cm.o(i.dbg_task_notify)
    dbg_task_switch                          0x08001f59   Thumb Code    16  hal_cm.o(i.dbg_task_switch)
    isrMessageGet                            0x08001f69   Thumb Code    42  rt_cmsis.o(i.isrMessageGet)
    isrMessagePut                            0x08001f93   Thumb Code    44  rt_cmsis.o(i.isrMessagePut)
    isrSemaphoreRelease                      0x08001fbf   Thumb Code    40  rt_cmsis.o(i.isrSemaphoreRelease)
    isr_mbx_receive                          0x08001fe9   Thumb Code    86  rt_mailbox.o(i.isr_mbx_receive)
    isr_mbx_send                             0x0800203f   Thumb Code    14  rt_mailbox.o(i.isr_mbx_send)
    isr_sem_send                             0x0800204d   Thumb Code    16  rt_semaphore.o(i.isr_sem_send)
    main                                     0x0800205d   Thumb Code    58  main.o(i.main)
    osDelay                                  0x0800209d   Thumb Code    18  rt_cmsis.o(i.osDelay)
    osKernelInitialize                       0x080020b5   Thumb Code    30  rt_cmsis.o(i.osKernelInitialize)
    osKernelStart                            0x080020d9   Thumb Code    98  rt_cmsis.o(i.osKernelStart)
    osMessageGet                             0x08002145   Thumb Code    18  rt_cmsis.o(i.osMessageGet)
    osSemaphoreCreate                        0x0800215d   Thumb Code    36  rt_cmsis.o(i.osSemaphoreCreate)
    osSemaphoreRelease                       0x08002189   Thumb Code    18  rt_cmsis.o(i.osSemaphoreRelease)
    osSemaphoreWait                          0x080021a1   Thumb Code    20  rt_cmsis.o(i.osSemaphoreWait)
    osThreadCreate                           0x080021b9   Thumb Code    36  rt_cmsis.o(i.osThreadCreate)
    osThreadExit                             0x080021e5   Thumb Code    14  rt_cmsis.o(i.osThreadExit)
    osTimerCall                              0x080021fd   Thumb Code     8  rt_cmsis.o(i.osTimerCall)
    osTimerThread                            0x08002209   Thumb Code    38  rt_cmsis.o(i.osTimerThread)
    os_error                                 0x08002235   Thumb Code    34  rtx_conf_cm.o(i.os_error)
    os_idle_demon                            0x08002257   Thumb Code     4  rtx_conf_cm.o(i.os_idle_demon)
    os_tick_init                             0x0800225d   Thumb Code    32  rt_system.o(i.os_tick_init)
    os_tick_irqack                           0x08002285   Thumb Code     2  rt_system.o(i.os_tick_irqack)
    rt_alloc_box                             0x08002287   Thumb Code    26  rt_membox.o(i.rt_alloc_box)
    rt_alloc_mem                             0x080022a1   Thumb Code    62  rt_memory.o(i.rt_alloc_mem)
    rt_block                                 0x080022e1   Thumb Code    48  rt_task.o(i.rt_block)
    rt_chk_robin                             0x08002319   Thumb Code    60  rt_robin.o(i.rt_chk_robin)
    rt_dec_dly                               0x08002361   Thumb Code   102  rt_list.o(i.rt_dec_dly)
    rt_dispatch                              0x080023d1   Thumb Code    60  rt_task.o(i.rt_dispatch)
    rt_dly_wait                              0x08002415   Thumb Code     6  rt_time.o(i.rt_dly_wait)
    rt_evt_psh                               0x0800241d   Thumb Code    76  rt_event.o(i.rt_evt_psh)
    rt_free_box                              0x0800246d   Thumb Code    44  rt_membox.o(i.rt_free_box)
    rt_free_mem                              0x08002499   Thumb Code    40  rt_memory.o(i.rt_free_mem)
    rt_get_first                             0x080024c1   Thumb Code    40  rt_list.o(i.rt_get_first)
    rt_init_mem                              0x08002539   Thumb Code    26  rt_memory.o(i.rt_init_mem)
    rt_init_robin                            0x08002555   Thumb Code    14  rt_robin.o(i.rt_init_robin)
    rt_init_stack                            0x0800256d   Thumb Code   118  hal_cm.o(i.rt_init_stack)
    rt_mbx_check                             0x080025ed   Thumb Code     8  rt_mailbox.o(i.rt_mbx_check)
    rt_mbx_init                              0x080025f5   Thumb Code    26  rt_mailbox.o(i.rt_mbx_init)
    rt_mbx_psh                               0x08002611   Thumb Code   236  rt_mailbox.o(i.rt_mbx_psh)
    rt_mbx_wait                              0x08002701   Thumb Code   174  rt_mailbox.o(i.rt_mbx_wait)
    rt_mut_init                              0x080027f9   Thumb Code    16  rt_mutex.o(i.rt_mut_init)
    rt_mut_release                           0x08002809   Thumb Code   208  rt_mutex.o(i.rt_mut_release)
    rt_mut_wait                              0x080028e1   Thumb Code   114  rt_mutex.o(i.rt_mut_wait)
    rt_pop_req                               0x08002959   Thumb Code   112  rt_system.o(i.rt_pop_req)
    rt_psh_req                               0x080029d5   Thumb Code    22  rt_system.o(i.rt_psh_req)
    rt_psq_enq                               0x080029f5   Thumb Code    88  rt_list.o(i.rt_psq_enq)
    rt_put_dly                               0x08002a51   Thumb Code    68  rt_list.o(i.rt_put_dly)
    rt_put_prio                              0x08002a99   Thumb Code    54  rt_list.o(i.rt_put_prio)
    rt_put_rdy_first                         0x08002ad1   Thumb Code    14  rt_list.o(i.rt_put_rdy_first)
    rt_resort_prio                           0x08002ae5   Thumb Code    46  rt_list.o(i.rt_resort_prio)
    rt_ret_val                               0x08002b19   Thumb Code     6  hal_cm.o(i.rt_ret_val)
    rt_ret_val2                              0x08002b1f   Thumb Code     8  hal_cm.o(i.rt_ret_val2)
    rt_rmv_dly                               0x08002b27   Thumb Code    40  rt_list.o(i.rt_rmv_dly)
    rt_rmv_list                              0x08002b51   Thumb Code    44  rt_list.o(i.rt_rmv_list)
    rt_sem_init                              0x08002b81   Thumb Code    12  rt_semaphore.o(i.rt_sem_init)
    rt_sem_psh                               0x08002b8d   Thumb Code    48  rt_semaphore.o(i.rt_sem_psh)
    rt_sem_send                              0x08002bc1   Thumb Code    42  rt_semaphore.o(i.rt_sem_send)
    rt_sem_wait                              0x08002bed   Thumb Code    58  rt_semaphore.o(i.rt_sem_wait)
    rt_stk_check                             0x08002c2d   Thumb Code    28  rt_system.o(i.rt_stk_check)
    rt_switch_req                            0x08002c51   Thumb Code    30  rt_task.o(i.rt_switch_req)
    rt_sys_init                              0x08002c79   Thumb Code   138  rt_task.o(i.rt_sys_init)
    rt_sys_start                             0x08002d45   Thumb Code   110  rt_task.o(i.rt_sys_start)
    rt_systick                               0x08002dbd   Thumb Code    50  rt_system.o(i.rt_systick)
    rt_tsk_create                            0x08002e45   Thumb Code   118  rt_task.o(i.rt_tsk_create)
    rt_tsk_delete                            0x08002ecd   Thumb Code   352  rt_task.o(i.rt_tsk_delete)
    rt_tsk_prio                              0x08003049   Thumb Code   108  rt_task.o(i.rt_tsk_prio)
    rt_tsk_self                              0x080030c5   Thumb Code    12  rt_task.o(i.rt_tsk_self)
    svcDelay                                 0x080030d5   Thumb Code    18  rt_cmsis.o(i.svcDelay)
    svcKernelInitialize                      0x080030e9   Thumb Code    80  rt_cmsis.o(i.svcKernelInitialize)
    svcKernelStart                           0x08003159   Thumb Code    62  rt_cmsis.o(i.svcKernelStart)
    svcMessageCreate                         0x080031a1   Thumb Code    36  rt_cmsis.o(i.svcMessageCreate)
    svcMessageGet                            0x080031c5   Thumb Code    58  rt_cmsis.o(i.svcMessageGet)
    svcSemaphoreCreate                       0x080031ff   Thumb Code    36  rt_cmsis.o(i.svcSemaphoreCreate)
    svcSemaphoreRelease                      0x08003223   Thumb Code    40  rt_cmsis.o(i.svcSemaphoreRelease)
    svcSemaphoreWait                         0x0800324b   Thumb Code    50  rt_cmsis.o(i.svcSemaphoreWait)
    svcThreadCreate                          0x0800327d   Thumb Code    96  rt_cmsis.o(i.svcThreadCreate)
    svcThreadGetId                           0x080032e9   Thumb Code    22  rt_cmsis.o(i.svcThreadGetId)
    svcThreadTerminate                       0x08003305   Thumb Code    50  rt_cmsis.o(i.svcThreadTerminate)
    svcTimerCall                             0x0800333d   Thumb Code    24  rt_cmsis.o(i.svcTimerCall)
    sysTimerTick                             0x08003355   Thumb Code    84  rt_cmsis.o(i.sysTimerTick)
    os_thread_def_Thread_Semaphore           0x080033dc   Data          16  semaphore.o(.constdata)
    os_semaphore_def_mydef                   0x080033ec   Data           4  semaphore.o(.constdata)
    GLCD_Font_6x8                            0x08004c70   Data          16  glcd_fonts.o(.constdata)
    GLCD_Font_16x24                          0x08004c80   Data          16  glcd_fonts.o(.constdata)
    os_maxtaskrun                            0x08004c90   Data           2  rtx_conf_cm.o(.constdata)
    os_stackinfo                             0x08004c94   Data           4  rtx_conf_cm.o(.constdata)
    os_rrobin                                0x08004c98   Data           4  rtx_conf_cm.o(.constdata)
    os_tickfreq                              0x08004c9c   Data           4  rtx_conf_cm.o(.constdata)
    os_tickus_i                              0x08004ca0   Data           2  rtx_conf_cm.o(.constdata)
    os_tickus_f                              0x08004ca2   Data           2  rtx_conf_cm.o(.constdata)
    os_trv                                   0x08004ca4   Data           4  rtx_conf_cm.o(.constdata)
    os_flags                                 0x08004ca8   Data           1  rtx_conf_cm.o(.constdata)
    CMSIS_RTOS_API_Version                   0x08004cac   Data           4  rtx_conf_cm.o(.constdata)
    CMSIS_RTOS_RTX_Version                   0x08004cb0   Data           4  rtx_conf_cm.o(.constdata)
    os_clockrate                             0x08004cb4   Data           4  rtx_conf_cm.o(.constdata)
    os_timernum                              0x08004cb8   Data           4  rtx_conf_cm.o(.constdata)
    mp_tcb_size                              0x08004cbc   Data           2  rtx_conf_cm.o(.constdata)
    mp_stk_size                              0x08004cc0   Data           4  rtx_conf_cm.o(.constdata)
    os_stack_sz                              0x08004cc4   Data           4  rtx_conf_cm.o(.constdata)
    os_fifo_size                             0x08004cc8   Data           1  rtx_conf_cm.o(.constdata)
    os_thread_def_osTimerThread              0x08004ccc   Data          16  rtx_conf_cm.o(.constdata)
    os_messageQ_def_osTimerMessageQ          0x08004cdc   Data           8  rtx_conf_cm.o(.constdata)
    mp_tmr_size                              0x08004ce4   Data           2  rtx_conf_cm.o(.constdata)
    os_thread_def_main                       0x08004ce8   Data          16  rtx_conf_cm.o(.constdata)
    AHBPrescTable                            0x08004cf8   Data          16  system_stm32f2xx.o(.constdata)
    APBPrescTable                            0x08004d08   Data           8  system_stm32f2xx.o(.constdata)
    Region$$Table$$Base                      0x08004d10   Number         0  anon$$obj.o(Region$$Table)
    Region$$Table$$Limit                     0x08004d30   Number         0  anon$$obj.o(Region$$Table)
    tid_arr                                  0x20000000   Data           4  main.o(.data)
    thread_count                             0x20000004   Data           4  main.o(.data)
    count_strings                            0x20000008   Data           4  main.o(.data)
    i                                        0x2000000c   Data           4  main.o(.data)
    sid_Thread_Semaphore                     0x20000010   Data           4  semaphore.o(.data)
    os_semaphore_cb_mydef                    0x20000014   Data           8  semaphore.o(.data)
    osThreadId_osTimerThread                 0x20000028   Data           4  rtx_conf_cm.o(.data)
    osMessageQId_osTimerMessageQ             0x2000002c   Data           4  rtx_conf_cm.o(.data)
    os_tmr                                   0x20000030   Data           4  rtx_conf_cm.o(.data)
    m_tmr                                    0x20000034   Data           4  rtx_conf_cm.o(.data)
    SystemCoreClock                          0x2000003c   Data           4  system_stm32f2xx.o(.data)
    os_initialized                           0x20000040   Data           1  rt_cmsis.o(.data)
    os_running                               0x20000041   Data           1  rt_cmsis.o(.data)
    os_timer_head                            0x20000044   Data           4  rt_cmsis.o(.data)
    os_tsk                                   0x20000048   Data           8  rt_task.o(.data)
    os_time                                  0x20000050   Data           4  rt_time.o(.data)
    os_tick_irqn                             0x20000058   Data           4  rt_system.o(.data)
    os_robin                                 0x2000005c   Data           8  rt_robin.o(.data)
    dbg_msg                                  0x20000064   Data           1  hal_cm.o(.data)
    mp_tcb                                   0x200000b0   Data         688  rtx_conf_cm.o(.bss)
    mp_stk                                   0x20000360   Data        2416  rtx_conf_cm.o(.bss)
    os_stack_mem                             0x20000cd0   Data         432  rtx_conf_cm.o(.bss)
    os_fifo                                  0x20000e80   Data         132  rtx_conf_cm.o(.bss)
    os_active_TCB                            0x20000f04   Data          52  rtx_conf_cm.o(.bss)
    os_messageQ_q_osTimerMessageQ            0x20000f38   Data          32  rtx_conf_cm.o(.bss)
    os_idle_TCB                              0x20001538   Data          52  rt_task.o(.bss)
    os_rdy                                   0x2000156c   Data          24  rt_list.o(.bss)
    os_dly                                   0x20001584   Data          24  rt_list.o(.bss)
    __libspace_start                         0x2000159c   Data          96  libspace.o(.bss)
    __temporary_stack_top$libspace           0x200015fc   Data           0  libspace.o(.bss)



==============================================================================

Memory Map of the image

  Image Entry point : 0x0800037d

  Load Region LR_1 (Base: 0x08000000, Size: 0x00004d98, Max: 0xffffffff, ABSOLUTE)

    Execution Region ER_RO (Base: 0x08000000, Size: 0x00004d30, Max: 0xffffffff, ABSOLUTE)

    Base Addr    Size         Type   Attr      Idx    E Section Name        Object

    0x08000000   0x00000184   Data   RO         1412    RESET               startup_stm32f207xx.o
    0x08000184   0x00000008   Code   RO         2729  * !!!main             c_w.l(__main.o)
    0x0800018c   0x00000034   Code   RO         2941    !!!scatter          c_w.l(__scatter.o)
    0x080001c0   0x0000001a   Code   RO         2943    !!handler_copy      c_w.l(__scatter_copy.o)
    0x080001da   0x00000002   PAD
    0x080001dc   0x0000001c   Code   RO         2945    !!handler_zi        c_w.l(__scatter_zi.o)
    0x080001f8   0x00000002   Code   RO         2894    .ARM.Collect$$libinit$$00000000  c_w.l(libinit.o)
    0x080001fa   0x00000000   Code   RO         2776    .ARM.Collect$$libinit$$00000002  c_w.l(libinit2.o)
    0x080001fa   0x00000000   Code   RO         2778    .ARM.Collect$$libinit$$00000004  c_w.l(libinit2.o)
    0x080001fa   0x00000008   Code   RO         2779    .ARM.Collect$$libinit$$00000005  c_w.l(libinit2.o)
    0x08000202   0x00000000   Code   RO         2781    .ARM.Collect$$libinit$$0000000A  c_w.l(libinit2.o)
    0x08000202   0x00000000   Code   RO         2783    .ARM.Collect$$libinit$$0000000C  c_w.l(libinit2.o)
    0x08000202   0x00000000   Code   RO         2785    .ARM.Collect$$libinit$$0000000E  c_w.l(libinit2.o)
    0x08000202   0x00000000   Code   RO         2788    .ARM.Collect$$libinit$$00000011  c_w.l(libinit2.o)
    0x08000202   0x00000000   Code   RO         2790    .ARM.Collect$$libinit$$00000013  c_w.l(libinit2.o)
    0x08000202   0x00000000   Code   RO         2792    .ARM.Collect$$libinit$$00000015  c_w.l(libinit2.o)
    0x08000202   0x00000000   Code   RO         2794    .ARM.Collect$$libinit$$00000017  c_w.l(libinit2.o)
    0x08000202   0x00000000   Code   RO         2796    .ARM.Collect$$libinit$$00000019  c_w.l(libinit2.o)
    0x08000202   0x00000000   Code   RO         2798    .ARM.Collect$$libinit$$0000001B  c_w.l(libinit2.o)
    0x08000202   0x00000000   Code   RO         2800    .ARM.Collect$$libinit$$0000001D  c_w.l(libinit2.o)
    0x08000202   0x00000000   Code   RO         2802    .ARM.Collect$$libinit$$0000001F  c_w.l(libinit2.o)
    0x08000202   0x00000000   Code   RO         2804    .ARM.Collect$$libinit$$00000021  c_w.l(libinit2.o)
    0x08000202   0x00000000   Code   RO         2806    .ARM.Collect$$libinit$$00000023  c_w.l(libinit2.o)
    0x08000202   0x00000000   Code   RO         2808    .ARM.Collect$$libinit$$00000025  c_w.l(libinit2.o)
    0x08000202   0x00000000   Code   RO         2812    .ARM.Collect$$libinit$$0000002C  c_w.l(libinit2.o)
    0x08000202   0x00000000   Code   RO         2814    .ARM.Collect$$libinit$$0000002E  c_w.l(libinit2.o)
    0x08000202   0x00000000   Code   RO         2816    .ARM.Collect$$libinit$$00000030  c_w.l(libinit2.o)
    0x08000202   0x00000000   Code   RO         2818    .ARM.Collect$$libinit$$00000032  c_w.l(libinit2.o)
    0x08000202   0x00000002   Code   RO         2819    .ARM.Collect$$libinit$$00000033  c_w.l(libinit2.o)
    0x08000204   0x00000002   Code   RO         2895    .ARM.Collect$$libshutdown$$00000000  c_w.l(libshutdown.o)
    0x08000206   0x00000000   Code   RO         2908    .ARM.Collect$$libshutdown$$00000003  c_w.l(libshutdown2.o)
    0x08000206   0x00000000   Code   RO         2911    .ARM.Collect$$libshutdown$$00000006  c_w.l(libshutdown2.o)
    0x08000206   0x00000000   Code   RO         2914    .ARM.Collect$$libshutdown$$00000009  c_w.l(libshutdown2.o)
    0x08000206   0x00000000   Code   RO         2916    .ARM.Collect$$libshutdown$$0000000B  c_w.l(libshutdown2.o)
    0x08000206   0x00000000   Code   RO         2919    .ARM.Collect$$libshutdown$$0000000E  c_w.l(libshutdown2.o)
    0x08000206   0x00000002   Code   RO         2920    .ARM.Collect$$libshutdown$$0000000F  c_w.l(libshutdown2.o)
    0x08000208   0x00000000   Code   RO         2731    .ARM.Collect$$rtentry$$00000000  c_w.l(__rtentry.o)
    0x08000208   0x00000000   Code   RO         2823    .ARM.Collect$$rtentry$$00000002  c_w.l(__rtentry2.o)
    0x08000208   0x00000006   Code   RO         2835    .ARM.Collect$$rtentry$$00000004  c_w.l(__rtentry4.o)
    0x0800020e   0x00000000   Code   RO         2825    .ARM.Collect$$rtentry$$00000009  c_w.l(__rtentry2.o)
    0x0800020e   0x00000004   Code   RO         2826    .ARM.Collect$$rtentry$$0000000A  c_w.l(__rtentry2.o)
    0x08000212   0x00000008   Code   RO         2827    .ARM.Collect$$rtentry$$0000000B  c_w.l(__rtentry2.o)
    0x0800021a   0x00000008   Code   RO         2829    .ARM.Collect$$rtentry$$0000000D  c_w.l(__rtentry2.o)
    0x08000222   0x00000002   Code   RO         2732    .ARM.Collect$$rtexit$$00000000  c_w.l(rtexit.o)
    0x08000224   0x00000000   Code   RO         2838    .ARM.Collect$$rtexit$$00000002  c_w.l(rtexit2.o)
    0x08000224   0x00000004   Code   RO         2839    .ARM.Collect$$rtexit$$00000003  c_w.l(rtexit2.o)
    0x08000228   0x00000006   Code   RO         2840    .ARM.Collect$$rtexit$$00000004  c_w.l(rtexit2.o)
    0x0800022e   0x00000002   PAD
    0x08000230   0x0000001c   Code   RO          468    .emb_text           rtx_conf_cm.o
    0x0800024c   0x00000130   Code   RO         2649    .emb_text           RTX_CM3.lib(hal_cm3.o)
    0x0800037c   0x00000000   Code   RO         2848    .emb_text           c_w.l(maybetermalloc1.o)
    0x0800037c   0x00000040   Code   RO         1413  * .text               startup_stm32f207xx.o
    0x080003bc   0x00000008   Code   RO         2664    .text               c_w.l(libspace.o)
    0x080003c4   0x0000009e   Code   RO         2671    .text               c_w.l(h1_alloc_mt.o)
    0x08000462   0x000000ee   Code   RO         2723    .text               c_w.l(lludivv7m.o)
    0x08000550   0x0000000c   Code   RO         2725    .text               c_w.l(exit.o)
    0x0800055c   0x00000006   Code   RO         2727    .text               c_w.l(heapauxi.o)
    0x08000562   0x0000000a   Code   RO         2743    .text               c_w.l(rt_heap_descriptor_twolibspace.o)
    0x0800056c   0x00000004   Code   RO         2745    .text               c_w.l(hguard.o)
    0x08000570   0x0000008a   Code   RO         2747    .text               c_w.l(init_alloc.o)
    0x080005fa   0x00000012   Code   RO         2757    .text               c_w.l(h1_init_mt.o)
    0x0800060c   0x00000076   Code   RO         2759    .text               c_w.l(h1_free_mt.o)
    0x08000682   0x0000003e   Code   RO         2852    .text               c_w.l(h1_extend_mt.o)
    0x080006c0   0x0000000e   Code   RO         2854    .text               c_w.l(defsig_rtmem_outer.o)
    0x080006ce   0x00000002   PAD
    0x080006d0   0x0000000c   Code   RO         2865    .text               c_w.l(sys_exit.o)
    0x080006dc   0x00000002   Code   RO         2867    .text               c_w.l(use_no_semi.o)
    0x080006de   0x00000000   Code   RO         2869    .text               c_w.l(indicate_semi.o)
    0x080006de   0x0000004a   Code   RO         2870    .text               c_w.l(sys_stackheap_outer.o)
    0x08000728   0x0000000a   Code   RO         2876    .text               c_w.l(defsig_exit.o)
    0x08000732   0x00000002   PAD
    0x08000734   0x00000050   Code   RO         2882    .text               c_w.l(defsig_rtmem_inner.o)
    0x08000784   0x00000032   Code   RO         2902    .text               c_w.l(defsig_general.o)
    0x080007b6   0x0000000e   Code   RO         2921    .text               c_w.l(sys_wrch.o)
    0x080007c4   0x00000004   Code   RO         2659    SVC_TABLE           RTX_CM3.lib(svc_table.o)
    0x080007c8   0x00000048   Code   RO         1295    i.FSMC_NORSRAM_Extended_Timing_Init  stm32f2xx_ll_fsmc.o
    0x08000810   0x00000058   Code   RO         1296    i.FSMC_NORSRAM_Init  stm32f2xx_ll_fsmc.o
    0x08000868   0x00000044   Code   RO         1297    i.FSMC_NORSRAM_Timing_Init  stm32f2xx_ll_fsmc.o
    0x080008ac   0x0000003c   Code   RO          257    i.GLCD_ClearScreen  glcd_mcbstm32f200.o
    0x080008e8   0x000000d0   Code   RO          260    i.GLCD_DrawChar     glcd_mcbstm32f200.o
    0x080009b8   0x0000002c   Code   RO          264    i.GLCD_DrawString   glcd_mcbstm32f200.o
    0x080009e4   0x00000734   Code   RO          268    i.GLCD_Initialize   glcd_mcbstm32f200.o
    0x08001118   0x00000010   Code   RO          269    i.GLCD_SetBackgroundColor  glcd_mcbstm32f200.o
    0x08001128   0x00000010   Code   RO          270    i.GLCD_SetFont      glcd_mcbstm32f200.o
    0x08001138   0x00000010   Code   RO          271    i.GLCD_SetForegroundColor  glcd_mcbstm32f200.o
    0x08001148   0x000000ac   Code   RO          272    i.GLCD_SetWindow    glcd_mcbstm32f200.o
    0x080011f4   0x0000001e   Code   RO          536    i.HAL_Delay         stm32f2xx_hal.o
    0x08001212   0x00000002   PAD
    0x08001214   0x0000020c   Code   RO          972    i.HAL_GPIO_Init     stm32f2xx_hal_gpio.o
    0x08001420   0x0000000c   Code   RO          976    i.HAL_GPIO_WritePin  stm32f2xx_hal_gpio.o
    0x0800142c   0x0000000c   Code   RO            4    i.HAL_GetTick       main.o
    0x08001438   0x0000003c   Code   RO          545    i.HAL_Init          stm32f2xx_hal.o
    0x08001474   0x00000028   Code   RO          546    i.HAL_InitTick      stm32f2xx_hal.o
    0x0800149c   0x00000002   Code   RO          548    i.HAL_MspInit       stm32f2xx_hal.o
    0x0800149e   0x0000007c   Code   RO          693    i.HAL_NVIC_SetPriority  stm32f2xx_hal_cortex.o
    0x0800151a   0x00000002   PAD
    0x0800151c   0x00000028   Code   RO          694    i.HAL_NVIC_SetPriorityGrouping  stm32f2xx_hal_cortex.o
    0x08001544   0x00000184   Code   RO         1036    i.HAL_RCC_ClockConfig  stm32f2xx_hal_rcc.o
    0x080016c8   0x000000b0   Code   RO         1045    i.HAL_RCC_GetSysClockFreq  stm32f2xx_hal_rcc.o
    0x08001778   0x000003a0   Code   RO         1048    i.HAL_RCC_OscConfig  stm32f2xx_hal_rcc.o
    0x08001b18   0x00000058   Code   RO         1171    i.HAL_SRAM_Init     stm32f2xx_hal_sram.o
    0x08001b70   0x00000002   Code   RO         1173    i.HAL_SRAM_MspInit  stm32f2xx_hal_sram.o
    0x08001b72   0x00000034   Code   RO          698    i.HAL_SYSTICK_Config  stm32f2xx_hal_cortex.o
    0x08001ba6   0x00000002   PAD
    0x08001ba8   0x00000074   Code   RO          222    i.Init_Semaphore    semaphore.o
    0x08001c1c   0x00000058   Code   RO            5    i.Print_LCD         main.o
    0x08001c74   0x0000004c   Code   RO            6    i.SystemClock_Config  main.o
    0x08001cc0   0x000000c0   Code   RO         1420    i.SystemCoreClockUpdate  system_stm32f2xx.o
    0x08001d80   0x00000054   Code   RO         1421    i.SystemInit        system_stm32f2xx.o
    0x08001dd4   0x0000004c   Code   RO          223    i.Thread_Semaphore  semaphore.o
    0x08001e20   0x00000010   Code   RO          700    i.__NVIC_GetPriorityGrouping  stm32f2xx_hal_cortex.o
    0x08001e30   0x00000028   Code   RO          701    i.__NVIC_SetPriority  stm32f2xx_hal_cortex.o
    0x08001e58   0x00000046   Code   RO         2548    i._init_box         RTX_CM3.lib(rt_membox.o)
    0x08001e9e   0x00000002   PAD
    0x08001ea0   0x00000020   Code   RO          470    i._mutex_acquire    rtx_conf_cm.o
    0x08001ec0   0x0000002c   Code   RO          471    i._mutex_initialize  rtx_conf_cm.o
    0x08001eec   0x0000001c   Code   RO          472    i._mutex_release    rtx_conf_cm.o
    0x08001f08   0x00000030   Code   RO         2601    i.dbg_init          RTX_CM3.lib(hal_cm.o)
    0x08001f38   0x00000020   Code   RO         2602    i.dbg_task_notify   RTX_CM3.lib(hal_cm.o)
    0x08001f58   0x00000010   Code   RO         2603    i.dbg_task_switch   RTX_CM3.lib(hal_cm.o)
    0x08001f68   0x0000002a   Code   RO         1457    i.isrMessageGet     RTX_CM3.lib(rt_cmsis.o)
    0x08001f92   0x0000002c   Code   RO         1458    i.isrMessagePut     RTX_CM3.lib(rt_cmsis.o)
    0x08001fbe   0x00000028   Code   RO         1459    i.isrSemaphoreRelease  RTX_CM3.lib(rt_cmsis.o)
    0x08001fe6   0x00000002   PAD
    0x08001fe8   0x00000056   Code   RO         2436    i.isr_mbx_receive   RTX_CM3.lib(rt_mailbox.o)
    0x0800203e   0x0000000e   Code   RO         2437    i.isr_mbx_send      RTX_CM3.lib(rt_mailbox.o)
    0x0800204c   0x00000010   Code   RO         2484    i.isr_sem_send      RTX_CM3.lib(rt_semaphore.o)
    0x0800205c   0x00000040   Code   RO            7    i.main              main.o
    0x0800209c   0x00000018   Code   RO         1461    i.osDelay           RTX_CM3.lib(rt_cmsis.o)
    0x080020b4   0x00000024   Code   RO         1462    i.osKernelInitialize  RTX_CM3.lib(rt_cmsis.o)
    0x080020d8   0x0000006c   Code   RO         1464    i.osKernelStart     RTX_CM3.lib(rt_cmsis.o)
    0x08002144   0x00000018   Code   RO         1473    i.osMessageGet      RTX_CM3.lib(rt_cmsis.o)
    0x0800215c   0x0000002c   Code   RO         1483    i.osSemaphoreCreate  RTX_CM3.lib(rt_cmsis.o)
    0x08002188   0x00000018   Code   RO         1485    i.osSemaphoreRelease  RTX_CM3.lib(rt_cmsis.o)
    0x080021a0   0x00000018   Code   RO         1486    i.osSemaphoreWait   RTX_CM3.lib(rt_cmsis.o)
    0x080021b8   0x0000002c   Code   RO         1490    i.osThreadCreate    RTX_CM3.lib(rt_cmsis.o)
    0x080021e4   0x00000018   Code   RO         1491    i.osThreadExit      RTX_CM3.lib(rt_cmsis.o)
    0x080021fc   0x0000000c   Code   RO         1497    i.osTimerCall       RTX_CM3.lib(rt_cmsis.o)
    0x08002208   0x0000002c   Code   RO         1502    i.osTimerThread     RTX_CM3.lib(rt_cmsis.o)
    0x08002234   0x00000022   Code   RO          473    i.os_error          rtx_conf_cm.o
    0x08002256   0x00000004   Code   RO          474    i.os_idle_demon     rtx_conf_cm.o
    0x0800225a   0x00000002   PAD
    0x0800225c   0x00000028   Code   RO         2228    i.os_tick_init      RTX_CM3.lib(rt_system.o)
    0x08002284   0x00000002   Code   RO         2229    i.os_tick_irqack    RTX_CM3.lib(rt_system.o)
    0x08002286   0x0000001a   Code   RO         2549    i.rt_alloc_box      RTX_CM3.lib(rt_membox.o)
    0x080022a0   0x0000003e   Code   RO         2577    i.rt_alloc_mem      RTX_CM3.lib(rt_memory.o)
    0x080022de   0x00000002   PAD
    0x080022e0   0x00000038   Code   RO         2076    i.rt_block          RTX_CM3.lib(rt_task.o)
    0x08002318   0x00000048   Code   RO         2526    i.rt_chk_robin      RTX_CM3.lib(rt_robin.o)
    0x08002360   0x00000070   Code   RO         2360    i.rt_dec_dly        RTX_CM3.lib(rt_list.o)
    0x080023d0   0x00000044   Code   RO         2077    i.rt_dispatch       RTX_CM3.lib(rt_task.o)
    0x08002414   0x00000006   Code   RO         2160    i.rt_dly_wait       RTX_CM3.lib(rt_time.o)
    0x0800241a   0x00000002   PAD
    0x0800241c   0x00000050   Code   RO         2321    i.rt_evt_psh        RTX_CM3.lib(rt_event.o)
    0x0800246c   0x0000002c   Code   RO         2550    i.rt_free_box       RTX_CM3.lib(rt_membox.o)
    0x08002498   0x00000028   Code   RO         2578    i.rt_free_mem       RTX_CM3.lib(rt_memory.o)
    0x080024c0   0x00000028   Code   RO         2361    i.rt_get_first      RTX_CM3.lib(rt_list.o)
    0x080024e8   0x00000008   Code   RO         1507    i.rt_id2obj         RTX_CM3.lib(rt_cmsis.o)
    0x080024f0   0x00000048   Code   RO         2078    i.rt_init_context   RTX_CM3.lib(rt_task.o)
    0x08002538   0x0000001a   Code   RO         2579    i.rt_init_mem       RTX_CM3.lib(rt_memory.o)
    0x08002552   0x00000002   PAD
    0x08002554   0x00000018   Code   RO         2527    i.rt_init_robin     RTX_CM3.lib(rt_robin.o)
    0x0800256c   0x00000080   Code   RO         2604    i.rt_init_stack     RTX_CM3.lib(hal_cm.o)
    0x080025ec   0x00000008   Code   RO         2438    i.rt_mbx_check      RTX_CM3.lib(rt_mailbox.o)
    0x080025f4   0x0000001a   Code   RO         2439    i.rt_mbx_init       RTX_CM3.lib(rt_mailbox.o)
    0x0800260e   0x00000002   PAD
    0x08002610   0x000000f0   Code   RO         2440    i.rt_mbx_psh        RTX_CM3.lib(rt_mailbox.o)
    0x08002700   0x000000b4   Code   RO         2442    i.rt_mbx_wait       RTX_CM3.lib(rt_mailbox.o)
    0x080027b4   0x00000044   Code   RO         1508    i.rt_ms2tick        RTX_CM3.lib(rt_cmsis.o)
    0x080027f8   0x00000010   Code   RO         2194    i.rt_mut_init       RTX_CM3.lib(rt_mutex.o)
    0x08002808   0x000000d8   Code   RO         2195    i.rt_mut_release    RTX_CM3.lib(rt_mutex.o)
    0x080028e0   0x00000078   Code   RO         2196    i.rt_mut_wait       RTX_CM3.lib(rt_mutex.o)
    0x08002958   0x0000007c   Code   RO         2232    i.rt_pop_req        RTX_CM3.lib(rt_system.o)
    0x080029d4   0x00000020   Code   RO         2233    i.rt_psh_req        RTX_CM3.lib(rt_system.o)
    0x080029f4   0x0000005c   Code   RO         2363    i.rt_psq_enq        RTX_CM3.lib(rt_list.o)
    0x08002a50   0x00000048   Code   RO         2364    i.rt_put_dly        RTX_CM3.lib(rt_list.o)
    0x08002a98   0x00000036   Code   RO         2365    i.rt_put_prio       RTX_CM3.lib(rt_list.o)
    0x08002ace   0x00000002   PAD
    0x08002ad0   0x00000014   Code   RO         2366    i.rt_put_rdy_first  RTX_CM3.lib(rt_list.o)
    0x08002ae4   0x00000034   Code   RO         2367    i.rt_resort_prio    RTX_CM3.lib(rt_list.o)
    0x08002b18   0x00000006   Code   RO         2605    i.rt_ret_val        RTX_CM3.lib(hal_cm.o)
    0x08002b1e   0x00000008   Code   RO         2606    i.rt_ret_val2       RTX_CM3.lib(hal_cm.o)
    0x08002b26   0x00000028   Code   RO         2368    i.rt_rmv_dly        RTX_CM3.lib(rt_list.o)
    0x08002b4e   0x00000002   PAD
    0x08002b50   0x00000030   Code   RO         2369    i.rt_rmv_list       RTX_CM3.lib(rt_list.o)
    0x08002b80   0x0000000c   Code   RO         2486    i.rt_sem_init       RTX_CM3.lib(rt_semaphore.o)
    0x08002b8c   0x00000034   Code   RO         2487    i.rt_sem_psh        RTX_CM3.lib(rt_semaphore.o)
    0x08002bc0   0x0000002a   Code   RO         2488    i.rt_sem_send       RTX_CM3.lib(rt_semaphore.o)
    0x08002bea   0x00000002   PAD
    0x08002bec   0x00000040   Code   RO         2489    i.rt_sem_wait       RTX_CM3.lib(rt_semaphore.o)
    0x08002c2c   0x00000024   Code   RO         2235    i.rt_stk_check      RTX_CM3.lib(rt_system.o)
    0x08002c50   0x00000028   Code   RO         2079    i.rt_switch_req     RTX_CM3.lib(rt_task.o)
    0x08002c78   0x000000cc   Code   RO         2080    i.rt_sys_init       RTX_CM3.lib(rt_task.o)
    0x08002d44   0x00000078   Code   RO         2081    i.rt_sys_start      RTX_CM3.lib(rt_task.o)
    0x08002dbc   0x00000040   Code   RO         2237    i.rt_systick        RTX_CM3.lib(rt_system.o)
    0x08002dfc   0x00000012   Code   RO         1509    i.rt_tid2ptcb       RTX_CM3.lib(rt_cmsis.o)
    0x08002e0e   0x00000002   PAD
    0x08002e10   0x00000034   Code   RO         1510    i.rt_timer_insert   RTX_CM3.lib(rt_cmsis.o)
    0x08002e44   0x00000088   Code   RO         2082    i.rt_tsk_create     RTX_CM3.lib(rt_task.o)
    0x08002ecc   0x0000017c   Code   RO         2083    i.rt_tsk_delete     RTX_CM3.lib(rt_task.o)
    0x08003048   0x0000007c   Code   RO         2085    i.rt_tsk_prio       RTX_CM3.lib(rt_task.o)
    0x080030c4   0x00000010   Code   RO         2086    i.rt_tsk_self       RTX_CM3.lib(rt_task.o)
    0x080030d4   0x00000012   Code   RO         1512    i.svcDelay          RTX_CM3.lib(rt_cmsis.o)
    0x080030e6   0x00000002   PAD
    0x080030e8   0x00000070   Code   RO         1513    i.svcKernelInitialize  RTX_CM3.lib(rt_cmsis.o)
    0x08003158   0x00000048   Code   RO         1515    i.svcKernelStart    RTX_CM3.lib(rt_cmsis.o)
    0x080031a0   0x00000024   Code   RO         1518    i.svcMessageCreate  RTX_CM3.lib(rt_cmsis.o)
    0x080031c4   0x0000003a   Code   RO         1519    i.svcMessageGet     RTX_CM3.lib(rt_cmsis.o)
    0x080031fe   0x00000024   Code   RO         1526    i.svcSemaphoreCreate  RTX_CM3.lib(rt_cmsis.o)
    0x08003222   0x00000028   Code   RO         1528    i.svcSemaphoreRelease  RTX_CM3.lib(rt_cmsis.o)
    0x0800324a   0x00000032   Code   RO         1529    i.svcSemaphoreWait  RTX_CM3.lib(rt_cmsis.o)
    0x0800327c   0x0000006c   Code   RO         1533    i.svcThreadCreate   RTX_CM3.lib(rt_cmsis.o)
    0x080032e8   0x0000001c   Code   RO         1534    i.svcThreadGetId    RTX_CM3.lib(rt_cmsis.o)
    0x08003304   0x00000038   Code   RO         1537    i.svcThreadTerminate  RTX_CM3.lib(rt_cmsis.o)
    0x0800333c   0x00000018   Code   RO         1539    i.svcTimerCall      RTX_CM3.lib(rt_cmsis.o)
    0x08003354   0x0000005c   Code   RO         1548    i.sysTimerTick      RTX_CM3.lib(rt_cmsis.o)
    0x080033b0   0x00000008   Code   RO          275    i.wr_cmd            glcd_mcbstm32f200.o
    0x080033b8   0x00000008   Code   RO          276    i.wr_dat            glcd_mcbstm32f200.o
    0x080033c0   0x00000008   Code   RO          277    i.wr_dat_only       glcd_mcbstm32f200.o
    0x080033c8   0x00000014   Code   RO          278    i.wr_reg            glcd_mcbstm32f200.o
    0x080033dc   0x00000014   Data   RO          224    .constdata          semaphore.o
    0x080033f0   0x000018a0   Data   RO          245    .constdata          glcd_fonts.o
    0x08004c90   0x00000068   Data   RO          476    .constdata          rtx_conf_cm.o
    0x08004cf8   0x00000018   Data   RO         1422    .constdata          system_stm32f2xx.o
    0x08004d10   0x00000020   Data   RO         2939    Region$$Table       anon$$obj.o


    Execution Region ER_RW (Base: 0x20000000, Size: 0x00000068, Max: 0xffffffff, ABSOLUTE)

    Base Addr    Size         Type   Attr      Idx    E Section Name        Object

    0x20000000   0x00000010   Data   RW            8    .data               main.o
    0x20000010   0x0000000c   Data   RW          225    .data               semaphore.o
    0x2000001c   0x00000009   Data   RW          280    .data               glcd_mcbstm32f200.o
    0x20000025   0x00000003   PAD
    0x20000028   0x00000014   Data   RW          477    .data               rtx_conf_cm.o
    0x2000003c   0x00000004   Data   RW         1423    .data               system_stm32f2xx.o
    0x20000040   0x00000008   Data   RW         1551    .data               RTX_CM3.lib(rt_cmsis.o)
    0x20000048   0x00000008   Data   RW         2088    .data               RTX_CM3.lib(rt_task.o)
    0x20000050   0x00000004   Data   RW         2164    .data               RTX_CM3.lib(rt_time.o)
    0x20000054   0x00000008   Data   RW         2240    .data               RTX_CM3.lib(rt_system.o)
    0x2000005c   0x00000008   Data   RW         2528    .data               RTX_CM3.lib(rt_robin.o)
    0x20000064   0x00000001   Data   RW         2607    .data               RTX_CM3.lib(hal_cm.o)


    Execution Region ER_ZI (Base: 0x20000068, Size: 0x00001b98, Max: 0xffffffff, ABSOLUTE)

    Base Addr    Size         Type   Attr      Idx    E Section Name        Object

    0x20000068   0x00000044   Zero   RW          279    .bss                glcd_mcbstm32f200.o
    0x200000ac   0x00000004   PAD
    0x200000b0   0x00001488   Zero   RW          475    .bss                rtx_conf_cm.o
    0x20001538   0x00000034   Zero   RW         2087    .bss                RTX_CM3.lib(rt_task.o)
    0x2000156c   0x00000030   Zero   RW         2370    .bss                RTX_CM3.lib(rt_list.o)
    0x2000159c   0x00000060   Zero   RW         2665    .bss                c_w.l(libspace.o)
    0x200015fc   0x00000004   PAD
    0x20001600   0x00000200   Zero   RW         1411    HEAP                startup_stm32f207xx.o
    0x20001800   0x00000400   Zero   RW         1410    STACK               startup_stm32f207xx.o


==============================================================================

Image component sizes


      Code (inc. data)   RO Data    RW Data    ZI Data      Debug   Object Name

         0          0       6304          0          0        812   glcd_fonts.o
      2420         90          0          9         68      10542   glcd_mcbstm32f200.o
       240         22          0         16          0     628366   main.o
       170         36        104         20       5256       9595   rtx_conf_cm.o
       192         24         20         12          0       1914   semaphore.o
        64         26        388          0       1536        792   startup_stm32f207xx.o
       132         10          0          0          0       3592   stm32f2xx_hal.o
       272         22          0          0          0      30758   stm32f2xx_hal_cortex.o
       536         48          0          0          0       2440   stm32f2xx_hal_gpio.o
      1492         48          0          0          0       3772   stm32f2xx_hal_rcc.o
        90          0          0          0          0       1871   stm32f2xx_hal_sram.o
       228         10          0          0          0       2827   stm32f2xx_ll_fsmc.o
       276         38         24          4          0       1871   system_stm32f2xx.o

    ----------------------------------------------------------------------
      6120        374       6872         64       6864     699152   Object Totals
         0          0         32          0          0          0   (incl. Generated)
         8          0          0          3          4          0   (incl. Padding)

    ----------------------------------------------------------------------

      Code (inc. data)   RO Data    RW Data    ZI Data      Debug   Library Member Name

       238         24          0          1          0       3312   hal_cm.o
       304         36          0          0          0        768   hal_cm3.o
      1410        162          0          8          0      37453   rt_cmsis.o
        80          4          0          0          0        661   rt_event.o
       530         34          0          0         48       8253   rt_list.o
       554         10          0          0          0       3949   rt_mailbox.o
       140          0          0          0          0       1925   rt_membox.o
       128          0          0          0          0       2307   rt_memory.o
       352         14          0          0          0       2105   rt_mutex.o
        96         22          0          8          0       1158   rt_robin.o
       186         10          0          0          0       2902   rt_semaphore.o
       298         52          0          8          0       6223   rt_system.o
      1216        174          0          8         52       9649   rt_task.o
         6          0          0          4          0        652   rt_time.o
         4          4          0          0          0        208   svc_table.o
         8          0          0          0          0         68   __main.o
         0          0          0          0          0          0   __rtentry.o
        20          0          0          0          0          0   __rtentry2.o
         6          0          0          0          0          0   __rtentry4.o
        52          8          0          0          0          0   __scatter.o
        26          0          0          0          0          0   __scatter_copy.o
        28          0          0          0          0          0   __scatter_zi.o
        10          0          0          0          0         68   defsig_exit.o
        50          0          0          0          0         88   defsig_general.o
        80         58          0          0          0         76   defsig_rtmem_inner.o
        14          0          0          0          0         80   defsig_rtmem_outer.o
        12          0          0          0          0         72   exit.o
       158          0          0          0          0        128   h1_alloc_mt.o
        62          0          0          0          0         80   h1_extend_mt.o
       118          0          0          0          0        108   h1_free_mt.o
        18          0          0          0          0         84   h1_init_mt.o
         6          0          0          0          0        152   heapauxi.o
         4          0          0          0          0        136   hguard.o
         0          0          0          0          0          0   indicate_semi.o
       138          0          0          0          0        168   init_alloc.o
         2          0          0          0          0          0   libinit.o
        10          0          0          0          0          0   libinit2.o
         2          0          0          0          0          0   libshutdown.o
         2          0          0          0          0          0   libshutdown2.o
         8          4          0          0         96         68   libspace.o
       238          0          0          0          0        100   lludivv7m.o
         0          0          0          0          0          0   maybetermalloc1.o
        10          0          0          0          0         76   rt_heap_descriptor_twolibspace.o
         2          0          0          0          0          0   rtexit.o
        10          0          0          0          0          0   rtexit2.o
        12          4          0          0          0         68   sys_exit.o
        74          0          0          0          0         80   sys_stackheap_outer.o
        14          0          0          0          0         76   sys_wrch.o
         2          0          0          0          0         68   use_no_semi.o

    ----------------------------------------------------------------------
      6768        620          0         40        200      83369   Library Totals
        30          0          0          3          4          0   (incl. Padding)

    ----------------------------------------------------------------------

      Code (inc. data)   RO Data    RW Data    ZI Data      Debug   Library Name

      5542        546          0         37        100      81525   RTX_CM3.lib
      1196         74          0          0         96       1844   c_w.l

    ----------------------------------------------------------------------
      6768        620          0         40        200      83369   Library Totals

    ----------------------------------------------------------------------

==============================================================================


      Code (inc. data)   RO Data    RW Data    ZI Data      Debug   

     12888        994       6872        104       7064     775237   Grand Totals
     12888        994       6872        104       7064     775237   ELF Image Totals
     12888        994       6872        104          0          0   ROM Totals

==============================================================================

    Total RO  Size (Code + RO Data)                19760 (  19.30kB)
    Total RW  Size (RW Data + ZI Data)              7168 (   7.00kB)
    Total ROM Size (Code + RO Data + RW Data)      19864 (  19.40kB)

==============================================================================

