<html>
<body>
<pre>
<h1>µVision Build Log</h1>
<h2>Tool Versions:</h2>
IDE-Version: µVision V5.15
Copyright (C) 2015 ARM Ltd and ARM Germany GmbH. All rights reserved.
License Information: Maksim Kleverov, none, LIC=----
 
Tool Versions:
Toolchain:       MDK-Lite  Version: 5.15.0
Toolchain Path:  D:\Program FIles\Keil\ARM\ARMCC\Bin
C Compiler:      Armcc.exe V5.05 update 2 (build 169)
Assembler:       Armasm.exe V5.05 update 2 (build 169)
Linker/Locator:  ArmLink.exe V5.05 update 2 (build 169)
Library Manager: ArmAr.exe V5.05 update 2 (build 169)
Hex Converter:   FromElf.exe V5.05 update 2 (build 169)
CPU DLL:         SARMCM3.DLL V5.15.0
Dialog DLL:      DCM.DLL V1.13.2.0
Target DLL:      UL2CM3.DLL V1.155.8.0
Dialog DLL:      TCM.DLL V1.14.5.0
 
<h2>Project:</h2>
D:\Projects\Keil\lab3\lab3.uvprojx
Project File Date:  11/16/2018

<h2>Output:</h2>
*** Using Compiler 'V5.05 update 2 (build 169)', folder: 'D:\Program FIles\Keil\ARM\ARMCC\Bin'
Build target 'Target 1'
compiling main.c...
main.c(176): warning:  #177-D: variable "i" was declared but never referenced
        uint8_t i =156;
main.c(177): warning:  #177-D: variable "size" was declared but never referenced
        uint8_t size = 1;
main.c: 2 warnings, 0 errors
linking...
Program Size: Code=9860 RO-data=600 RW-data=88 ZI-data=8704  
".\Objects\lab3.axf" - 0 Error(s), 2 Warning(s).

<h2>Software Packages used:</h2>

Package Vendor: ARM
                http://www.keil.com/pack/ARM.CMSIS.5.4.0.pack
                ::CMSIS:RTOS:1.0.0 (API)
                CMSIS (Cortex Microcontroller Software Interface Standard)
   * Component: RTOS Version: 1.0.0
   * Component: CORE Version: 5.1.2
   * Component: DSP Version: 1.5.2
   * Component: Keil RTX Version: 4.81.1

Package Vendor: Keil
                http://www.keil.com/pack/Keil.ARM_Compiler.1.6.0.pack
                Keil.ARM Compiler::Compiler:I/O:STDOUT:ITM:1.2.0
                Keil ARM Compiler extensions for ARM Compiler 5 and ARM Compiler 6
   * Component: STDOUT Variant: ITM Version: 1.2.0
   * Component: STDIN Variant: ITM Version: 1.2.0

Package Vendor: Keil
                http://www.keil.com/pack/Keil.STM32F2xx_DFP.2.9.0.pack
                ::Device:STM32Cube Framework:1.0.0 (API)
                STMicroelectronics STM32F2 Series Device Support, Drivers and Examples
   * Component: STM32Cube Framework Version: 1.0.0
   * Component: Startup Version: 2.2.1
   * Component: Classic Version: 1.2.1
   * Component: Cortex Version: 1.2.1
   * Component: GPIO Version: 1.2.1
   * Component: Common Version: 1.2.1
   * Component: DMA Version: 1.2.1
   * Component: RCC Version: 1.2.1
   * Component: USART Version: 1.2.1
   * Component: UART Version: 1.2.1

<h2>Collection of Component include folders:</h2>
  D:\Projects\Keil\lab3\RTE
  D:\Projects\Keil\lab3\RTE\Device\STM32F207IGHx
  D:\Program FIles\Keil\ARM\PACK\ARM\CMSIS\5.4.0\CMSIS\Core\Include
  D:\Program FIles\Keil\ARM\PACK\ARM\CMSIS\5.4.0\CMSIS\DSP\Include
  D:\Program FIles\Keil\ARM\PACK\ARM\CMSIS\5.4.0\CMSIS\RTOS\RTX\INC
  D:\Program FIles\Keil\ARM\PACK\Keil\STM32F2xx_DFP\2.9.0\Drivers\CMSIS\Device\ST\STM32F2xx\Include
  D:\Program FIles\Keil\ARM\PACK\Keil\STM32F2xx_DFP\2.9.0\Drivers\STM32F2xx_HAL_Driver\Inc

<h2>Collection of Component Files used:</h2>

   * Component: ::CMSIS:RTOS:1.0.0 (API)

   * Component: ARM::CMSIS:CORE:5.1.2

   * Component: ARM::CMSIS:DSP:1.5.2
      Library file:  CMSIS\Lib\ARM\arm_cortexM3l_math.lib
      Include file:  CMSIS\DSP\Include\arm_math.h

   * Component: ARM::CMSIS:RTOS:Keil RTX:4.81.1
      Include file:  CMSIS\RTOS\RTX\UserCodeTemplates\osObjects.h
      Source file:   CMSIS\RTOS\RTX\UserCodeTemplates\main.c
      Include file:  CMSIS\RTOS\RTX\INC\cmsis_os.h
      Source file:   CMSIS\RTOS\RTX\Templates\RTX_Conf_CM.c
      Source file:   CMSIS\RTOS\RTX\UserCodeTemplates\Semaphore.c
      Source file:   CMSIS\RTOS\RTX\UserCodeTemplates\MemPool.c
      Source file:   CMSIS\RTOS\RTX\UserCodeTemplates\Mutex.c
      Source file:   CMSIS\RTOS\RTX\UserCodeTemplates\Thread.c
      Source file:   CMSIS\RTOS\RTX\UserCodeTemplates\MailQueue.c
      Library file:  CMSIS\RTOS\RTX\LIB\ARM\RTX_CM3.lib
      Source file:   CMSIS\RTOS\RTX\UserCodeTemplates\MsgQueue.c
      Source file:   CMSIS\RTOS\RTX\UserCodeTemplates\Timer.c
      Source file:   CMSIS\RTOS\RTX\SRC\ARM\SVC_Table.s

   * Component: Keil.ARM Compiler::Compiler:I/O:STDOUT:ITM:1.2.0
      Source file:   Source\retarget_io.c

   * Component: Keil.ARM Compiler::Compiler:I/O:STDIN:ITM:1.2.0
      Source file:   Source\retarget_io.c

   * Component: ::Device:STM32Cube Framework:1.0.0 (API)

   * Component: Keil::Device:Startup:2.2.1
      Include file:  Drivers\CMSIS\Device\ST\STM32F2xx\Include\stm32f2xx.h
      Source file:   Drivers\CMSIS\Device\ST\STM32F2xx\Source\Templates\arm\startup_stm32f207xx.s
      Source file:   MDK\Device\Source\ARM\STM32F2xx_OTP.s
      Source file:   Drivers\CMSIS\Device\ST\STM32F2xx\Source\Templates\system_stm32f2xx.c
      Source file:   MDK\Device\Source\ARM\STM32F2xx_OPT.s

   * Component: Keil::Device:STM32Cube Framework:Classic:1.2.1
      Include file:  MDK\Templates\Inc\stm32f2xx_hal_conf.h
      Source file:   MDK\Templates\Src\stm32f2xx_hal_msp.c
      Source file:   MDK\Templates\Src\main.c
      Source file:   MDK\Templates\Src\stm32f2xx_it.c
      Include file:  CMSIS\Driver\Config\RTE_Device.h
      Include file:  MDK\Templates\Inc\main.h
      Source file:   MDK\Templates_LL\Src\main.c
      Include file:  MDK\Templates\Inc\stm32f2xx_it.h
      Include file:  MDK\Templates_LL\Inc\main.h

   * Component: Keil::Device:STM32Cube HAL:Cortex:1.2.1
      Source file:   Drivers\STM32F2xx_HAL_Driver\Src\stm32f2xx_hal_cortex.c

   * Component: Keil::Device:STM32Cube HAL:GPIO:1.2.1
      Source file:   Drivers\STM32F2xx_HAL_Driver\Src\stm32f2xx_hal_gpio.c

   * Component: Keil::Device:STM32Cube HAL:Common:1.2.1
      Source file:   Drivers\STM32F2xx_HAL_Driver\Src\stm32f2xx_hal.c
      Include file:  Drivers\STM32F2xx_HAL_Driver\Inc\stm32f2xx_hal.h

   * Component: Keil::Device:STM32Cube HAL:DMA:1.2.1
      Source file:   Drivers\STM32F2xx_HAL_Driver\Src\stm32f2xx_hal_dma.c
      Source file:   Drivers\STM32F2xx_HAL_Driver\Src\stm32f2xx_hal_dma_ex.c

   * Component: Keil::Device:STM32Cube HAL:RCC:1.2.1
      Source file:   Drivers\STM32F2xx_HAL_Driver\Src\stm32f2xx_hal_rcc.c
      Source file:   Drivers\STM32F2xx_HAL_Driver\Src\stm32f2xx_hal_rcc_ex.c

   * Component: Keil::Device:STM32Cube HAL:USART:1.2.1
      Source file:   Drivers\STM32F2xx_HAL_Driver\Src\stm32f2xx_hal_usart.c

   * Component: Keil::Device:STM32Cube HAL:UART:1.2.1
      Source file:   Drivers\STM32F2xx_HAL_Driver\Src\stm32f2xx_hal_uart.c
</pre>
</body>
</html>
